  unity-2d-shell-1645  [002]  1670.242137: sched_stat_runtime: comm=unity-2d-shell pid=1645 runtime=250266 [ns] vruntime=287868982511 [ns]
  unity-2d-shell-1645  [002]  1670.242143: sched_switch: prev_comm=unity-2d-shell prev_pid=1645 prev_prio=120 prev_state=S ==> next_comm=swapper/2 next_pid=0 next_prio=120
          <idle>-0     [002]  1670.242225: sched_stat_sleep: comm=Xorg pid=1113 delay=104436 [ns]
          <idle>-0     [002]  1670.242226: sched_wakeup: comm=Xorg pid=1113 prio=120 success=1 target_cpu=002
          <idle>-0     [002]  1670.242240: sched_stat_wait: comm=Xorg pid=1113 delay=0 [ns]
          <idle>-0     [002]  1670.242241: sched_switch: prev_comm=swapper/2 prev_pid=0 prev_prio=120 prev_state=R ==> next_comm=Xorg next_pid=1113 next_prio=120
            Xorg-1113  [002]  1670.242880: sched_stat_runtime: comm=Xorg pid=1113 runtime=654621 [ns] vruntime=34129629666 [ns]
            Xorg-1113  [002]  1670.242906: sched_switch: prev_comm=Xorg prev_pid=1113 prev_prio=120 prev_state=S ==> next_comm=swapper/2 next_pid=0 next_prio=120
          <idle>-0     [002]  1670.243012: sched_stat_sleep: comm=pulseaudio pid=1643 delay=14206468 [ns]
          <idle>-0     [002]  1670.243014: sched_wakeup: comm=pulseaudio pid=1643 prio=109 success=1 target_cpu=002
          <idle>-0     [002]  1670.243033: sched_stat_wait: comm=pulseaudio pid=1643 delay=0 [ns]
          <idle>-0     [002]  1670.243034: sched_switch: prev_comm=swapper/2 prev_pid=0 prev_prio=120 prev_state=R ==> next_comm=pulseaudio next_pid=1643 next_prio=109
      pulseaudio-1643  [002]  1670.243074: sched_migrate_task: comm=threaded-ml pid=2994 prio=120 orig_cpu=2 dest_cpu=1
      pulseaudio-1643  [002]  1670.243101: sched_stat_runtime: comm=pulseaudio pid=1643 runtime=91186 [ns] vruntime=204973007 [ns]
      pulseaudio-1643  [002]  1670.243104: sched_switch: prev_comm=pulseaudio prev_pid=1643 prev_prio=109 prev_state=S ==> next_comm=swapper/2 next_pid=0 next_prio=120
          <idle>-0     [002]  1670.249694: sched_stat_sleep: comm=plugin-containe pid=2934 delay=28565349 [ns]
          <idle>-0     [002]  1670.249700: sched_wakeup: comm=plugin-containe pid=2934 prio=120 success=1 target_cpu=002
          <idle>-0     [002]  1670.249730: sched_stat_wait: comm=plugin-containe pid=2934 delay=0 [ns]
          <idle>-0     [002]  1670.249733: sched_switch: prev_comm=swapper/2 prev_pid=0 prev_prio=120 prev_state=R ==> next_comm=plugin-containe next_pid=2934 next_prio=120
           <...>-2934  [002]  1670.249933: sched_stat_runtime: comm=plugin-containe pid=2934 runtime=329724 [ns] vruntime=287863893824 [ns]
           <...>-2934  [002]  1670.249944: sched_switch: prev_comm=plugin-containe prev_pid=2934 prev_prio=120 prev_state=S ==> next_comm=swapper/2 next_pid=0 next_prio=120
          <idle>-0     [002]  1670.250465: sched_stat_sleep: comm=plugin-containe pid=2992 delay=95391141 [ns]
          <idle>-0     [002]  1670.250470: sched_wakeup: comm=plugin-containe pid=2992 prio=120 success=1 target_cpu=002
          <idle>-0     [002]  1670.250495: sched_stat_wait: comm=plugin-containe pid=2992 delay=0 [ns]
          <idle>-0     [002]  1670.250497: sched_switch: prev_comm=swapper/2 prev_pid=0 prev_prio=120 prev_state=R ==> next_comm=plugin-containe next_pid=2992 next_prio=120
 plugin-containe-2992  [002]  1670.250627: sched_stat_runtime: comm=plugin-containe pid=2992 runtime=169124 [ns] vruntime=287863151635 [ns]
 plugin-containe-2992  [002]  1670.250629: sched_stat_sleep: comm=plugin-containe pid=2934 delay=694711 [ns]
 plugin-containe-2992  [002]  1670.250629: sched_wakeup: comm=plugin-containe pid=2934 prio=120 success=1 target_cpu=002
 plugin-containe-2992  [002]  1670.251540: sched_stat_runtime: comm=plugin-containe pid=2992 runtime=539389 [ns] vruntime=287864063818 [ns]
 plugin-containe-2992  [002]  1670.251559: sched_switch: prev_comm=plugin-containe prev_pid=2992 prev_prio=120 prev_state=S ==> next_comm=swapper/2 next_pid=0 next_prio=120
          <idle>-0     [002]  1670.252066: sched_stat_sleep: comm=Xorg pid=1113 delay=301309 [ns]
          <idle>-0     [002]  1670.252071: sched_wakeup: comm=Xorg pid=1113 prio=120 success=1 target_cpu=002
          <idle>-0     [002]  1670.252093: sched_stat_wait: comm=Xorg pid=1113 delay=0 [ns]
          <idle>-0     [002]  1670.252095: sched_switch: prev_comm=swapper/2 prev_pid=0 prev_prio=120 prev_state=R ==> next_comm=Xorg next_pid=1113 next_prio=120
            Xorg-1113  [002]  1670.252633: softirq_raise: vec=1 [action=TIMER]
            Xorg-1113  [002]  1670.252647: sched_stat_runtime: comm=Xorg pid=1113 runtime=583769 [ns] vruntime=34130213435 [ns]
            Xorg-1113  [002]  1670.252659: softirq_entry: vec=1 [action=TIMER]
            Xorg-1113  [002]  1670.252662: softirq_exit: vec=1 [action=TIMER]
            Xorg-1113  [002]  1670.252994: sched_migrate_task: comm=metacity pid=1630 prio=120 orig_cpu=1 dest_cpu=0
            Xorg-1113  [002]  1670.253112: sched_stat_runtime: comm=Xorg pid=1113 runtime=466688 [ns] vruntime=34130680123 [ns]
            Xorg-1113  [002]  1670.253122: sched_switch: prev_comm=Xorg prev_pid=1113 prev_prio=120 prev_state=S ==> next_comm=swapper/2 next_pid=0 next_prio=120
          <idle>-0     [002]  1670.253832: sched_stat_sleep: comm=metacity pid=1630 delay=300505 [ns]
          <idle>-0     [002]  1670.253837: sched_wakeup: comm=metacity pid=1630 prio=120 success=1 target_cpu=002
          <idle>-0     [002]  1670.253852: sched_stat_wait: comm=metacity pid=1630 delay=0 [ns]
          <idle>-0     [002]  1670.253854: sched_switch: prev_comm=swapper/2 prev_pid=0 prev_prio=120 prev_state=R ==> next_comm=metacity next_pid=1630 next_prio=120
        metacity-1630  [002]  1670.253966: sched_migrate_task: comm=Xorg pid=1113 prio=120 orig_cpu=1 dest_cpu=0
        metacity-1630  [002]  1670.253991: sched_stat_runtime: comm=metacity pid=1630 runtime=163437 [ns] vruntime=287867103962 [ns]
        metacity-1630  [002]  1670.253997: sched_switch: prev_comm=metacity prev_pid=1630 prev_prio=120 prev_state=S ==> next_comm=swapper/2 next_pid=0 next_prio=120
          <idle>-0     [002]  1670.256222: sched_stat_sleep: comm=unity-2d-shell pid=1645 delay=14096260 [ns]
          <idle>-0     [002]  1670.256226: sched_wakeup: comm=unity-2d-shell pid=1645 prio=120 success=1 target_cpu=002
          <idle>-0     [002]  1670.256249: sched_stat_wait: comm=unity-2d-shell pid=1645 delay=0 [ns]
          <idle>-0     [002]  1670.256251: sched_switch: prev_comm=swapper/2 prev_pid=0 prev_prio=120 prev_state=R ==> next_comm=unity-2d-shell next_pid=1645 next_prio=120
  unity-2d-shell-1645  [002]  1670.256532: softirq_raise: vec=1 [action=TIMER]
  unity-2d-shell-1645  [002]  1670.256537: sched_stat_runtime: comm=unity-2d-shell pid=1645 runtime=318144 [ns] vruntime=287869300655 [ns]
  unity-2d-shell-1645  [002]  1670.256545: softirq_entry: vec=1 [action=TIMER]
  unity-2d-shell-1645  [002]  1670.256545: softirq_exit: vec=1 [action=TIMER]
  unity-2d-shell-1645  [002]  1670.256769: sched_stat_runtime: comm=unity-2d-shell pid=1645 runtime=232824 [ns] vruntime=287869533479 [ns]
  unity-2d-shell-1645  [002]  1670.256777: sched_switch: prev_comm=unity-2d-shell prev_pid=1645 prev_prio=120 prev_state=S ==> next_comm=swapper/2 next_pid=0 next_prio=120
          <idle>-0     [002]  1670.257606: sched_stat_sleep: comm=Xorg pid=1113 delay=609026 [ns]
          <idle>-0     [002]  1670.257610: sched_wakeup: comm=Xorg pid=1113 prio=120 success=1 target_cpu=002
          <idle>-0     [002]  1670.257632: sched_stat_wait: comm=Xorg pid=1113 delay=0 [ns]
          <idle>-0     [002]  1670.257634: sched_switch: prev_comm=swapper/2 prev_pid=0 prev_prio=120 prev_state=R ==> next_comm=Xorg next_pid=1113 next_prio=120
            Xorg-1113  [002]  1670.257803: sched_migrate_task: comm=metacity pid=1630 prio=120 orig_cpu=1 dest_cpu=0
            Xorg-1113  [002]  1670.257872: sched_stat_runtime: comm=Xorg pid=1113 runtime=270459 [ns] vruntime=34130950582 [ns]
            Xorg-1113  [002]  1670.257879: sched_switch: prev_comm=Xorg prev_pid=1113 prev_prio=120 prev_state=S ==> next_comm=swapper/2 next_pid=0 next_prio=120
          <idle>-0     [002]  1670.258080: sched_stat_sleep: comm=Xorg pid=1113 delay=207107 [ns]
          <idle>-0     [002]  1670.258082: sched_wakeup: comm=Xorg pid=1113 prio=120 success=1 target_cpu=002
          <idle>-0     [002]  1670.258102: sched_stat_wait: comm=Xorg pid=1113 delay=0 [ns]
          <idle>-0     [002]  1670.258103: sched_switch: prev_comm=swapper/2 prev_pid=0 prev_prio=120 prev_state=R ==> next_comm=Xorg next_pid=1113 next_prio=120
            Xorg-1113  [002]  1670.258192: sched_stat_runtime: comm=Xorg pid=1113 runtime=112778 [ns] vruntime=34131063360 [ns]
            Xorg-1113  [002]  1670.258195: sched_switch: prev_comm=Xorg prev_pid=1113 prev_prio=120 prev_state=S ==> next_comm=swapper/2 next_pid=0 next_prio=120
          <idle>-0     [002]  1670.258891: sched_stat_sleep: comm=metacity pid=1630 delay=602014 [ns]
          <idle>-0     [002]  1670.258895: sched_wakeup: comm=metacity pid=1630 prio=120 success=1 target_cpu=002
          <idle>-0     [002]  1670.258916: sched_stat_wait: comm=metacity pid=1630 delay=0 [ns]
          <idle>-0     [002]  1670.258918: sched_switch: prev_comm=swapper/2 prev_pid=0 prev_prio=120 prev_state=R ==> next_comm=metacity next_pid=1630 next_prio=120
        metacity-1630  [002]  1670.258994: sched_stat_runtime: comm=metacity pid=1630 runtime=107997 [ns] vruntime=287867556640 [ns]
        metacity-1630  [002]  1670.259001: sched_switch: prev_comm=metacity prev_pid=1630 prev_prio=120 prev_state=S ==> next_comm=swapper/2 next_pid=0 next_prio=120
          <idle>-0     [002]  1670.263071: sched_stat_sleep: comm=threaded-ml pid=2994 delay=19838788 [ns]
          <idle>-0     [002]  1670.263075: sched_wakeup: comm=threaded-ml pid=2994 prio=120 success=1 target_cpu=002
          <idle>-0     [002]  1670.263091: sched_stat_wait: comm=threaded-ml pid=2994 delay=0 [ns]
          <idle>-0     [002]  1670.263093: sched_switch: prev_comm=swapper/2 prev_pid=0 prev_prio=120 prev_state=R ==> next_comm=threaded-ml next_pid=2994 next_prio=120
     threaded-ml-2994  [002]  1670.263168: sched_stat_runtime: comm=threaded-ml pid=2994 runtime=178892 [ns] vruntime=287865884308 [ns]
     threaded-ml-2994  [002]  1670.263176: sched_switch: prev_comm=threaded-ml prev_pid=2994 prev_prio=120 prev_state=S ==> next_comm=swapper/2 next_pid=0 next_prio=120
          <idle>-0     [002]  1670.263554: sched_stat_sleep: comm=VBoxService pid=915 delay=500109965 [ns]
          <idle>-0     [002]  1670.263560: sched_wakeup: comm=VBoxService pid=915 prio=120 success=1 target_cpu=002
          <idle>-0     [002]  1670.263578: sched_stat_wait: comm=VBoxService pid=915 delay=0 [ns]
          <idle>-0     [002]  1670.263579: sched_switch: prev_comm=swapper/2 prev_pid=0 prev_prio=120 prev_state=R ==> next_comm=VBoxService next_pid=915 next_prio=120
     VBoxService-915   [002]  1670.263590: sched_stat_runtime: comm=VBoxService pid=915 runtime=40871 [ns] vruntime=89385860 [ns]
     VBoxService-915   [002]  1670.263597: sched_switch: prev_comm=VBoxService prev_pid=915 prev_prio=120 prev_state=S ==> next_comm=swapper/2 next_pid=0 next_prio=120
          <idle>-0     [002]  1670.274795: sched_stat_sleep: comm=Xorg pid=1113 delay=15881201 [ns]
          <idle>-0     [002]  1670.274798: sched_wakeup: comm=Xorg pid=1113 prio=120 success=1 target_cpu=002
          <idle>-0     [002]  1670.274815: sched_stat_wait: comm=Xorg pid=1113 delay=0 [ns]
          <idle>-0     [002]  1670.274817: sched_switch: prev_comm=swapper/2 prev_pid=0 prev_prio=120 prev_state=R ==> next_comm=Xorg next_pid=1113 next_prio=120
            Xorg-1113  [002]  1670.274934: sched_migrate_task: comm=unity-2d-shell pid=1645 prio=120 orig_cpu=1 dest_cpu=0
            Xorg-1113  [002]  1670.274976: sched_stat_runtime: comm=Xorg pid=1113 runtime=246348 [ns] vruntime=34131309708 [ns]
            Xorg-1113  [002]  1670.274981: sched_switch: prev_comm=Xorg prev_pid=1113 prev_prio=120 prev_state=S ==> next_comm=swapper/2 next_pid=0 next_prio=120
          <idle>-0     [002]  1670.276210: sched_stat_sleep: comm=metacity pid=1630 delay=17226597 [ns]
          <idle>-0     [002]  1670.276215: sched_wakeup: comm=metacity pid=1630 prio=120 success=1 target_cpu=002
          <idle>-0     [002]  1670.276243: sched_stat_wait: comm=metacity pid=1630 delay=0 [ns]
          <idle>-0     [002]  1670.276246: sched_switch: prev_comm=swapper/2 prev_pid=0 prev_prio=120 prev_state=R ==> next_comm=metacity next_pid=1630 next_prio=120
        metacity-1630  [002]  1670.276389: sched_stat_runtime: comm=metacity pid=1630 runtime=183500 [ns] vruntime=287867740140 [ns]
        metacity-1630  [002]  1670.276398: sched_switch: prev_comm=metacity prev_pid=1630 prev_prio=120 prev_state=S ==> next_comm=swapper/2 next_pid=0 next_prio=120
          <idle>-0     [002]  1670.276818: sched_stat_sleep: comm=metacity pid=1630 delay=424376 [ns]
          <idle>-0     [002]  1670.276824: sched_wakeup: comm=metacity pid=1630 prio=120 success=1 target_cpu=002
          <idle>-0     [002]  1670.276851: sched_stat_wait: comm=metacity pid=1630 delay=0 [ns]
          <idle>-0     [002]  1670.276853: sched_switch: prev_comm=swapper/2 prev_pid=0 prev_prio=120 prev_state=R ==> next_comm=metacity next_pid=1630 next_prio=120
        metacity-1630  [002]  1670.277018: sched_migrate_task: comm=Xorg pid=1113 prio=120 orig_cpu=1 dest_cpu=0
        metacity-1630  [002]  1670.277050: sched_stat_runtime: comm=metacity pid=1630 runtime=236787 [ns] vruntime=287867976927 [ns]
        metacity-1630  [002]  1670.277060: sched_switch: prev_comm=metacity prev_pid=1630 prev_prio=120 prev_state=S ==> next_comm=swapper/2 next_pid=0 next_prio=120
          <idle>-0     [002]  1670.281953: sched_stat_sleep: comm=plugin-containe pid=2934 delay=30493196 [ns]
          <idle>-0     [002]  1670.281958: sched_wakeup: comm=plugin-containe pid=2934 prio=120 success=1 target_cpu=002
          <idle>-0     [002]  1670.281982: sched_stat_wait: comm=plugin-containe pid=2934 delay=0 [ns]
          <idle>-0     [002]  1670.281984: sched_switch: prev_comm=swapper/2 prev_pid=0 prev_prio=120 prev_state=R ==> next_comm=plugin-containe next_pid=2934 next_prio=120
           <...>-2934  [002]  1670.282137: sched_stat_runtime: comm=plugin-containe pid=2934 runtime=273267 [ns] vruntime=287863806746 [ns]
           <...>-2934  [002]  1670.282147: sched_switch: prev_comm=plugin-containe prev_pid=2934 prev_prio=120 prev_state=S ==> next_comm=swapper/2 next_pid=0 next_prio=120
          <idle>-0     [002]  1670.282760: sched_stat_sleep: comm=plugin-containe pid=2934 delay=619676 [ns]
          <idle>-0     [002]  1670.282764: sched_wakeup: comm=plugin-containe pid=2934 prio=120 success=1 target_cpu=002
          <idle>-0     [002]  1670.282766: sched_stat_sleep: comm=plugin-containe pid=2993 delay=95642826 [ns]
          <idle>-0     [002]  1670.282766: sched_wakeup: comm=plugin-containe pid=2993 prio=120 success=1 target_cpu=002
          <idle>-0     [002]  1670.282790: sched_stat_wait: comm=plugin-containe pid=2993 delay=0 [ns]
          <idle>-0     [002]  1670.282792: sched_switch: prev_comm=swapper/2 prev_pid=0 prev_prio=120 prev_state=R ==> next_comm=plugin-containe next_pid=2993 next_prio=120
 plugin-containe-2993  [002]  1670.284130: sched_stat_runtime: comm=plugin-containe pid=2993 runtime=993583 [ns] vruntime=287864892666 [ns]
 plugin-containe-2993  [002]  1670.284193: sched_switch: prev_comm=plugin-containe prev_pid=2993 prev_prio=120 prev_state=S ==> next_comm=swapper/2 next_pid=0 next_prio=120
          <idle>-0     [002]  1670.284656: sched_stat_sleep: comm=metacity pid=1630 delay=6531081 [ns]
          <idle>-0     [002]  1670.284661: sched_wakeup: comm=metacity pid=1630 prio=120 success=1 target_cpu=002
          <idle>-0     [002]  1670.284682: sched_stat_wait: comm=metacity pid=1630 delay=0 [ns]
          <idle>-0     [002]  1670.284683: sched_switch: prev_comm=swapper/2 prev_pid=0 prev_prio=120 prev_state=R ==> next_comm=metacity next_pid=1630 next_prio=120
        metacity-1630  [002]  1670.284775: sched_migrate_task: comm=Xorg pid=1113 prio=120 orig_cpu=1 dest_cpu=0
        metacity-1630  [002]  1670.284801: sched_stat_runtime: comm=metacity pid=1630 runtime=149782 [ns] vruntime=287867534014 [ns]
        metacity-1630  [002]  1670.284808: sched_switch: prev_comm=metacity prev_pid=1630 prev_prio=120 prev_state=S ==> next_comm=swapper/2 next_pid=0 next_prio=120
          <idle>-0     [002]  1670.285322: sched_stat_sleep: comm=Xorg pid=1113 delay=258604 [ns]
          <idle>-0     [002]  1670.285326: sched_wakeup: comm=Xorg pid=1113 prio=120 success=1 target_cpu=002
          <idle>-0     [002]  1670.285346: sched_stat_wait: comm=Xorg pid=1113 delay=0 [ns]
          <idle>-0     [002]  1670.285348: sched_switch: prev_comm=swapper/2 prev_pid=0 prev_prio=120 prev_state=R ==> next_comm=Xorg next_pid=1113 next_prio=120
            Xorg-1113  [002]  1670.287285: sched_migrate_task: comm=metacity pid=1630 prio=120 orig_cpu=1 dest_cpu=0
            Xorg-1113  [002]  1670.287434: sched_stat_runtime: comm=Xorg pid=1113 runtime=2112085 [ns] vruntime=34133421793 [ns]
            Xorg-1113  [002]  1670.287456: sched_switch: prev_comm=Xorg prev_pid=1113 prev_prio=120 prev_state=S ==> next_comm=swapper/2 next_pid=0 next_prio=120
          <idle>-0     [002]  1670.287573: sched_stat_sleep: comm=unity-2d-shell pid=1645 delay=11102145 [ns]
          <idle>-0     [002]  1670.287574: sched_wakeup: comm=unity-2d-shell pid=1645 prio=120 success=1 target_cpu=002
          <idle>-0     [002]  1670.287592: sched_stat_wait: comm=unity-2d-shell pid=1645 delay=0 [ns]
          <idle>-0     [002]  1670.287593: sched_switch: prev_comm=swapper/2 prev_pid=0 prev_prio=120 prev_state=R ==> next_comm=unity-2d-shell next_pid=1645 next_prio=120
  unity-2d-shell-1645  [002]  1670.288511: softirq_raise: vec=1 [action=TIMER]
  unity-2d-shell-1645  [002]  1670.288518: sched_stat_runtime: comm=unity-2d-shell pid=1645 runtime=949143 [ns] vruntime=287870482622 [ns]
  unity-2d-shell-1645  [002]  1670.288520: softirq_raise: vec=7 [action=SCHED]
  unity-2d-shell-1645  [002]  1670.288527: softirq_entry: vec=1 [action=TIMER]
  unity-2d-shell-1645  [002]  1670.288528: softirq_exit: vec=1 [action=TIMER]
  unity-2d-shell-1645  [002]  1670.288528: softirq_entry: vec=7 [action=SCHED]
  unity-2d-shell-1645  [002]  1670.288534: softirq_exit: vec=7 [action=SCHED]
  unity-2d-shell-1645  [002]  1670.288586: sched_migrate_task: comm=Xorg pid=1113 prio=120 orig_cpu=2 dest_cpu=0
  unity-2d-shell-1645  [002]  1670.288610: sched_stat_runtime: comm=unity-2d-shell pid=1645 runtime=92698 [ns] vruntime=287870575320 [ns]
  unity-2d-shell-1645  [002]  1670.288615: sched_switch: prev_comm=unity-2d-shell prev_pid=1645 prev_prio=120 prev_state=S ==> next_comm=swapper/2 next_pid=0 next_prio=120
          <idle>-0     [002]  1670.289533: sched_stat_sleep: comm=Xorg pid=1113 delay=694039 [ns]
          <idle>-0     [002]  1670.289537: sched_wakeup: comm=Xorg pid=1113 prio=120 success=1 target_cpu=002
          <idle>-0     [002]  1670.289560: sched_stat_wait: comm=Xorg pid=1113 delay=0 [ns]
          <idle>-0     [002]  1670.289561: sched_switch: prev_comm=swapper/2 prev_pid=0 prev_prio=120 prev_state=R ==> next_comm=Xorg next_pid=1113 next_prio=120
            Xorg-1113  [002]  1670.289804: sched_stat_runtime: comm=Xorg pid=1113 runtime=274562 [ns] vruntime=34133696355 [ns]
            Xorg-1113  [002]  1670.289811: sched_switch: prev_comm=Xorg prev_pid=1113 prev_prio=120 prev_state=S ==> next_comm=swapper/2 next_pid=0 next_prio=120
          <idle>-0     [002]  1670.290019: sched_stat_sleep: comm=Xorg pid=1113 delay=215156 [ns]
          <idle>-0     [002]  1670.290021: sched_wakeup: comm=Xorg pid=1113 prio=120 success=1 target_cpu=002
          <idle>-0     [002]  1670.290037: sched_stat_wait: comm=Xorg pid=1113 delay=0 [ns]
          <idle>-0     [002]  1670.290038: sched_switch: prev_comm=swapper/2 prev_pid=0 prev_prio=120 prev_state=R ==> next_comm=Xorg next_pid=1113 next_prio=120
            Xorg-1113  [002]  1670.290129: sched_stat_runtime: comm=Xorg pid=1113 runtime=110982 [ns] vruntime=34133807337 [ns]
            Xorg-1113  [002]  1670.290131: sched_switch: prev_comm=Xorg prev_pid=1113 prev_prio=120 prev_state=S ==> next_comm=swapper/2 next_pid=0 next_prio=120
          <idle>-0     [002]  1670.290896: sched_stat_sleep: comm=metacity pid=1630 delay=674160 [ns]
          <idle>-0     [002]  1670.290900: sched_wakeup: comm=metacity pid=1630 prio=120 success=1 target_cpu=002
          <idle>-0     [002]  1670.290922: sched_stat_wait: comm=metacity pid=1630 delay=0 [ns]
          <idle>-0     [002]  1670.290923: sched_switch: prev_comm=swapper/2 prev_pid=0 prev_prio=120 prev_state=R ==> next_comm=metacity next_pid=1630 next_prio=120
        metacity-1630  [002]  1670.290998: sched_stat_runtime: comm=metacity pid=1630 runtime=106118 [ns] vruntime=287869286397 [ns]
        metacity-1630  [002]  1670.291004: sched_switch: prev_comm=metacity prev_pid=1630 prev_prio=120 prev_state=S ==> next_comm=swapper/2 next_pid=0 next_prio=120
          <idle>-0     [002]  1670.306044: sched_stat_sleep: comm=pulseaudio pid=1643 delay=21853609 [ns]
          <idle>-0     [002]  1670.306048: sched_wakeup: comm=pulseaudio pid=1643 prio=109 success=1 target_cpu=002
          <idle>-0     [002]  1670.306074: sched_stat_wait: comm=pulseaudio pid=1643 delay=0 [ns]
          <idle>-0     [002]  1670.306076: sched_switch: prev_comm=swapper/2 prev_pid=0 prev_prio=120 prev_state=R ==> next_comm=pulseaudio next_pid=1643 next_prio=109
      pulseaudio-1643  [002]  1670.306132: sched_migrate_task: comm=threaded-ml pid=2994 prio=120 orig_cpu=0 dest_cpu=2
      pulseaudio-1643  [002]  1670.306133: sched_stat_sleep: comm=threaded-ml pid=2994 delay=21965031 [ns]
      pulseaudio-1643  [002]  1670.306134: sched_wakeup: comm=threaded-ml pid=2994 prio=120 success=1 target_cpu=002
      pulseaudio-1643  [002]  1670.306169: sched_stat_runtime: comm=pulseaudio pid=1643 runtime=219830 [ns] vruntime=204991898 [ns]
      pulseaudio-1643  [002]  1670.306177: sched_switch: prev_comm=pulseaudio prev_pid=1643 prev_prio=109 prev_state=S ==> next_comm=swapper/2 next_pid=0 next_prio=120
          <idle>-0     [002]  1670.306260: sched_stat_sleep: comm=Xorg pid=1113 delay=15403814 [ns]
          <idle>-0     [002]  1670.306261: sched_wakeup: comm=Xorg pid=1113 prio=120 success=1 target_cpu=002
          <idle>-0     [002]  1670.306280: sched_stat_wait: comm=Xorg pid=1113 delay=0 [ns]
          <idle>-0     [002]  1670.306281: sched_switch: prev_comm=swapper/2 prev_pid=0 prev_prio=120 prev_state=R ==> next_comm=Xorg next_pid=1113 next_prio=120
            Xorg-1113  [002]  1670.306371: sched_migrate_task: comm=unity-2d-shell pid=1645 prio=120 orig_cpu=1 dest_cpu=0
            Xorg-1113  [002]  1670.306407: sched_stat_runtime: comm=Xorg pid=1113 runtime=147202 [ns] vruntime=34133954539 [ns]
            Xorg-1113  [002]  1670.306421: sched_switch: prev_comm=Xorg prev_pid=1113 prev_prio=120 prev_state=S ==> next_comm=swapper/2 next_pid=0 next_prio=120
          <idle>-0     [002]  1670.306490: sched_stat_sleep: comm=pulseaudio pid=1643 delay=321247 [ns]
          <idle>-0     [002]  1670.306491: sched_wakeup: comm=pulseaudio pid=1643 prio=109 success=1 target_cpu=002
          <idle>-0     [002]  1670.306507: sched_stat_wait: comm=pulseaudio pid=1643 delay=0 [ns]
          <idle>-0     [002]  1670.306507: sched_switch: prev_comm=swapper/2 prev_pid=0 prev_prio=120 prev_state=R ==> next_comm=pulseaudio next_pid=1643 next_prio=109
      pulseaudio-1643  [002]  1670.306598: sched_stat_runtime: comm=pulseaudio pid=1643 runtime=108132 [ns] vruntime=205001190 [ns]
      pulseaudio-1643  [002]  1670.306606: sched_switch: prev_comm=pulseaudio prev_pid=1643 prev_prio=109 prev_state=S ==> next_comm=swapper/2 next_pid=0 next_prio=120
          <idle>-0     [002]  1670.307563: sched_stat_sleep: comm=metacity pid=1630 delay=16576100 [ns]
          <idle>-0     [002]  1670.307567: sched_wakeup: comm=metacity pid=1630 prio=120 success=1 target_cpu=002
          <idle>-0     [002]  1670.307593: sched_stat_wait: comm=metacity pid=1630 delay=0 [ns]
          <idle>-0     [002]  1670.307595: sched_switch: prev_comm=swapper/2 prev_pid=0 prev_prio=120 prev_state=R ==> next_comm=metacity next_pid=1630 next_prio=120
        metacity-1630  [002]  1670.307715: sched_stat_runtime: comm=metacity pid=1630 runtime=156244 [ns] vruntime=287869442641 [ns]
        metacity-1630  [002]  1670.307721: sched_switch: prev_comm=metacity prev_pid=1630 prev_prio=120 prev_state=S ==> next_comm=swapper/2 next_pid=0 next_prio=120
          <idle>-0     [002]  1670.307848: sched_stat_sleep: comm=metacity pid=1630 delay=133356 [ns]
          <idle>-0     [002]  1670.307849: sched_wakeup: comm=metacity pid=1630 prio=120 success=1 target_cpu=002
          <idle>-0     [002]  1670.307862: sched_stat_wait: comm=metacity pid=1630 delay=0 [ns]
          <idle>-0     [002]  1670.307863: sched_switch: prev_comm=swapper/2 prev_pid=0 prev_prio=120 prev_state=R ==> next_comm=metacity next_pid=1630 next_prio=120
        metacity-1630  [002]  1670.307919: sched_migrate_task: comm=Xorg pid=1113 prio=120 orig_cpu=1 dest_cpu=0
        metacity-1630  [002]  1670.307932: sched_stat_runtime: comm=metacity pid=1630 runtime=85283 [ns] vruntime=287869527924 [ns]
        metacity-1630  [002]  1670.307934: sched_switch: prev_comm=metacity prev_pid=1630 prev_prio=120 prev_state=S ==> next_comm=swapper/2 next_pid=0 next_prio=120
          <idle>-0     [002]  1670.314533: sched_stat_sleep: comm=plugin-containe pid=2934 delay=30582754 [ns]
          <idle>-0     [002]  1670.314536: sched_wakeup: comm=plugin-containe pid=2934 prio=120 success=1 target_cpu=002
          <idle>-0     [002]  1670.314552: sched_stat_wait: comm=plugin-containe pid=2934 delay=0 [ns]
          <idle>-0     [002]  1670.314553: sched_switch: prev_comm=swapper/2 prev_pid=0 prev_prio=120 prev_state=R ==> next_comm=plugin-containe next_pid=2934 next_prio=120
           <...>-2934  [002]  1670.314764: sched_stat_runtime: comm=plugin-containe pid=2934 runtime=668756 [ns] vruntime=287865244076 [ns]
           <...>-2934  [002]  1670.314771: sched_switch: prev_comm=plugin-containe prev_pid=2934 prev_prio=120 prev_state=S ==> next_comm=swapper/2 next_pid=0 next_prio=120
          <idle>-0     [002]  1670.315392: sched_stat_sleep: comm=plugin-containe pid=2991 delay=91481837 [ns]
          <idle>-0     [002]  1670.315393: sched_wakeup: comm=plugin-containe pid=2991 prio=120 success=1 target_cpu=002
          <idle>-0     [002]  1670.315466: sched_stat_wait: comm=plugin-containe pid=2991 delay=0 [ns]
          <idle>-0     [002]  1670.315467: sched_switch: prev_comm=swapper/2 prev_pid=0 prev_prio=120 prev_state=R ==> next_comm=plugin-containe next_pid=2991 next_prio=120
 plugin-containe-2991  [002]  1670.315501: sched_stat_runtime: comm=plugin-containe pid=2991 runtime=110135 [ns] vruntime=287866857370 [ns]
 plugin-containe-2991  [002]  1670.315502: sched_stat_sleep: comm=plugin-containe pid=2934 delay=737826 [ns]
 plugin-containe-2991  [002]  1670.315502: sched_wakeup: comm=plugin-containe pid=2934 prio=120 success=1 target_cpu=002
 plugin-containe-2991  [002]  1670.316552: softirq_raise: vec=1 [action=TIMER]
 plugin-containe-2991  [002]  1670.316562: sched_stat_runtime: comm=plugin-containe pid=2991 runtime=617819 [ns] vruntime=287867919276 [ns]
 plugin-containe-2991  [002]  1670.316583: softirq_entry: vec=1 [action=TIMER]
 plugin-containe-2991  [002]  1670.316584: softirq_exit: vec=1 [action=TIMER]
 plugin-containe-2991  [002]  1670.316782: sched_stat_runtime: comm=plugin-containe pid=2991 runtime=220846 [ns] vruntime=287868140122 [ns]
 plugin-containe-2991  [002]  1670.316793: sched_switch: prev_comm=plugin-containe prev_pid=2991 prev_prio=120 prev_state=S ==> next_comm=swapper/2 next_pid=0 next_prio=120
          <idle>-0     [002]  1670.316932: sched_stat_sleep: comm=Xorg pid=1113 delay=213147 [ns]
          <idle>-0     [002]  1670.316935: sched_wakeup: comm=Xorg pid=1113 prio=120 success=1 target_cpu=002
          <idle>-0     [002]  1670.316952: sched_stat_wait: comm=Xorg pid=1113 delay=0 [ns]
          <idle>-0     [002]  1670.316953: sched_switch: prev_comm=swapper/2 prev_pid=0 prev_prio=120 prev_state=R ==> next_comm=Xorg next_pid=1113 next_prio=120
            Xorg-1113  [002]  1670.317474: sched_migrate_task: comm=metacity pid=1630 prio=120 orig_cpu=1 dest_cpu=0
            Xorg-1113  [002]  1670.317574: sched_stat_runtime: comm=Xorg pid=1113 runtime=642697 [ns] vruntime=34134597236 [ns]
            Xorg-1113  [002]  1670.317583: sched_switch: prev_comm=Xorg prev_pid=1113 prev_prio=120 prev_state=S ==> next_comm=swapper/2 next_pid=0 next_prio=120
          <idle>-0     [002]  1670.317961: sched_stat_sleep: comm=plugin-containe pid=2986 delay=15224558 [ns]
          <idle>-0     [002]  1670.317965: sched_wakeup: comm=plugin-containe pid=2986 prio=120 success=1 target_cpu=002
          <idle>-0     [002]  1670.317986: sched_stat_wait: comm=plugin-containe pid=2986 delay=0 [ns]
          <idle>-0     [002]  1670.317987: sched_switch: prev_comm=swapper/2 prev_pid=0 prev_prio=120 prev_state=R ==> next_comm=plugin-containe next_pid=2986 next_prio=120
           <...>-2986  [002]  1670.318045: sched_stat_runtime: comm=plugin-containe pid=2986 runtime=89091 [ns] vruntime=287864664411 [ns]
           <...>-2986  [002]  1670.318051: sched_switch: prev_comm=plugin-containe prev_pid=2986 prev_prio=120 prev_state=S ==> next_comm=swapper/2 next_pid=0 next_prio=120
          <idle>-0     [002]  1670.318075: sched_stat_sleep: comm=metacity pid=1630 delay=190649 [ns]
          <idle>-0     [002]  1670.318076: sched_wakeup: comm=metacity pid=1630 prio=120 success=1 target_cpu=002
          <idle>-0     [002]  1670.318088: sched_stat_wait: comm=metacity pid=1630 delay=0 [ns]
          <idle>-0     [002]  1670.318088: sched_switch: prev_comm=swapper/2 prev_pid=0 prev_prio=120 prev_state=R ==> next_comm=metacity next_pid=1630 next_prio=120
        metacity-1630  [002]  1670.318187: sched_migrate_task: comm=Xorg pid=1113 prio=120 orig_cpu=1 dest_cpu=0
        metacity-1630  [002]  1670.318212: sched_stat_runtime: comm=metacity pid=1630 runtime=136388 [ns] vruntime=287869442598 [ns]
        metacity-1630  [002]  1670.318214: sched_switch: prev_comm=metacity prev_pid=1630 prev_prio=120 prev_state=S ==> next_comm=swapper/2 next_pid=0 next_prio=120
          <idle>-0     [002]  1670.321308: sched_stat_sleep: comm=unity-2d-shell pid=1645 delay=269749 [ns]
          <idle>-0     [002]  1670.321312: sched_wakeup: comm=unity-2d-shell pid=1645 prio=120 success=1 target_cpu=002
          <idle>-0     [002]  1670.321333: sched_stat_wait: comm=unity-2d-shell pid=1645 delay=0 [ns]
          <idle>-0     [002]  1670.321334: sched_switch: prev_comm=swapper/2 prev_pid=0 prev_prio=120 prev_state=R ==> next_comm=unity-2d-shell next_pid=1645 next_prio=120
  unity-2d-shell-1645  [002]  1670.321789: sched_migrate_task: comm=Xorg pid=1113 prio=120 orig_cpu=1 dest_cpu=0
  unity-2d-shell-1645  [002]  1670.321877: sched_stat_runtime: comm=unity-2d-shell pid=1645 runtime=575081 [ns] vruntime=287871150401 [ns]
  unity-2d-shell-1645  [002]  1670.321886: sched_switch: prev_comm=unity-2d-shell prev_pid=1645 prev_prio=120 prev_state=S ==> next_comm=swapper/2 next_pid=0 next_prio=120
          <idle>-0     [002]  1670.322183: sched_stat_sleep: comm=unity-2d-shell pid=1645 delay=303296 [ns]
          <idle>-0     [002]  1670.322188: sched_wakeup: comm=unity-2d-shell pid=1645 prio=120 success=1 target_cpu=002
          <idle>-0     [002]  1670.322213: sched_stat_wait: comm=unity-2d-shell pid=1645 delay=0 [ns]
          <idle>-0     [002]  1670.322214: sched_switch: prev_comm=swapper/2 prev_pid=0 prev_prio=120 prev_state=R ==> next_comm=unity-2d-shell next_pid=1645 next_prio=120
  unity-2d-shell-1645  [002]  1670.322339: sched_stat_runtime: comm=unity-2d-shell pid=1645 runtime=160155 [ns] vruntime=287871310556 [ns]
  unity-2d-shell-1645  [002]  1670.322346: sched_switch: prev_comm=unity-2d-shell prev_pid=1645 prev_prio=120 prev_state=S ==> next_comm=swapper/2 next_pid=0 next_prio=120
          <idle>-0     [002]  1670.322627: sched_stat_sleep: comm=Xorg pid=1113 delay=159612 [ns]
          <idle>-0     [002]  1670.322631: sched_wakeup: comm=Xorg pid=1113 prio=120 success=1 target_cpu=002
          <idle>-0     [002]  1670.322649: sched_stat_wait: comm=Xorg pid=1113 delay=0 [ns]
          <idle>-0     [002]  1670.322651: sched_switch: prev_comm=swapper/2 prev_pid=0 prev_prio=120 prev_state=R ==> next_comm=Xorg next_pid=1113 next_prio=120
            Xorg-1113  [002]  1670.323064: sched_migrate_task: comm=metacity pid=1630 prio=120 orig_cpu=1 dest_cpu=0
            Xorg-1113  [002]  1670.323125: sched_stat_runtime: comm=Xorg pid=1113 runtime=501029 [ns] vruntime=34135098265 [ns]
            Xorg-1113  [002]  1670.323133: sched_switch: prev_comm=Xorg prev_pid=1113 prev_prio=120 prev_state=S ==> next_comm=swapper/2 next_pid=0 next_prio=120
          <idle>-0     [002]  1670.326574: sched_stat_sleep: comm=threaded-ml pid=2994 delay=19988395 [ns]
          <idle>-0     [002]  1670.326579: sched_wakeup: comm=threaded-ml pid=2994 prio=120 success=1 target_cpu=002
          <idle>-0     [002]  1670.326602: sched_stat_wait: comm=threaded-ml pid=2994 delay=0 [ns]
          <idle>-0     [002]  1670.326604: sched_switch: prev_comm=swapper/2 prev_pid=0 prev_prio=120 prev_state=R ==> next_comm=threaded-ml next_pid=2994 next_prio=120
     threaded-ml-2994  [002]  1670.326681: sched_stat_runtime: comm=threaded-ml pid=2994 runtime=113950 [ns] vruntime=287867325178 [ns]
     threaded-ml-2994  [002]  1670.326690: sched_switch: prev_comm=threaded-ml prev_pid=2994 prev_prio=120 prev_state=S ==> next_comm=swapper/2 next_pid=0 next_prio=120
          <idle>-0     [002]  1670.334087: sched_stat_sleep: comm=plugin-containe pid=2986 delay=16054567 [ns]
          <idle>-0     [002]  1670.334091: sched_wakeup: comm=plugin-containe pid=2986 prio=120 success=1 target_cpu=002
          <idle>-0     [002]  1670.334104: sched_stat_wait: comm=plugin-containe pid=2986 delay=0 [ns]
          <idle>-0     [002]  1670.334106: sched_switch: prev_comm=swapper/2 prev_pid=0 prev_prio=120 prev_state=R ==> next_comm=plugin-containe next_pid=2986 next_prio=120
           <...>-2986  [002]  1670.334144: sched_stat_runtime: comm=plugin-containe pid=2986 runtime=59524 [ns] vruntime=287865370080 [ns]
           <...>-2986  [002]  1670.334150: sched_switch: prev_comm=plugin-containe prev_pid=2986 prev_prio=120 prev_state=S ==> next_comm=swapper/2 next_pid=0 next_prio=120
          <idle>-0     [002]  1670.335441: sched_stat_sleep: comm=unity-2d-shell pid=1645 delay=13110596 [ns]
          <idle>-0     [002]  1670.335447: sched_wakeup: comm=unity-2d-shell pid=1645 prio=120 success=1 target_cpu=002
          <idle>-0     [002]  1670.335471: sched_stat_wait: comm=unity-2d-shell pid=1645 delay=0 [ns]
          <idle>-0     [002]  1670.335473: sched_switch: prev_comm=swapper/2 prev_pid=0 prev_prio=120 prev_state=R ==> next_comm=unity-2d-shell next_pid=1645 next_prio=120
  unity-2d-shell-1645  [002]  1670.336431: sched_migrate_task: comm=Xorg pid=1113 prio=120 orig_cpu=2 dest_cpu=0
  unity-2d-shell-1645  [002]  1670.336506: softirq_raise: vec=1 [action=TIMER]
  unity-2d-shell-1645  [002]  1670.336514: sched_stat_runtime: comm=unity-2d-shell pid=1645 runtime=1076413 [ns] vruntime=287872386969 [ns]
  unity-2d-shell-1645  [002]  1670.336526: softirq_entry: vec=1 [action=TIMER]
  unity-2d-shell-1645  [002]  1670.336527: softirq_exit: vec=1 [action=TIMER]
  unity-2d-shell-1645  [002]  1670.336543: sched_stat_runtime: comm=unity-2d-shell pid=1645 runtime=30949 [ns] vruntime=287872417918 [ns]
  unity-2d-shell-1645  [002]  1670.336555: sched_switch: prev_comm=unity-2d-shell prev_pid=1645 prev_prio=120 prev_state=S ==> next_comm=swapper/2 next_pid=0 next_prio=120
          <idle>-0     [002]  1670.338147: sched_stat_sleep: comm=Xorg pid=1113 delay=851820 [ns]
          <idle>-0     [002]  1670.338153: sched_wakeup: comm=Xorg pid=1113 prio=120 success=1 target_cpu=002
          <idle>-0     [002]  1670.338179: sched_stat_wait: comm=Xorg pid=1113 delay=0 [ns]
          <idle>-0     [002]  1670.338182: sched_switch: prev_comm=swapper/2 prev_pid=0 prev_prio=120 prev_state=R ==> next_comm=Xorg next_pid=1113 next_prio=120
            Xorg-1113  [002]  1670.338490: sched_stat_runtime: comm=Xorg pid=1113 runtime=348219 [ns] vruntime=34135446484 [ns]
            Xorg-1113  [002]  1670.338498: sched_switch: prev_comm=Xorg prev_pid=1113 prev_prio=120 prev_state=S ==> next_comm=swapper/2 next_pid=0 next_prio=120
          <idle>-0     [002]  1670.338789: sched_stat_sleep: comm=Xorg pid=1113 delay=295999 [ns]
          <idle>-0     [002]  1670.338794: sched_wakeup: comm=Xorg pid=1113 prio=120 success=1 target_cpu=002
          <idle>-0     [002]  1670.338821: sched_stat_wait: comm=Xorg pid=1113 delay=0 [ns]
          <idle>-0     [002]  1670.338824: sched_switch: prev_comm=swapper/2 prev_pid=0 prev_prio=120 prev_state=R ==> next_comm=Xorg next_pid=1113 next_prio=120
            Xorg-1113  [002]  1670.339008: sched_stat_runtime: comm=Xorg pid=1113 runtime=223126 [ns] vruntime=34135669610 [ns]
            Xorg-1113  [002]  1670.339014: sched_switch: prev_comm=Xorg prev_pid=1113 prev_prio=120 prev_state=S ==> next_comm=swapper/2 next_pid=0 next_prio=120
          <idle>-0     [002]  1670.339805: sched_stat_sleep: comm=metacity pid=1630 delay=581049 [ns]
          <idle>-0     [002]  1670.339809: sched_wakeup: comm=metacity pid=1630 prio=120 success=1 target_cpu=002
          <idle>-0     [002]  1670.339831: sched_stat_wait: comm=metacity pid=1630 delay=0 [ns]
          <idle>-0     [002]  1670.339832: sched_switch: prev_comm=swapper/2 prev_pid=0 prev_prio=120 prev_state=R ==> next_comm=metacity next_pid=1630 next_prio=120
        metacity-1630  [002]  1670.339900: sched_stat_runtime: comm=metacity pid=1630 runtime=99373 [ns] vruntime=287872517291 [ns]
        metacity-1630  [002]  1670.339907: sched_switch: prev_comm=metacity prev_pid=1630 prev_prio=120 prev_state=S ==> next_comm=swapper/2 next_pid=0 next_prio=120
          <idle>-0     [002]  1670.346776: sched_stat_sleep: comm=plugin-containe pid=2934 delay=30339611 [ns]
          <idle>-0     [002]  1670.346785: sched_wakeup: comm=plugin-containe pid=2934 prio=120 success=1 target_cpu=002
          <idle>-0     [002]  1670.346821: sched_stat_wait: comm=plugin-containe pid=2934 delay=0 [ns]
          <idle>-0     [002]  1670.346825: sched_switch: prev_comm=swapper/2 prev_pid=0 prev_prio=120 prev_state=R ==> next_comm=plugin-containe next_pid=2934 next_prio=120
           <...>-2934  [002]  1670.346981: sched_stat_runtime: comm=plugin-containe pid=2934 runtime=311251 [ns] vruntime=287866828542 [ns]
           <...>-2934  [002]  1670.346989: sched_switch: prev_comm=plugin-containe prev_pid=2934 prev_prio=120 prev_state=S ==> next_comm=swapper/2 next_pid=0 next_prio=120
          <idle>-0     [002]  1670.347475: sched_stat_sleep: comm=plugin-containe pid=2934 delay=493604 [ns]
          <idle>-0     [002]  1670.347480: sched_wakeup: comm=plugin-containe pid=2934 prio=120 success=1 target_cpu=002
          <idle>-0     [002]  1670.347504: sched_stat_wait: comm=plugin-containe pid=2934 delay=0 [ns]
          <idle>-0     [002]  1670.347505: sched_switch: prev_comm=swapper/2 prev_pid=0 prev_prio=120 prev_state=R ==> next_comm=plugin-containe next_pid=2934 next_prio=120
           <...>-2934  [002]  1670.347871: sched_stat_runtime: comm=plugin-containe pid=2934 runtime=399958 [ns] vruntime=287867228500 [ns]
           <...>-2934  [002]  1670.347881: sched_switch: prev_comm=plugin-containe prev_pid=2934 prev_prio=120 prev_state=S ==> next_comm=swapper/2 next_pid=0 next_prio=120
          <idle>-0     [002]  1670.348119: sched_stat_sleep: comm=Xorg pid=1113 delay=8350163 [ns]
          <idle>-0     [002]  1670.348121: sched_wakeup: comm=Xorg pid=1113 prio=120 success=1 target_cpu=002
          <idle>-0     [002]  1670.348141: sched_stat_wait: comm=Xorg pid=1113 delay=0 [ns]
          <idle>-0     [002]  1670.348142: sched_switch: prev_comm=swapper/2 prev_pid=0 prev_prio=120 prev_state=R ==> next_comm=Xorg next_pid=1113 next_prio=120
            Xorg-1113  [002]  1670.348266: sched_migrate_task: comm=plugin-containe pid=2926 prio=120 orig_cpu=1 dest_cpu=2
            Xorg-1113  [002]  1670.348267: sched_stat_sleep: comm=plugin-containe pid=2926 delay=162459 [ns]
            Xorg-1113  [002]  1670.348268: sched_wakeup: comm=plugin-containe pid=2926 prio=120 success=1 target_cpu=002
            Xorg-1113  [002]  1670.348290: sched_stat_runtime: comm=Xorg pid=1113 runtime=172039 [ns] vruntime=34135841649 [ns]
            Xorg-1113  [002]  1670.348291: sched_stat_wait: comm=plugin-containe pid=2926 delay=22389 [ns]
            Xorg-1113  [002]  1670.348291: sched_switch: prev_comm=Xorg prev_pid=1113 prev_prio=120 prev_state=S ==> next_comm=plugin-containe next_pid=2926 next_prio=120
           <...>-2926  [002]  1670.348371: sched_stat_sleep: comm=Xorg pid=1113 delay=81449 [ns]
           <...>-2926  [002]  1670.348373: sched_wakeup: comm=Xorg pid=1113 prio=120 success=1 target_cpu=002
           <...>-2926  [002]  1670.348374: sched_stat_runtime: comm=plugin-containe pid=2926 runtime=81449 [ns] vruntime=287872598740 [ns]
           <...>-2926  [002]  1670.348375: sched_stat_wait: comm=Xorg pid=1113 delay=0 [ns]
           <...>-2926  [002]  1670.348375: sched_switch: prev_comm=plugin-containe prev_pid=2926 prev_prio=120 prev_state=R ==> next_comm=Xorg next_pid=1113 next_prio=120
            Xorg-1113  [002]  1670.348456: softirq_raise: vec=1 [action=TIMER]
            Xorg-1113  [002]  1670.348461: sched_stat_runtime: comm=Xorg pid=1113 runtime=89406 [ns] vruntime=34135931055 [ns]
            Xorg-1113  [002]  1670.348475: softirq_entry: vec=1 [action=TIMER]
            Xorg-1113  [002]  1670.348475: softirq_exit: vec=1 [action=TIMER]
            Xorg-1113  [002]  1670.348925: sched_migrate_task: comm=metacity pid=1630 prio=120 orig_cpu=2 dest_cpu=0
            Xorg-1113  [002]  1670.349018: sched_stat_runtime: comm=Xorg pid=1113 runtime=556414 [ns] vruntime=34136487469 [ns]
            Xorg-1113  [002]  1670.349021: sched_stat_wait: comm=plugin-containe pid=2926 delay=645820 [ns]
            Xorg-1113  [002]  1670.349024: sched_switch: prev_comm=Xorg prev_pid=1113 prev_prio=120 prev_state=S ==> next_comm=plugin-containe next_pid=2926 next_prio=120
           <...>-2926  [002]  1670.349070: sched_stat_runtime: comm=plugin-containe pid=2926 runtime=53774 [ns] vruntime=287872652514 [ns]
           <...>-2926  [002]  1670.349080: sched_switch: prev_comm=plugin-containe prev_pid=2926 prev_prio=120 prev_state=S ==> next_comm=swapper/2 next_pid=0 next_prio=120
          <idle>-0     [002]  1670.349269: sched_stat_sleep: comm=plugin-containe pid=2986 delay=15139088 [ns]
          <idle>-0     [002]  1670.349271: sched_wakeup: comm=plugin-containe pid=2986 prio=120 success=1 target_cpu=002
          <idle>-0     [002]  1670.349295: sched_stat_wait: comm=plugin-containe pid=2986 delay=0 [ns]
          <idle>-0     [002]  1670.349296: sched_switch: prev_comm=swapper/2 prev_pid=0 prev_prio=120 prev_state=R ==> next_comm=plugin-containe next_pid=2986 next_prio=120
           <...>-2986  [002]  1670.349343: sched_stat_runtime: comm=plugin-containe pid=2986 runtime=75381 [ns] vruntime=287866727895 [ns]
           <...>-2986  [002]  1670.349345: sched_switch: prev_comm=plugin-containe prev_pid=2986 prev_prio=120 prev_state=S ==> next_comm=swapper/2 next_pid=0 next_prio=120
          <idle>-0     [002]  1670.349423: sched_stat_sleep: comm=metacity pid=1630 delay=257639 [ns]
          <idle>-0     [002]  1670.349424: sched_wakeup: comm=metacity pid=1630 prio=120 success=1 target_cpu=002
          <idle>-0     [002]  1670.349440: sched_stat_wait: comm=metacity pid=1630 delay=0 [ns]
          <idle>-0     [002]  1670.349441: sched_switch: prev_comm=swapper/2 prev_pid=0 prev_prio=120 prev_state=R ==> next_comm=metacity next_pid=1630 next_prio=120
        metacity-1630  [002]  1670.349541: sched_migrate_task: comm=Xorg pid=1113 prio=120 orig_cpu=1 dest_cpu=0
        metacity-1630  [002]  1670.349557: sched_stat_runtime: comm=metacity pid=1630 runtime=134550 [ns] vruntime=287872787064 [ns]
        metacity-1630  [002]  1670.349559: sched_switch: prev_comm=metacity prev_pid=1630 prev_prio=120 prev_state=S ==> next_comm=swapper/2 next_pid=0 next_prio=120
          <idle>-0     [002]  1670.352511: sched_stat_sleep: comm=Xorg pid=1113 delay=1133840 [ns]
          <idle>-0     [002]  1670.352515: sched_wakeup: comm=Xorg pid=1113 prio=120 success=1 target_cpu=002
          <idle>-0     [002]  1670.352540: sched_stat_wait: comm=Xorg pid=1113 delay=0 [ns]
          <idle>-0     [002]  1670.352541: sched_switch: prev_comm=swapper/2 prev_pid=0 prev_prio=120 prev_state=R ==> next_comm=Xorg next_pid=1113 next_prio=120
            Xorg-1113  [002]  1670.352634: sched_migrate_task: comm=unity-2d-shell pid=1645 prio=120 orig_cpu=1 dest_cpu=0
            Xorg-1113  [002]  1670.352725: sched_stat_runtime: comm=Xorg pid=1113 runtime=219545 [ns] vruntime=34136707014 [ns]
            Xorg-1113  [002]  1670.352730: sched_switch: prev_comm=Xorg prev_pid=1113 prev_prio=120 prev_state=S ==> next_comm=swapper/2 next_pid=0 next_prio=120
          <idle>-0     [002]  1670.353595: sched_stat_sleep: comm=metacity pid=1630 delay=2082204 [ns]
          <idle>-0     [002]  1670.353599: sched_wakeup: comm=metacity pid=1630 prio=120 success=1 target_cpu=002
          <idle>-0     [002]  1670.353624: sched_stat_wait: comm=metacity pid=1630 delay=0 [ns]
          <idle>-0     [002]  1670.353625: sched_switch: prev_comm=swapper/2 prev_pid=0 prev_prio=120 prev_state=R ==> next_comm=metacity next_pid=1630 next_prio=120
        metacity-1630  [002]  1670.353744: sched_stat_runtime: comm=metacity pid=1630 runtime=154133 [ns] vruntime=287872802451 [ns]
        metacity-1630  [002]  1670.353750: sched_switch: prev_comm=metacity prev_pid=1630 prev_prio=120 prev_state=S ==> next_comm=swapper/2 next_pid=0 next_prio=120
          <idle>-0     [002]  1670.353931: sched_stat_sleep: comm=metacity pid=1630 delay=186009 [ns]
          <idle>-0     [002]  1670.353932: sched_wakeup: comm=metacity pid=1630 prio=120 success=1 target_cpu=002
          <idle>-0     [002]  1670.353946: sched_stat_wait: comm=metacity pid=1630 delay=0 [ns]
          <idle>-0     [002]  1670.353946: sched_switch: prev_comm=swapper/2 prev_pid=0 prev_prio=120 prev_state=R ==> next_comm=metacity next_pid=1630 next_prio=120
        metacity-1630  [002]  1670.354038: sched_migrate_task: comm=Xorg pid=1113 prio=120 orig_cpu=1 dest_cpu=0
        metacity-1630  [002]  1670.354059: sched_stat_runtime: comm=metacity pid=1630 runtime=129611 [ns] vruntime=287872932062 [ns]
        metacity-1630  [002]  1670.354062: sched_switch: prev_comm=metacity prev_pid=1630 prev_prio=120 prev_state=S ==> next_comm=swapper/2 next_pid=0 next_prio=120
          <idle>-0     [002]  1670.357243: sched_stat_sleep: comm=plugin-containe pid=2926 delay=8174288 [ns]
          <idle>-0     [002]  1670.357249: sched_wakeup: comm=plugin-containe pid=2926 prio=120 success=1 target_cpu=002
          <idle>-0     [002]  1670.357271: sched_stat_wait: comm=plugin-containe pid=2926 delay=0 [ns]
          <idle>-0     [002]  1670.357273: sched_switch: prev_comm=swapper/2 prev_pid=0 prev_prio=120 prev_state=R ==> next_comm=plugin-containe next_pid=2926 next_prio=120
           <...>-2926  [002]  1670.357455: sched_stat_runtime: comm=plugin-containe pid=2926 runtime=217394 [ns] vruntime=287872869908 [ns]
           <...>-2926  [002]  1670.357464: sched_switch: prev_comm=plugin-containe prev_pid=2926 prev_prio=120 prev_state=S ==> next_comm=swapper/2 next_pid=0 next_prio=120
          <idle>-0     [002]  1670.364435: sched_stat_sleep: comm=plugin-containe pid=2986 delay=15103179 [ns]
          <idle>-0     [002]  1670.364438: sched_wakeup: comm=plugin-containe pid=2986 prio=120 success=1 target_cpu=002
          <idle>-0     [002]  1670.364451: sched_stat_wait: comm=plugin-containe pid=2986 delay=0 [ns]
          <idle>-0     [002]  1670.364453: sched_switch: prev_comm=swapper/2 prev_pid=0 prev_prio=120 prev_state=R ==> next_comm=plugin-containe next_pid=2986 next_prio=120
           <...>-2986  [002]  1670.364486: sched_stat_runtime: comm=plugin-containe pid=2986 runtime=53980 [ns] vruntime=287866986042 [ns]
           <...>-2986  [002]  1670.364492: sched_switch: prev_comm=plugin-containe prev_pid=2986 prev_prio=120 prev_state=S ==> next_comm=swapper/2 next_pid=0 next_prio=120
          <idle>-0     [002]  1670.368139: sched_stat_sleep: comm=plugin-containe pid=2926 delay=10589827 [ns]
          <idle>-0     [002]  1670.368169: sched_wakeup: comm=plugin-containe pid=2926 prio=120 success=1 target_cpu=002
          <idle>-0     [002]  1670.368335: sched_stat_wait: comm=plugin-containe pid=2926 delay=0 [ns]
          <idle>-0     [002]  1670.368354: sched_switch: prev_comm=swapper/2 prev_pid=0 prev_prio=120 prev_state=R ==> next_comm=plugin-containe next_pid=2926 next_prio=120
           <...>-2926  [002]  1670.368459: softirq_raise: vec=1 [action=TIMER]
           <...>-2926  [002]  1670.368464: sched_stat_runtime: comm=plugin-containe pid=2926 runtime=430681 [ns] vruntime=287873300589 [ns]
           <...>-2926  [002]  1670.368472: softirq_entry: vec=1 [action=TIMER]
           <...>-2926  [002]  1670.368473: softirq_exit: vec=1 [action=TIMER]
