           <...>-2926  [002]  1670.369071: sched_migrate_task: comm=plugin-containe pid=2927 prio=120 orig_cpu=1 dest_cpu=0
           <...>-2926  [002]  1670.369087: sched_stat_runtime: comm=plugin-containe pid=2926 runtime=623266 [ns] vruntime=287873923855 [ns]
           <...>-2926  [002]  1670.369095: sched_switch: prev_comm=plugin-containe prev_pid=2926 prev_prio=120 prev_state=S ==> next_comm=swapper/2 next_pid=0 next_prio=120
          <idle>-0     [002]  1670.369488: sched_stat_sleep: comm=firefox pid=2897 delay=204226543 [ns]
          <idle>-0     [002]  1670.369493: sched_wakeup: comm=firefox pid=2897 prio=120 success=1 target_cpu=002
          <idle>-0     [002]  1670.369515: sched_stat_wait: comm=firefox pid=2897 delay=0 [ns]
          <idle>-0     [002]  1670.369517: sched_switch: prev_comm=swapper/2 prev_pid=0 prev_prio=120 prev_state=R ==> next_comm=firefox next_pid=2897 next_prio=120
         firefox-2897  [002]  1670.369600: sched_stat_runtime: comm=firefox pid=2897 runtime=116927 [ns] vruntime=287868040782 [ns]
         firefox-2897  [002]  1670.369605: sched_switch: prev_comm=firefox prev_pid=2897 prev_prio=120 prev_state=S ==> next_comm=swapper/2 next_pid=0 next_prio=120
          <idle>-0     [002]  1670.369991: sched_stat_sleep: comm=firefox pid=2897 delay=388305 [ns]
          <idle>-0     [002]  1670.369996: sched_wakeup: comm=firefox pid=2897 prio=120 success=1 target_cpu=002
          <idle>-0     [002]  1670.369997: sched_stat_sleep: comm=Xorg pid=1113 delay=647590 [ns]
          <idle>-0     [002]  1670.369998: sched_wakeup: comm=Xorg pid=1113 prio=120 success=1 target_cpu=002
          <idle>-0     [002]  1670.370025: sched_stat_wait: comm=firefox pid=2897 delay=32373 [ns]
          <idle>-0     [002]  1670.370026: sched_switch: prev_comm=swapper/2 prev_pid=0 prev_prio=120 prev_state=R ==> next_comm=firefox next_pid=2897 next_prio=120
         firefox-2897  [002]  1670.370083: sched_migrate_task: comm=plugin-containe pid=2927 prio=120 orig_cpu=0 dest_cpu=1
         firefox-2897  [002]  1670.370103: sched_stat_runtime: comm=firefox pid=2897 runtime=82620 [ns] vruntime=287868123402 [ns]
         firefox-2897  [002]  1670.370108: sched_switch: prev_comm=firefox prev_pid=2897 prev_prio=120 prev_state=S ==> next_comm=swapper/2 next_pid=0 next_prio=120
          <idle>-0     [002]  1670.370231: sched_stat_sleep: comm=plugin-containe pid=2926 delay=1145517 [ns]
          <idle>-0     [002]  1670.370232: sched_wakeup: comm=plugin-containe pid=2926 prio=120 success=1 target_cpu=002
          <idle>-0     [002]  1670.370247: sched_stat_wait: comm=plugin-containe pid=2926 delay=0 [ns]
          <idle>-0     [002]  1670.370247: sched_switch: prev_comm=swapper/2 prev_pid=0 prev_prio=120 prev_state=R ==> next_comm=plugin-containe next_pid=2926 next_prio=120
           <...>-2926  [002]  1670.371277: sched_stat_runtime: comm=plugin-containe pid=2926 runtime=1044078 [ns] vruntime=287874967933 [ns]
           <...>-2926  [002]  1670.371287: sched_switch: prev_comm=plugin-containe prev_pid=2926 prev_prio=120 prev_state=S ==> next_comm=swapper/2 next_pid=0 next_prio=120
          <idle>-0     [002]  1670.375892: sched_stat_sleep: comm=firefox pid=2907 delay=139139113 [ns]
          <idle>-0     [002]  1670.375896: sched_wakeup: comm=firefox pid=2907 prio=120 success=1 target_cpu=002
          <idle>-0     [002]  1670.375914: sched_stat_wait: comm=firefox pid=2907 delay=0 [ns]
          <idle>-0     [002]  1670.375916: sched_switch: prev_comm=swapper/2 prev_pid=0 prev_prio=120 prev_state=R ==> next_comm=firefox next_pid=2907 next_prio=120
         firefox-2907  [002]  1670.375997: sched_stat_runtime: comm=firefox pid=2907 runtime=107458 [ns] vruntime=287869075391 [ns]
         firefox-2907  [002]  1670.376003: sched_switch: prev_comm=firefox prev_pid=2907 prev_prio=120 prev_state=S ==> next_comm=swapper/2 next_pid=0 next_prio=120
          <idle>-0     [002]  1670.379367: sched_stat_sleep: comm=plugin-containe pid=2926 delay=8096766 [ns]
          <idle>-0     [002]  1670.379371: sched_wakeup: comm=plugin-containe pid=2926 prio=120 success=1 target_cpu=002
          <idle>-0     [002]  1670.379396: sched_stat_wait: comm=plugin-containe pid=2926 delay=0 [ns]
          <idle>-0     [002]  1670.379398: sched_switch: prev_comm=swapper/2 prev_pid=0 prev_prio=120 prev_state=R ==> next_comm=plugin-containe next_pid=2926 next_prio=120
           <...>-2926  [002]  1670.379527: sched_migrate_task: comm=plugin-containe pid=2934 prio=120 orig_cpu=2 dest_cpu=1
           <...>-2926  [002]  1670.379551: sched_stat_runtime: comm=plugin-containe pid=2926 runtime=187583 [ns] vruntime=287875155516 [ns]
           <...>-2926  [002]  1670.379552: sched_stat_sleep: comm=plugin-containe pid=2986 delay=15078757 [ns]
           <...>-2926  [002]  1670.379553: sched_wakeup: comm=plugin-containe pid=2986 prio=120 success=1 target_cpu=002
           <...>-2926  [002]  1670.379561: sched_stat_wait: comm=plugin-containe pid=2986 delay=0 [ns]
           <...>-2926  [002]  1670.379562: sched_switch: prev_comm=plugin-containe prev_pid=2926 prev_prio=120 prev_state=R ==> next_comm=plugin-containe next_pid=2986 next_prio=120
           <...>-2986  [002]  1670.379586: sched_stat_runtime: comm=plugin-containe pid=2986 runtime=35701 [ns] vruntime=287869191217 [ns]
           <...>-2986  [002]  1670.379587: sched_stat_wait: comm=plugin-containe pid=2926 delay=35701 [ns]
           <...>-2986  [002]  1670.379588: sched_switch: prev_comm=plugin-containe prev_pid=2986 prev_prio=120 prev_state=S ==> next_comm=plugin-containe next_pid=2926 next_prio=120
           <...>-2926  [002]  1670.379700: sched_stat_runtime: comm=plugin-containe pid=2926 runtime=114507 [ns] vruntime=287875270023 [ns]
           <...>-2926  [002]  1670.379707: sched_switch: prev_comm=plugin-containe prev_pid=2926 prev_prio=120 prev_state=S ==> next_comm=swapper/2 next_pid=0 next_prio=120
          <idle>-0     [002]  1670.379909: sched_stat_sleep: comm=plugin-containe pid=2926 delay=207472 [ns]
          <idle>-0     [002]  1670.379910: sched_wakeup: comm=plugin-containe pid=2926 prio=120 success=1 target_cpu=002
          <idle>-0     [002]  1670.379928: sched_stat_wait: comm=plugin-containe pid=2926 delay=0 [ns]
          <idle>-0     [002]  1670.379929: sched_switch: prev_comm=swapper/2 prev_pid=0 prev_prio=120 prev_state=R ==> next_comm=plugin-containe next_pid=2926 next_prio=120
           <...>-2926  [002]  1670.380451: softirq_raise: vec=1 [action=TIMER]
           <...>-2926  [002]  1670.380453: softirq_raise: vec=9 [action=RCU]
           <...>-2926  [002]  1670.380457: sched_stat_runtime: comm=plugin-containe pid=2926 runtime=549320 [ns] vruntime=287875819343 [ns]
           <...>-2926  [002]  1670.380467: softirq_entry: vec=1 [action=TIMER]
           <...>-2926  [002]  1670.380468: softirq_exit: vec=1 [action=TIMER]
           <...>-2926  [002]  1670.380468: softirq_entry: vec=9 [action=RCU]
           <...>-2926  [002]  1670.380469: softirq_exit: vec=9 [action=RCU]
           <...>-2926  [002]  1670.380733: sched_stat_runtime: comm=plugin-containe pid=2926 runtime=276491 [ns] vruntime=287876095834 [ns]
           <...>-2926  [002]  1670.380742: sched_switch: prev_comm=plugin-containe prev_pid=2926 prev_prio=120 prev_state=S ==> next_comm=swapper/2 next_pid=0 next_prio=120
          <idle>-0     [002]  1670.380905: sched_stat_sleep: comm=plugin-containe pid=2926 delay=170739 [ns]
          <idle>-0     [002]  1670.380907: sched_wakeup: comm=plugin-containe pid=2926 prio=120 success=1 target_cpu=002
          <idle>-0     [002]  1670.380926: sched_stat_wait: comm=plugin-containe pid=2926 delay=0 [ns]
          <idle>-0     [002]  1670.380927: sched_switch: prev_comm=swapper/2 prev_pid=0 prev_prio=120 prev_state=R ==> next_comm=plugin-containe next_pid=2926 next_prio=120
           <...>-2926  [002]  1670.381018: sched_stat_runtime: comm=plugin-containe pid=2926 runtime=115345 [ns] vruntime=287876211179 [ns]
           <...>-2926  [002]  1670.381020: sched_switch: prev_comm=plugin-containe prev_pid=2926 prev_prio=120 prev_state=S ==> next_comm=swapper/2 next_pid=0 next_prio=120
          <idle>-0     [002]  1670.381491: sched_stat_sleep: comm=Xorg pid=1113 delay=291065 [ns]
          <idle>-0     [002]  1670.381496: sched_wakeup: comm=Xorg pid=1113 prio=120 success=1 target_cpu=002
          <idle>-0     [002]  1670.381516: sched_stat_wait: comm=Xorg pid=1113 delay=0 [ns]
          <idle>-0     [002]  1670.381517: sched_switch: prev_comm=swapper/2 prev_pid=0 prev_prio=120 prev_state=R ==> next_comm=Xorg next_pid=1113 next_prio=120
            Xorg-1113  [002]  1670.382069: sched_migrate_task: comm=metacity pid=1630 prio=120 orig_cpu=1 dest_cpu=0
            Xorg-1113  [002]  1670.382175: sched_stat_runtime: comm=Xorg pid=1113 runtime=689431 [ns] vruntime=34137396445 [ns]
            Xorg-1113  [002]  1670.382184: sched_switch: prev_comm=Xorg prev_pid=1113 prev_prio=120 prev_state=S ==> next_comm=swapper/2 next_pid=0 next_prio=120
          <idle>-0     [002]  1670.382511: sched_stat_sleep: comm=metacity pid=1630 delay=187766 [ns]
          <idle>-0     [002]  1670.382515: sched_wakeup: comm=metacity pid=1630 prio=120 success=1 target_cpu=002
          <idle>-0     [002]  1670.382536: sched_stat_wait: comm=metacity pid=1630 delay=0 [ns]
          <idle>-0     [002]  1670.382538: sched_switch: prev_comm=swapper/2 prev_pid=0 prev_prio=120 prev_state=R ==> next_comm=metacity next_pid=1630 next_prio=120
        metacity-1630  [002]  1670.382651: sched_migrate_task: comm=Xorg pid=1113 prio=120 orig_cpu=1 dest_cpu=0
        metacity-1630  [002]  1670.382674: sched_stat_runtime: comm=metacity pid=1630 runtime=168238 [ns] vruntime=287875284402 [ns]
        metacity-1630  [002]  1670.382681: sched_switch: prev_comm=metacity prev_pid=1630 prev_prio=120 prev_state=S ==> next_comm=swapper/2 next_pid=0 next_prio=120
          <idle>-0     [002]  1670.384216: sched_stat_sleep: comm=pulseaudio pid=1643 delay=15438839 [ns]
          <idle>-0     [002]  1670.384220: sched_wakeup: comm=pulseaudio pid=1643 prio=109 success=1 target_cpu=002
          <idle>-0     [002]  1670.384242: sched_stat_wait: comm=pulseaudio pid=1643 delay=0 [ns]
          <idle>-0     [002]  1670.384243: sched_switch: prev_comm=swapper/2 prev_pid=0 prev_prio=120 prev_state=R ==> next_comm=pulseaudio next_pid=1643 next_prio=109
      pulseaudio-1643  [002]  1670.384299: sched_migrate_task: comm=threaded-ml pid=2994 prio=120 orig_cpu=0 dest_cpu=2
      pulseaudio-1643  [002]  1670.384300: sched_stat_sleep: comm=threaded-ml pid=2994 delay=15485936 [ns]
      pulseaudio-1643  [002]  1670.384301: sched_wakeup: comm=threaded-ml pid=2994 prio=120 success=1 target_cpu=002
      pulseaudio-1643  [002]  1670.384337: sched_stat_runtime: comm=pulseaudio pid=1643 runtime=125708 [ns] vruntime=205011993 [ns]
      pulseaudio-1643  [002]  1670.384338: sched_stat_wait: comm=threaded-ml pid=2994 delay=36278 [ns]
      pulseaudio-1643  [002]  1670.384339: sched_switch: prev_comm=pulseaudio prev_pid=1643 prev_prio=109 prev_state=S ==> next_comm=threaded-ml next_pid=2994 next_prio=120
     threaded-ml-2994  [002]  1670.384440: softirq_raise: vec=1 [action=TIMER]
     threaded-ml-2994  [002]  1670.384441: softirq_raise: vec=9 [action=RCU]
     threaded-ml-2994  [002]  1670.384446: sched_stat_runtime: comm=threaded-ml pid=2994 runtime=109188 [ns] vruntime=287870320367 [ns]
     threaded-ml-2994  [002]  1670.384457: softirq_entry: vec=1 [action=TIMER]
     threaded-ml-2994  [002]  1670.384458: softirq_exit: vec=1 [action=TIMER]
     threaded-ml-2994  [002]  1670.384458: softirq_entry: vec=9 [action=RCU]
     threaded-ml-2994  [002]  1670.384459: softirq_exit: vec=9 [action=RCU]
     threaded-ml-2994  [002]  1670.384488: sched_migrate_task: comm=plugin-containe pid=2995 prio=120 orig_cpu=1 dest_cpu=2
     threaded-ml-2994  [002]  1670.384488: sched_stat_runtime: comm=threaded-ml pid=2994 runtime=42519 [ns] vruntime=287870362886 [ns]
     threaded-ml-2994  [002]  1670.384489: sched_stat_sleep: comm=plugin-containe pid=2995 delay=78140662 [ns]
     threaded-ml-2994  [002]  1670.384490: sched_wakeup: comm=plugin-containe pid=2995 prio=120 success=1 target_cpu=002
     threaded-ml-2994  [002]  1670.384502: sched_stat_runtime: comm=threaded-ml pid=2994 runtime=13375 [ns] vruntime=287870376261 [ns]
     threaded-ml-2994  [002]  1670.384503: sched_stat_wait: comm=plugin-containe pid=2995 delay=13375 [ns]
     threaded-ml-2994  [002]  1670.384503: sched_switch: prev_comm=threaded-ml prev_pid=2994 prev_prio=120 prev_state=S ==> next_comm=plugin-containe next_pid=2995 next_prio=120
 plugin-containe-2995  [002]  1670.384566: sched_stat_runtime: comm=plugin-containe pid=2995 runtime=64584 [ns] vruntime=287870275763 [ns]
 plugin-containe-2995  [002]  1670.384567: sched_stat_sleep: comm=threaded-ml pid=2994 delay=64584 [ns]
 plugin-containe-2995  [002]  1670.384567: sched_wakeup: comm=threaded-ml pid=2994 prio=120 success=1 target_cpu=002
 plugin-containe-2995  [002]  1670.384622: sched_stat_runtime: comm=plugin-containe pid=2995 runtime=55933 [ns] vruntime=287870331696 [ns]
 plugin-containe-2995  [002]  1670.384623: sched_stat_wait: comm=threaded-ml pid=2994 delay=55933 [ns]
 plugin-containe-2995  [002]  1670.384624: sched_switch: prev_comm=plugin-containe prev_pid=2995 prev_prio=120 prev_state=S ==> next_comm=threaded-ml next_pid=2994 next_prio=120
     threaded-ml-2994  [002]  1670.384638: sched_migrate_task: comm=pulseaudio pid=1643 prio=109 orig_cpu=2 dest_cpu=1
     threaded-ml-2994  [002]  1670.384748: sched_stat_runtime: comm=threaded-ml pid=2994 runtime=126118 [ns] vruntime=287870502379 [ns]
     threaded-ml-2994  [002]  1670.384756: sched_switch: prev_comm=threaded-ml prev_pid=2994 prev_prio=120 prev_state=S ==> next_comm=swapper/2 next_pid=0 next_prio=120
          <idle>-0     [002]  1670.385292: sched_stat_sleep: comm=metacity pid=1630 delay=2615441 [ns]
          <idle>-0     [002]  1670.385297: sched_wakeup: comm=metacity pid=1630 prio=120 success=1 target_cpu=002
          <idle>-0     [002]  1670.385319: sched_stat_wait: comm=metacity pid=1630 delay=0 [ns]
          <idle>-0     [002]  1670.385320: sched_switch: prev_comm=swapper/2 prev_pid=0 prev_prio=120 prev_state=R ==> next_comm=metacity next_pid=1630 next_prio=120
        metacity-1630  [002]  1670.385390: sched_stat_runtime: comm=metacity pid=1630 runtime=102677 [ns] vruntime=287875387079 [ns]
        metacity-1630  [002]  1670.385397: sched_switch: prev_comm=metacity prev_pid=1630 prev_prio=120 prev_state=S ==> next_comm=swapper/2 next_pid=0 next_prio=120
          <idle>-0     [002]  1670.385945: sched_stat_sleep: comm=Xorg pid=1113 delay=577129 [ns]
          <idle>-0     [002]  1670.385950: sched_wakeup: comm=Xorg pid=1113 prio=120 success=1 target_cpu=002
          <idle>-0     [002]  1670.385971: sched_stat_wait: comm=Xorg pid=1113 delay=0 [ns]
          <idle>-0     [002]  1670.385973: sched_switch: prev_comm=swapper/2 prev_pid=0 prev_prio=120 prev_state=R ==> next_comm=Xorg next_pid=1113 next_prio=120
            Xorg-1113  [002]  1670.386141: sched_migrate_task: comm=metacity pid=1630 prio=120 orig_cpu=2 dest_cpu=0
            Xorg-1113  [002]  1670.386174: sched_migrate_task: comm=unity-2d-shell pid=1645 prio=120 orig_cpu=0 dest_cpu=1
            Xorg-1113  [002]  1670.386219: sched_stat_runtime: comm=Xorg pid=1113 runtime=277923 [ns] vruntime=34137674368 [ns]
            Xorg-1113  [002]  1670.386226: sched_switch: prev_comm=Xorg prev_pid=1113 prev_prio=120 prev_state=S ==> next_comm=swapper/2 next_pid=0 next_prio=120
          <idle>-0     [002]  1670.386364: sched_stat_sleep: comm=Xorg pid=1113 delay=144328 [ns]
          <idle>-0     [002]  1670.386365: sched_wakeup: comm=Xorg pid=1113 prio=120 success=1 target_cpu=002
          <idle>-0     [002]  1670.386381: sched_stat_wait: comm=Xorg pid=1113 delay=0 [ns]
          <idle>-0     [002]  1670.386381: sched_switch: prev_comm=swapper/2 prev_pid=0 prev_prio=120 prev_state=R ==> next_comm=Xorg next_pid=1113 next_prio=120
            Xorg-1113  [002]  1670.386495: sched_stat_runtime: comm=Xorg pid=1113 runtime=132749 [ns] vruntime=34137807117 [ns]
            Xorg-1113  [002]  1670.386498: sched_switch: prev_comm=Xorg prev_pid=1113 prev_prio=120 prev_state=S ==> next_comm=swapper/2 next_pid=0 next_prio=120
          <idle>-0     [002]  1670.387205: sched_stat_sleep: comm=metacity pid=1630 delay=593762 [ns]
          <idle>-0     [002]  1670.387209: sched_wakeup: comm=metacity pid=1630 prio=120 success=1 target_cpu=002
          <idle>-0     [002]  1670.387231: sched_stat_wait: comm=metacity pid=1630 delay=0 [ns]
          <idle>-0     [002]  1670.387232: sched_switch: prev_comm=swapper/2 prev_pid=0 prev_prio=120 prev_state=R ==> next_comm=metacity next_pid=1630 next_prio=120
        metacity-1630  [002]  1670.387322: sched_stat_runtime: comm=metacity pid=1630 runtime=120540 [ns] vruntime=287875762910 [ns]
        metacity-1630  [002]  1670.387328: sched_switch: prev_comm=metacity prev_pid=1630 prev_prio=120 prev_state=S ==> next_comm=swapper/2 next_pid=0 next_prio=120
          <idle>-0     [002]  1670.391930: sched_stat_sleep: comm=gedit pid=2151 delay=446504366 [ns]
          <idle>-0     [002]  1670.391933: sched_wakeup: comm=gedit pid=2151 prio=120 success=1 target_cpu=002
          <idle>-0     [002]  1670.391953: sched_stat_wait: comm=gedit pid=2151 delay=0 [ns]
          <idle>-0     [002]  1670.391954: sched_switch: prev_comm=swapper/2 prev_pid=0 prev_prio=120 prev_state=R ==> next_comm=gedit next_pid=2151 next_prio=120
           gedit-2151  [002]  1670.392013: sched_migrate_task: comm=Xorg pid=1113 prio=120 orig_cpu=1 dest_cpu=0
           gedit-2151  [002]  1670.392037: sched_stat_runtime: comm=gedit pid=2151 runtime=110134 [ns] vruntime=287870321313 [ns]
           gedit-2151  [002]  1670.392043: sched_switch: prev_comm=gedit prev_pid=2151 prev_prio=120 prev_state=S ==> next_comm=swapper/2 next_pid=0 next_prio=120
          <idle>-0     [002]  1670.392525: sched_stat_sleep: comm=Xorg pid=1113 delay=262681 [ns]
          <idle>-0     [002]  1670.392529: sched_wakeup: comm=Xorg pid=1113 prio=120 success=1 target_cpu=002
          <idle>-0     [002]  1670.392543: sched_stat_wait: comm=Xorg pid=1113 delay=0 [ns]
          <idle>-0     [002]  1670.392545: sched_switch: prev_comm=swapper/2 prev_pid=0 prev_prio=120 prev_state=R ==> next_comm=Xorg next_pid=1113 next_prio=120
            Xorg-1113  [002]  1670.392642: sched_migrate_task: comm=gedit pid=2151 prio=120 orig_cpu=1 dest_cpu=0
            Xorg-1113  [002]  1670.392682: sched_stat_runtime: comm=Xorg pid=1113 runtime=160918 [ns] vruntime=34137968035 [ns]
            Xorg-1113  [002]  1670.392688: sched_switch: prev_comm=Xorg prev_pid=1113 prev_prio=120 prev_state=S ==> next_comm=swapper/2 next_pid=0 next_prio=120
          <idle>-0     [002]  1670.393119: sched_stat_sleep: comm=gedit pid=2151 delay=268914 [ns]
          <idle>-0     [002]  1670.393123: sched_wakeup: comm=gedit pid=2151 prio=120 success=1 target_cpu=002
          <idle>-0     [002]  1670.393137: sched_stat_wait: comm=gedit pid=2151 delay=0 [ns]
          <idle>-0     [002]  1670.393139: sched_switch: prev_comm=swapper/2 prev_pid=0 prev_prio=120 prev_state=R ==> next_comm=gedit next_pid=2151 next_prio=120
           gedit-2151  [002]  1670.394618: sched_migrate_task: comm=Xorg pid=1113 prio=120 orig_cpu=1 dest_cpu=0
           gedit-2151  [002]  1670.394685: sched_migrate_task: comm=plugin-containe pid=2986 prio=120 orig_cpu=2 dest_cpu=1
           gedit-2151  [002]  1670.394714: sched_stat_runtime: comm=gedit pid=2151 runtime=1598244 [ns] vruntime=287872220255 [ns]
           gedit-2151  [002]  1670.394723: sched_switch: prev_comm=gedit prev_pid=2151 prev_prio=120 prev_state=S ==> next_comm=swapper/2 next_pid=0 next_prio=120
          <idle>-0     [002]  1670.395508: sched_stat_sleep: comm=metacity pid=1630 delay=8189463 [ns]
          <idle>-0     [002]  1670.395513: sched_wakeup: comm=metacity pid=1630 prio=120 success=1 target_cpu=002
          <idle>-0     [002]  1670.395530: sched_stat_sleep: comm=gvfs-afc-volume pid=1727 delay=1000156085 [ns]
          <idle>-0     [002]  1670.395531: sched_wakeup: comm=gvfs-afc-volume pid=1727 prio=120 success=1 target_cpu=002
          <idle>-0     [002]  1670.395555: sched_stat_wait: comm=gvfs-afc-volume pid=1727 delay=0 [ns]
          <idle>-0     [002]  1670.395557: sched_switch: prev_comm=swapper/2 prev_pid=0 prev_prio=120 prev_state=R ==> next_comm=gvfs-afc-volume next_pid=1727 next_prio=120
 gvfs-afc-volume-1727  [002]  1670.395594: sched_stat_runtime: comm=gvfs-afc-volume pid=1727 runtime=65686 [ns] vruntime=3382289481 [ns]
 gvfs-afc-volume-1727  [002]  1670.395596: sched_stat_wait: comm=metacity pid=1630 delay=90973 [ns]
 gvfs-afc-volume-1727  [002]  1670.395596: sched_switch: prev_comm=gvfs-afc-volume prev_pid=1727 prev_prio=120 prev_state=S ==> next_comm=metacity next_pid=1630 next_prio=120
        metacity-1630  [002]  1670.395687: sched_stat_runtime: comm=metacity pid=1630 runtime=94105 [ns] vruntime=287875857015 [ns]
        metacity-1630  [002]  1670.395729: sched_switch: prev_comm=metacity prev_pid=1630 prev_prio=120 prev_state=S ==> next_comm=swapper/2 next_pid=0 next_prio=120
          <idle>-0     [002]  1670.396041: sched_stat_sleep: comm=metacity pid=1630 delay=352421 [ns]
          <idle>-0     [002]  1670.396043: sched_wakeup: comm=metacity pid=1630 prio=120 success=1 target_cpu=002
          <idle>-0     [002]  1670.396052: sched_stat_wait: comm=metacity pid=1630 delay=0 [ns]
          <idle>-0     [002]  1670.396052: sched_switch: prev_comm=swapper/2 prev_pid=0 prev_prio=120 prev_state=R ==> next_comm=metacity next_pid=1630 next_prio=120
        metacity-1630  [002]  1670.396088: sched_stat_runtime: comm=metacity pid=1630 runtime=47407 [ns] vruntime=287875904422 [ns]
        metacity-1630  [002]  1670.396096: sched_switch: prev_comm=metacity prev_pid=1630 prev_prio=120 prev_state=S ==> next_comm=swapper/2 next_pid=0 next_prio=120
          <idle>-0     [002]  1670.396425: sched_stat_sleep: comm=Xorg pid=1113 delay=125787 [ns]
          <idle>-0     [002]  1670.396426: sched_wakeup: comm=Xorg pid=1113 prio=120 success=1 target_cpu=002
          <idle>-0     [002]  1670.396447: softirq_raise: vec=1 [action=TIMER]
          <idle>-0     [002]  1670.396448: softirq_raise: vec=9 [action=RCU]
          <idle>-0     [002]  1670.396462: softirq_entry: vec=1 [action=TIMER]
          <idle>-0     [002]  1670.396464: softirq_exit: vec=1 [action=TIMER]
          <idle>-0     [002]  1670.396464: softirq_entry: vec=9 [action=RCU]
          <idle>-0     [002]  1670.396467: softirq_exit: vec=9 [action=RCU]
          <idle>-0     [002]  1670.396472: sched_stat_wait: comm=Xorg pid=1113 delay=28040 [ns]
          <idle>-0     [002]  1670.396473: sched_switch: prev_comm=swapper/2 prev_pid=0 prev_prio=120 prev_state=R ==> next_comm=Xorg next_pid=1113 next_prio=120
            Xorg-1113  [002]  1670.396571: sched_migrate_task: comm=metacity pid=1630 prio=120 orig_cpu=1 dest_cpu=0
            Xorg-1113  [002]  1670.396630: sched_migrate_task: comm=gedit pid=2151 prio=120 orig_cpu=0 dest_cpu=1
            Xorg-1113  [002]  1670.396657: sched_stat_runtime: comm=Xorg pid=1113 runtime=205035 [ns] vruntime=34138173070 [ns]
            Xorg-1113  [002]  1670.396661: sched_switch: prev_comm=Xorg prev_pid=1113 prev_prio=120 prev_state=S ==> next_comm=swapper/2 next_pid=0 next_prio=120
          <idle>-0     [002]  1670.396883: sched_stat_sleep: comm=Xorg pid=1113 delay=224364 [ns]
          <idle>-0     [002]  1670.396885: sched_wakeup: comm=Xorg pid=1113 prio=120 success=1 target_cpu=002
          <idle>-0     [002]  1670.396891: sched_stat_wait: comm=Xorg pid=1113 delay=0 [ns]
          <idle>-0     [002]  1670.396892: sched_switch: prev_comm=swapper/2 prev_pid=0 prev_prio=120 prev_state=R ==> next_comm=Xorg next_pid=1113 next_prio=120
            Xorg-1113  [002]  1670.396984: sched_migrate_task: comm=gedit pid=2151 prio=120 orig_cpu=1 dest_cpu=0
            Xorg-1113  [002]  1670.397024: sched_stat_runtime: comm=Xorg pid=1113 runtime=142807 [ns] vruntime=34138315877 [ns]
            Xorg-1113  [002]  1670.397028: sched_switch: prev_comm=Xorg prev_pid=1113 prev_prio=120 prev_state=S ==> next_comm=swapper/2 next_pid=0 next_prio=120
          <idle>-0     [002]  1670.397041: softirq_raise: vec=9 [action=RCU]
          <idle>-0     [002]  1670.397042: sched_stat_sleep: comm=ksoftirqd/2 pid=15 delay=314606820 [ns]
          <idle>-0     [002]  1670.397043: sched_wakeup: comm=ksoftirqd/2 pid=15 prio=120 success=1 target_cpu=002
          <idle>-0     [002]  1670.397047: sched_stat_wait: comm=ksoftirqd/2 pid=15 delay=0 [ns]
          <idle>-0     [002]  1670.397048: sched_switch: prev_comm=swapper/2 prev_pid=0 prev_prio=120 prev_state=R ==> next_comm=ksoftirqd/2 next_pid=15 next_prio=120
     ksoftirqd/2-15    [002]  1670.397050: softirq_entry: vec=9 [action=RCU]
     ksoftirqd/2-15    [002]  1670.397051: softirq_exit: vec=9 [action=RCU]
     ksoftirqd/2-15    [002]  1670.397051: sched_stat_runtime: comm=ksoftirqd/2 pid=15 runtime=9575 [ns] vruntime=202447424672 [ns]
     ksoftirqd/2-15    [002]  1670.397053: sched_switch: prev_comm=ksoftirqd/2 prev_pid=15 prev_prio=120 prev_state=S ==> next_comm=swapper/2 next_pid=0 next_prio=120
          <idle>-0     [002]  1670.397057: softirq_raise: vec=9 [action=RCU]
          <idle>-0     [002]  1670.397058: sched_stat_sleep: comm=ksoftirqd/2 pid=15 delay=6363 [ns]
          <idle>-0     [002]  1670.397058: sched_wakeup: comm=ksoftirqd/2 pid=15 prio=120 success=1 target_cpu=002
          <idle>-0     [002]  1670.397063: sched_stat_wait: comm=ksoftirqd/2 pid=15 delay=0 [ns]
          <idle>-0     [002]  1670.397064: sched_switch: prev_comm=swapper/2 prev_pid=0 prev_prio=120 prev_state=R ==> next_comm=ksoftirqd/2 next_pid=15 next_prio=120
     ksoftirqd/2-15    [002]  1670.397064: softirq_entry: vec=9 [action=RCU]
     ksoftirqd/2-15    [002]  1670.397065: softirq_exit: vec=9 [action=RCU]
     ksoftirqd/2-15    [002]  1670.397065: sched_stat_runtime: comm=ksoftirqd/2 pid=15 runtime=7424 [ns] vruntime=202447432096 [ns]
     ksoftirqd/2-15    [002]  1670.397067: sched_switch: prev_comm=ksoftirqd/2 prev_pid=15 prev_prio=120 prev_state=S ==> next_comm=swapper/2 next_pid=0 next_prio=120
          <idle>-0     [002]  1670.397423: sched_stat_sleep: comm=gedit pid=2151 delay=168555 [ns]
          <idle>-0     [002]  1670.397424: sched_wakeup: comm=gedit pid=2151 prio=120 success=1 target_cpu=002
          <idle>-0     [002]  1670.397443: sched_stat_wait: comm=gedit pid=2151 delay=0 [ns]
          <idle>-0     [002]  1670.397444: sched_switch: prev_comm=swapper/2 prev_pid=0 prev_prio=120 prev_state=R ==> next_comm=gedit next_pid=2151 next_prio=120
           gedit-2151  [002]  1670.397480: sched_migrate_task: comm=Xorg pid=1113 prio=120 orig_cpu=1 dest_cpu=0
           gedit-2151  [002]  1670.397492: sched_stat_runtime: comm=gedit pid=2151 runtime=70543 [ns] vruntime=287872952473 [ns]
           gedit-2151  [002]  1670.397496: sched_switch: prev_comm=gedit prev_pid=2151 prev_prio=120 prev_state=S ==> next_comm=swapper/2 next_pid=0 next_prio=120
          <idle>-0     [002]  1670.397946: sched_stat_sleep: comm=Xorg pid=1113 delay=307616 [ns]
          <idle>-0     [002]  1670.397951: sched_wakeup: comm=Xorg pid=1113 prio=120 success=1 target_cpu=002
          <idle>-0     [002]  1670.397976: sched_stat_wait: comm=Xorg pid=1113 delay=0 [ns]
          <idle>-0     [002]  1670.397978: sched_switch: prev_comm=swapper/2 prev_pid=0 prev_prio=120 prev_state=R ==> next_comm=Xorg next_pid=1113 next_prio=120
            Xorg-1113  [002]  1670.398114: sched_migrate_task: comm=gedit pid=2151 prio=120 orig_cpu=1 dest_cpu=0
            Xorg-1113  [002]  1670.398160: sched_stat_runtime: comm=Xorg pid=1113 runtime=218626 [ns] vruntime=34138534503 [ns]
            Xorg-1113  [002]  1670.398163: sched_switch: prev_comm=Xorg prev_pid=1113 prev_prio=120 prev_state=S ==> next_comm=swapper/2 next_pid=0 next_prio=120
          <idle>-0     [002]  1670.398565: sched_stat_sleep: comm=gedit pid=2151 delay=173286 [ns]
          <idle>-0     [002]  1670.398567: sched_wakeup: comm=gedit pid=2151 prio=120 success=1 target_cpu=002
          <idle>-0     [002]  1670.398581: sched_stat_wait: comm=gedit pid=2151 delay=0 [ns]
          <idle>-0     [002]  1670.398582: sched_switch: prev_comm=swapper/2 prev_pid=0 prev_prio=120 prev_state=R ==> next_comm=gedit next_pid=2151 next_prio=120
           gedit-2151  [002]  1670.398601: sched_migrate_task: comm=Xorg pid=1113 prio=120 orig_cpu=1 dest_cpu=0
           gedit-2151  [002]  1670.398613: sched_stat_runtime: comm=gedit pid=2151 runtime=49064 [ns] vruntime=287873279700 [ns]
           gedit-2151  [002]  1670.398615: sched_switch: prev_comm=gedit prev_pid=2151 prev_prio=120 prev_state=S ==> next_comm=swapper/2 next_pid=0 next_prio=120
          <idle>-0     [002]  1670.399519: sched_stat_sleep: comm=Xorg pid=1113 delay=777827 [ns]
          <idle>-0     [002]  1670.399526: sched_wakeup: comm=Xorg pid=1113 prio=120 success=1 target_cpu=002
          <idle>-0     [002]  1670.399554: sched_stat_wait: comm=Xorg pid=1113 delay=0 [ns]
          <idle>-0     [002]  1670.399556: sched_switch: prev_comm=swapper/2 prev_pid=0 prev_prio=120 prev_state=R ==> next_comm=Xorg next_pid=1113 next_prio=120
            Xorg-1113  [002]  1670.399702: sched_migrate_task: comm=gnome-settings- pid=1616 prio=120 orig_cpu=1 dest_cpu=0
            Xorg-1113  [002]  1670.399724: sched_migrate_task: comm=metacity pid=1630 prio=120 orig_cpu=0 dest_cpu=2
            Xorg-1113  [002]  1670.399725: sched_stat_sleep: comm=metacity pid=1630 delay=3005176 [ns]
            Xorg-1113  [002]  1670.399726: sched_wakeup: comm=metacity pid=1630 prio=120 success=1 target_cpu=002
            Xorg-1113  [002]  1670.399767: sched_migrate_task: comm=gedit pid=2151 prio=120 orig_cpu=1 dest_cpu=2
            Xorg-1113  [002]  1670.399768: sched_stat_sleep: comm=gedit pid=2151 delay=429012 [ns]
            Xorg-1113  [002]  1670.399768: sched_wakeup: comm=gedit pid=2151 prio=120 success=1 target_cpu=002
            Xorg-1113  [002]  1670.399796: sched_stat_runtime: comm=Xorg pid=1113 runtime=283799 [ns] vruntime=34138818302 [ns]
            Xorg-1113  [002]  1670.399798: sched_stat_wait: comm=gedit pid=2151 delay=27360 [ns]
            Xorg-1113  [002]  1670.399798: sched_switch: prev_comm=Xorg prev_pid=1113 prev_prio=120 prev_state=S ==> next_comm=gedit next_pid=2151 next_prio=120
           gedit-2151  [002]  1670.400282: sched_stat_sleep: comm=Xorg pid=1113 delay=482281 [ns]
           gedit-2151  [002]  1670.400286: sched_wakeup: comm=Xorg pid=1113 prio=120 success=1 target_cpu=002
           gedit-2151  [002]  1670.400290: sched_stat_runtime: comm=gedit pid=2151 runtime=482281 [ns] vruntime=287874364535 [ns]
           gedit-2151  [002]  1670.400292: sched_stat_wait: comm=Xorg pid=1113 delay=0 [ns]
           gedit-2151  [002]  1670.400293: sched_switch: prev_comm=gedit prev_pid=2151 prev_prio=120 prev_state=R ==> next_comm=Xorg next_pid=1113 next_prio=120
            Xorg-1113  [002]  1670.400428: softirq_raise: vec=1 [action=TIMER]
            Xorg-1113  [002]  1670.400434: sched_stat_runtime: comm=Xorg pid=1113 runtime=156447 [ns] vruntime=34138974749 [ns]
            Xorg-1113  [002]  1670.400461: softirq_entry: vec=1 [action=TIMER]
            Xorg-1113  [002]  1670.400462: softirq_exit: vec=1 [action=TIMER]
            Xorg-1113  [002]  1670.400720: sched_stat_runtime: comm=Xorg pid=1113 runtime=285699 [ns] vruntime=34139260448 [ns]
            Xorg-1113  [002]  1670.400724: sched_stat_wait: comm=gedit pid=2151 delay=442146 [ns]
            Xorg-1113  [002]  1670.400727: sched_switch: prev_comm=Xorg prev_pid=1113 prev_prio=120 prev_state=S ==> next_comm=gedit next_pid=2151 next_prio=120
           gedit-2151  [002]  1670.401257: sched_migrate_task: comm=Xorg pid=1113 prio=120 orig_cpu=0 dest_cpu=2
           gedit-2151  [002]  1670.401261: sched_stat_sleep: comm=Xorg pid=1113 delay=41169 [ns]
           gedit-2151  [002]  1670.401263: sched_wakeup: comm=Xorg pid=1113 prio=120 success=1 target_cpu=002
           gedit-2151  [002]  1670.401265: sched_stat_runtime: comm=gedit pid=2151 runtime=246462 [ns] vruntime=287874904961 [ns]
           gedit-2151  [002]  1670.401267: sched_stat_wait: comm=Xorg pid=1113 delay=0 [ns]
           gedit-2151  [002]  1670.401268: sched_switch: prev_comm=gedit prev_pid=2151 prev_prio=120 prev_state=R ==> next_comm=Xorg next_pid=1113 next_prio=120
            Xorg-1113  [002]  1670.401664: sched_stat_runtime: comm=Xorg pid=1113 runtime=403398 [ns] vruntime=34139663846 [ns]
            Xorg-1113  [002]  1670.401670: sched_stat_wait: comm=gedit pid=2151 delay=403398 [ns]
            Xorg-1113  [002]  1670.401671: sched_switch: prev_comm=Xorg prev_pid=1113 prev_prio=120 prev_state=S ==> next_comm=gedit next_pid=2151 next_prio=120
           gedit-2151  [002]  1670.401682: sched_stat_sleep: comm=Xorg pid=1113 delay=18585 [ns]
           gedit-2151  [002]  1670.401683: sched_wakeup: comm=Xorg pid=1113 prio=120 success=1 target_cpu=002
           gedit-2151  [002]  1670.401684: sched_stat_runtime: comm=gedit pid=2151 runtime=18585 [ns] vruntime=287874923546 [ns]
           gedit-2151  [002]  1670.401685: sched_stat_wait: comm=Xorg pid=1113 delay=0 [ns]
           gedit-2151  [002]  1670.401685: sched_switch: prev_comm=gedit prev_pid=2151 prev_prio=120 prev_state=R ==> next_comm=Xorg next_pid=1113 next_prio=120
            Xorg-1113  [002]  1670.401746: sched_stat_runtime: comm=Xorg pid=1113 runtime=64798 [ns] vruntime=34139728644 [ns]
            Xorg-1113  [002]  1670.401747: sched_stat_wait: comm=gedit pid=2151 delay=64798 [ns]
            Xorg-1113  [002]  1670.401748: sched_switch: prev_comm=Xorg prev_pid=1113 prev_prio=120 prev_state=S ==> next_comm=gedit next_pid=2151 next_prio=120
           gedit-2151  [002]  1670.402710: sched_stat_runtime: comm=gedit pid=2151 runtime=962514 [ns] vruntime=287875886060 [ns]
           gedit-2151  [002]  1670.402722: sched_switch: prev_comm=gedit prev_pid=2151 prev_prio=120 prev_state=S ==> next_comm=swapper/2 next_pid=0 next_prio=120
          <idle>-0     [002]  1670.403275: sched_stat_sleep: comm=metacity pid=1630 delay=581637 [ns]
          <idle>-0     [002]  1670.403279: sched_wakeup: comm=metacity pid=1630 prio=120 success=1 target_cpu=002
          <idle>-0     [002]  1670.403298: sched_stat_wait: comm=metacity pid=1630 delay=0 [ns]
          <idle>-0     [002]  1670.403300: sched_switch: prev_comm=swapper/2 prev_pid=0 prev_prio=120 prev_state=R ==> next_comm=metacity next_pid=1630 next_prio=120
        metacity-1630  [002]  1670.403371: sched_stat_runtime: comm=metacity pid=1630 runtime=102131 [ns] vruntime=287876313310 [ns]
        metacity-1630  [002]  1670.403378: sched_switch: prev_comm=metacity prev_pid=1630 prev_prio=120 prev_state=S ==> next_comm=swapper/2 next_pid=0 next_prio=120
          <idle>-0     [002]  1670.403614: sched_stat_sleep: comm=metacity pid=1630 delay=239559 [ns]
          <idle>-0     [002]  1670.403616: sched_wakeup: comm=metacity pid=1630 prio=120 success=1 target_cpu=002
          <idle>-0     [002]  1670.403636: sched_stat_wait: comm=metacity pid=1630 delay=0 [ns]
          <idle>-0     [002]  1670.403637: sched_switch: prev_comm=swapper/2 prev_pid=0 prev_prio=120 prev_state=R ==> next_comm=metacity next_pid=1630 next_prio=120
        metacity-1630  [002]  1670.403720: sched_migrate_task: comm=Xorg pid=1113 prio=120 orig_cpu=1 dest_cpu=0
        metacity-1630  [002]  1670.403745: sched_stat_runtime: comm=metacity pid=1630 runtime=134902 [ns] vruntime=287876448212 [ns]
        metacity-1630  [002]  1670.403751: sched_switch: prev_comm=metacity prev_pid=1630 prev_prio=120 prev_state=S ==> next_comm=swapper/2 next_pid=0 next_prio=120
          <idle>-0     [002]  1670.404299: sched_stat_sleep: comm=Xorg pid=1113 delay=294583 [ns]
          <idle>-0     [002]  1670.404303: sched_wakeup: comm=Xorg pid=1113 prio=120 success=1 target_cpu=002
          <idle>-0     [002]  1670.404324: sched_stat_wait: comm=Xorg pid=1113 delay=0 [ns]
          <idle>-0     [002]  1670.404325: sched_switch: prev_comm=swapper/2 prev_pid=0 prev_prio=120 prev_state=R ==> next_comm=Xorg next_pid=1113 next_prio=120
            Xorg-1113  [002]  1670.404390: softirq_raise: vec=1 [action=TIMER]
            Xorg-1113  [002]  1670.404395: sched_stat_runtime: comm=Xorg pid=1113 runtime=99936 [ns] vruntime=34139828580 [ns]
            Xorg-1113  [002]  1670.404402: softirq_entry: vec=1 [action=TIMER]
            Xorg-1113  [002]  1670.404403: softirq_exit: vec=1 [action=TIMER]
            Xorg-1113  [002]  1670.404758: sched_migrate_task: comm=metacity pid=1630 prio=120 orig_cpu=1 dest_cpu=0
            Xorg-1113  [002]  1670.404807: sched_stat_runtime: comm=Xorg pid=1113 runtime=412503 [ns] vruntime=34140241083 [ns]
            Xorg-1113  [002]  1670.404814: sched_switch: prev_comm=Xorg prev_pid=1113 prev_prio=120 prev_state=S ==> next_comm=swapper/2 next_pid=0 next_prio=120
          <idle>-0     [002]  1670.405519: sched_stat_sleep: comm=threaded-ml pid=2994 delay=20786376 [ns]
          <idle>-0     [002]  1670.405523: sched_wakeup: comm=threaded-ml pid=2994 prio=120 success=1 target_cpu=002
          <idle>-0     [002]  1670.405543: sched_stat_wait: comm=threaded-ml pid=2994 delay=0 [ns]
          <idle>-0     [002]  1670.405545: sched_switch: prev_comm=swapper/2 prev_pid=0 prev_prio=120 prev_state=R ==> next_comm=threaded-ml next_pid=2994 next_prio=120
     threaded-ml-2994  [002]  1670.405635: sched_stat_runtime: comm=threaded-ml pid=2994 runtime=121140 [ns] vruntime=287870623519 [ns]
     threaded-ml-2994  [002]  1670.405640: sched_switch: prev_comm=threaded-ml prev_pid=2994 prev_prio=120 prev_state=S ==> next_comm=swapper/2 next_pid=0 next_prio=120
          <idle>-0     [002]  1670.411194: sched_stat_sleep: comm=bamfdaemon pid=1670 delay=364080209 [ns]
          <idle>-0     [002]  1670.411198: sched_wakeup: comm=bamfdaemon pid=1670 prio=120 success=1 target_cpu=002
          <idle>-0     [002]  1670.411222: sched_stat_wait: comm=bamfdaemon pid=1670 delay=0 [ns]
          <idle>-0     [002]  1670.411224: sched_switch: prev_comm=swapper/2 prev_pid=0 prev_prio=120 prev_state=R ==> next_comm=bamfdaemon next_pid=1670 next_prio=120
      bamfdaemon-1670  [002]  1670.411505: sched_stat_runtime: comm=bamfdaemon pid=1670 runtime=397850 [ns] vruntime=3387290676 [ns]
      bamfdaemon-1670  [002]  1670.411506: sched_stat_sleep: comm=gdbus pid=1678 delay=364344151 [ns]
      bamfdaemon-1670  [002]  1670.411507: sched_wakeup: comm=gdbus pid=1678 prio=120 success=1 target_cpu=002
      bamfdaemon-1670  [002]  1670.411586: sched_stat_runtime: comm=bamfdaemon pid=1670 runtime=81890 [ns] vruntime=3387372566 [ns]
      bamfdaemon-1670  [002]  1670.411588: sched_stat_wait: comm=gdbus pid=1678 delay=81890 [ns]
      bamfdaemon-1670  [002]  1670.411589: sched_switch: prev_comm=bamfdaemon prev_pid=1670 prev_prio=120 prev_state=S ==> next_comm=gdbus next_pid=1678 next_prio=120
           gdbus-1678  [002]  1670.411612: sched_migrate_task: comm=dbus-daemon pid=1604 prio=120 orig_cpu=0 dest_cpu=2
           gdbus-1678  [002]  1670.411613: sched_stat_runtime: comm=gdbus pid=1678 runtime=26671 [ns] vruntime=3388250466 [ns]
           gdbus-1678  [002]  1670.411613: sched_stat_sleep: comm=dbus-daemon pid=1604 delay=364152044 [ns]
           gdbus-1678  [002]  1670.411613: sched_wakeup: comm=dbus-daemon pid=1604 prio=120 success=1 target_cpu=002
           gdbus-1678  [002]  1670.411625: sched_stat_runtime: comm=gdbus pid=1678 runtime=12089 [ns] vruntime=3388262555 [ns]
           gdbus-1678  [002]  1670.411626: sched_stat_wait: comm=dbus-daemon pid=1604 delay=12089 [ns]
           gdbus-1678  [002]  1670.411627: sched_switch: prev_comm=gdbus prev_pid=1678 prev_prio=120 prev_state=S ==> next_comm=dbus-daemon next_pid=1604 next_prio=120
     dbus-daemon-1604  [002]  1670.411805: sched_migrate_task: comm=gdbus pid=1876 prio=120 orig_cpu=0 dest_cpu=2
     dbus-daemon-1604  [002]  1670.411808: sched_stat_runtime: comm=dbus-daemon pid=1604 runtime=182616 [ns] vruntime=3388406411 [ns]
     dbus-daemon-1604  [002]  1670.411808: sched_stat_sleep: comm=gdbus pid=1876 delay=525845846 [ns]
     dbus-daemon-1604  [002]  1670.411809: sched_wakeup: comm=gdbus pid=1876 prio=120 success=1 target_cpu=002
     dbus-daemon-1604  [002]  1670.411811: sched_stat_wait: comm=gdbus pid=1876 delay=0 [ns]
     dbus-daemon-1604  [002]  1670.411812: sched_switch: prev_comm=dbus-daemon prev_pid=1604 prev_prio=120 prev_state=R ==> next_comm=gdbus next_pid=1876 next_prio=120
           gdbus-1876  [002]  1670.412037: sched_stat_sleep: comm=plugin-containe pid=2992 delay=160650476 [ns]
           gdbus-1876  [002]  1670.412039: sched_wakeup: comm=plugin-containe pid=2992 prio=120 success=1 target_cpu=002
           gdbus-1876  [002]  1670.412114: sched_stat_runtime: comm=gdbus pid=1876 runtime=306623 [ns] vruntime=3382713034 [ns]
           gdbus-1876  [002]  1670.412115: sched_stat_sleep: comm=unity-applicati pid=1832 delay=2110319513 [ns]
           gdbus-1876  [002]  1670.412116: sched_wakeup: comm=unity-applicati pid=1832 prio=120 success=1 target_cpu=002
           gdbus-1876  [002]  1670.412137: sched_stat_runtime: comm=gdbus pid=1876 runtime=22491 [ns] vruntime=3382735525 [ns]
           gdbus-1876  [002]  1670.412138: sched_stat_wait: comm=unity-applicati pid=1832 delay=22491 [ns]
           gdbus-1876  [002]  1670.412139: sched_switch: prev_comm=gdbus prev_pid=1876 prev_prio=120 prev_state=S ==> next_comm=unity-applicati next_pid=1832 next_prio=120
 unity-applicati-1832  [002]  1670.412219: sched_stat_runtime: comm=unity-applicati pid=1832 runtime=82064 [ns] vruntime=3382488475 [ns]
 unity-applicati-1832  [002]  1670.412220: sched_stat_wait: comm=dbus-daemon pid=1604 delay=411178 [ns]
 unity-applicati-1832  [002]  1670.412221: sched_switch: prev_comm=unity-applicati prev_pid=1832 prev_prio=120 prev_state=S ==> next_comm=dbus-daemon next_pid=1604 next_prio=120
     dbus-daemon-1604  [002]  1670.412237: sched_stat_runtime: comm=dbus-daemon pid=1604 runtime=18683 [ns] vruntime=3388425094 [ns]
     dbus-daemon-1604  [002]  1670.412238: sched_stat_sleep: comm=hud-service pid=1818 delay=468600066 [ns]
     dbus-daemon-1604  [002]  1670.412238: sched_wakeup: comm=hud-service pid=1818 prio=120 success=1 target_cpu=002
     dbus-daemon-1604  [002]  1670.412240: sched_stat_wait: comm=hud-service pid=1818 delay=0 [ns]
     dbus-daemon-1604  [002]  1670.412240: sched_switch: prev_comm=dbus-daemon prev_pid=1604 prev_prio=120 prev_state=R ==> next_comm=hud-service next_pid=1818 next_prio=120
     hud-service-1818  [002]  1670.412331: sched_stat_runtime: comm=hud-service pid=1818 runtime=93554 [ns] vruntime=3382518648 [ns]
     hud-service-1818  [002]  1670.412332: sched_stat_wait: comm=dbus-daemon pid=1604 delay=93554 [ns]
     hud-service-1818  [002]  1670.412333: sched_switch: prev_comm=hud-service prev_pid=1818 prev_prio=120 prev_state=S ==> next_comm=dbus-daemon next_pid=1604 next_prio=120
     dbus-daemon-1604  [002]  1670.412343: sched_migrate_task: comm=unity-panel-ser pid=1750 prio=120 orig_cpu=0 dest_cpu=2
     dbus-daemon-1604  [002]  1670.412343: sched_stat_runtime: comm=dbus-daemon pid=1604 runtime=12196 [ns] vruntime=3388437290 [ns]
     dbus-daemon-1604  [002]  1670.412344: sched_stat_sleep: comm=unity-panel-ser pid=1750 delay=733430 [ns]
     dbus-daemon-1604  [002]  1670.412344: sched_wakeup: comm=unity-panel-ser pid=1750 prio=120 success=1 target_cpu=002
     dbus-daemon-1604  [002]  1670.412345: sched_stat_wait: comm=unity-panel-ser pid=1750 delay=0 [ns]
     dbus-daemon-1604  [002]  1670.412345: sched_switch: prev_comm=dbus-daemon prev_pid=1604 prev_prio=120 prev_state=R ==> next_comm=unity-panel-ser next_pid=1750 next_prio=120
 unity-panel-ser-1750  [002]  1670.412391: softirq_raise: vec=1 [action=TIMER]
 unity-panel-ser-1750  [002]  1670.412392: softirq_raise: vec=9 [action=RCU]
 unity-panel-ser-1750  [002]  1670.412396: sched_stat_runtime: comm=unity-panel-ser pid=1750 runtime=53375 [ns] vruntime=3382612038 [ns]
 unity-panel-ser-1750  [002]  1670.412406: softirq_entry: vec=1 [action=TIMER]
 unity-panel-ser-1750  [002]  1670.412407: softirq_exit: vec=1 [action=TIMER]
 unity-panel-ser-1750  [002]  1670.412415: softirq_entry: vec=9 [action=RCU]
 unity-panel-ser-1750  [002]  1670.412417: softirq_exit: vec=9 [action=RCU]
 unity-panel-ser-1750  [002]  1670.412513: sched_stat_runtime: comm=unity-panel-ser pid=1750 runtime=117859 [ns] vruntime=3382729897 [ns]
 unity-panel-ser-1750  [002]  1670.412515: sched_stat_wait: comm=dbus-daemon pid=1604 delay=171234 [ns]
 unity-panel-ser-1750  [002]  1670.412515: sched_switch: prev_comm=unity-panel-ser prev_pid=1750 prev_prio=120 prev_state=S ==> next_comm=dbus-daemon next_pid=1604 next_prio=120
     dbus-daemon-1604  [002]  1670.412667: sched_stat_runtime: comm=dbus-daemon pid=1604 runtime=154065 [ns] vruntime=3388591355 [ns]
     dbus-daemon-1604  [002]  1670.412669: sched_stat_wait: comm=plugin-containe pid=2992 delay=633566 [ns]
     dbus-daemon-1604  [002]  1670.412670: sched_switch: prev_comm=dbus-daemon prev_pid=1604 prev_prio=120 prev_state=S ==> next_comm=plugin-containe next_pid=2992 next_prio=120
 plugin-containe-2992  [002]  1670.413776: sched_migrate_task: comm=plugin-containe pid=2990 prio=120 orig_cpu=1 dest_cpu=2
 plugin-containe-2992  [002]  1670.413783: sched_stat_runtime: comm=plugin-containe pid=2992 runtime=1114198 [ns] vruntime=287871562410 [ns]
 plugin-containe-2992  [002]  1670.413785: sched_stat_sleep: comm=plugin-containe pid=2990 delay=1710179 [ns]
 plugin-containe-2992  [002]  1670.413787: sched_wakeup: comm=plugin-containe pid=2990 prio=120 success=1 target_cpu=002
 plugin-containe-2992  [002]  1670.413792: sched_stat_runtime: comm=plugin-containe pid=2992 runtime=10375 [ns] vruntime=287871572785 [ns]
 plugin-containe-2992  [002]  1670.413795: sched_stat_wait: comm=plugin-containe pid=2990 delay=10375 [ns]
 plugin-containe-2992  [002]  1670.413796: sched_switch: prev_comm=plugin-containe prev_pid=2992 prev_prio=120 prev_state=S ==> next_comm=plugin-containe next_pid=2990 next_prio=120
 plugin-containe-2990  [002]  1670.413881: sched_stat_runtime: comm=plugin-containe pid=2990 runtime=89345 [ns] vruntime=287870680742 [ns]
 plugin-containe-2990  [002]  1670.413899: sched_stat_runtime: comm=gedit pid=2151 runtime=1017115 [ns] vruntime=264787909815 [ns]
 plugin-containe-2990  [002]  1670.413900: sched_stat_wait: comm=unity-2d-shell pid=1645 delay=2544481 [ns]
 plugin-containe-2990  [002]  1670.413900: sched_migrate_task: comm=unity-2d-shell pid=1645 prio=120 orig_cpu=0 dest_cpu=2
 plugin-containe-2990  [002]  1670.413901: sched_stat_runtime: comm=plugin-containe pid=2990 runtime=19723 [ns] vruntime=287870700465 [ns]
 plugin-containe-2990  [002]  1670.413903: sched_stat_wait: comm=unity-2d-shell pid=1645 delay=0 [ns]
 plugin-containe-2990  [002]  1670.413903: sched_switch: prev_comm=plugin-containe prev_pid=2990 prev_prio=120 prev_state=S ==> next_comm=unity-2d-shell next_pid=1645 next_prio=120
  unity-2d-shell-1645  [002]  1670.414067: sched_stat_runtime: comm=unity-2d-shell pid=1645 runtime=165446 [ns] vruntime=287876415995 [ns]
  unity-2d-shell-1645  [002]  1670.414074: sched_stat_runtime: comm=plugin-containe pid=2993 runtime=984279 [ns] vruntime=83411441409 [ns]
  unity-2d-shell-1645  [002]  1670.414074: sched_stat_wait: comm=plugin-containe pid=2991 delay=984279 [ns]
  unity-2d-shell-1645  [002]  1670.414075: sched_migrate_task: comm=plugin-containe pid=2991 prio=120 orig_cpu=1 dest_cpu=2
  unity-2d-shell-1645  [002]  1670.414075: sched_stat_runtime: comm=unity-2d-shell pid=1645 runtime=9114 [ns] vruntime=287876425109 [ns]
  unity-2d-shell-1645  [002]  1670.414078: sched_stat_wait: comm=plugin-containe pid=2991 delay=0 [ns]
  unity-2d-shell-1645  [002]  1670.414078: sched_switch: prev_comm=unity-2d-shell prev_pid=1645 prev_prio=120 prev_state=S ==> next_comm=plugin-containe next_pid=2991 next_prio=120
 plugin-containe-2991  [002]  1670.415228: sched_stat_runtime: comm=plugin-containe pid=2991 runtime=1148418 [ns] vruntime=287871607131 [ns]
 plugin-containe-2991  [002]  1670.415273: sched_switch: prev_comm=plugin-containe prev_pid=2991 prev_prio=120 prev_state=S ==> next_comm=swapper/2 next_pid=0 next_prio=120
          <idle>-0     [002]  1670.416426: sched_stat_sleep: comm=metacity pid=1630 delay=11455556 [ns]
          <idle>-0     [002]  1670.416435: sched_wakeup: comm=metacity pid=1630 prio=120 success=1 target_cpu=002
          <idle>-0     [002]  1670.416452: sched_stat_sleep: comm=unity-2d-shell pid=1645 delay=2328967 [ns]
          <idle>-0     [002]  1670.416452: sched_wakeup: comm=unity-2d-shell pid=1645 prio=120 success=1 target_cpu=002
          <idle>-0     [002]  1670.416465: softirq_raise: vec=1 [action=TIMER]
          <idle>-0     [002]  1670.416472: softirq_raise: vec=7 [action=SCHED]
          <idle>-0     [002]  1670.416485: softirq_entry: vec=1 [action=TIMER]
          <idle>-0     [002]  1670.416486: softirq_exit: vec=1 [action=TIMER]
          <idle>-0     [002]  1670.416487: softirq_entry: vec=7 [action=SCHED]
          <idle>-0     [002]  1670.416499: softirq_exit: vec=7 [action=SCHED]
          <idle>-0     [002]  1670.416512: sched_stat_wait: comm=metacity pid=1630 delay=100499 [ns]
          <idle>-0     [002]  1670.416515: sched_switch: prev_comm=swapper/2 prev_pid=0 prev_prio=120 prev_state=R ==> next_comm=metacity next_pid=1630 next_prio=120
