# tracer: nop
#
#           TASK-PID    CPU#    TIMESTAMP  FUNCTION
#              | |       |          |         |
           <...>-2926  [002]  1670.048899: sched_switch: prev_comm=plugin-containe prev_pid=2926 prev_prio=120 prev_state=R ==> next_comm=plugin-containe next_pid=2934 next_prio=120
           <...>-2934  [002]  1670.048902: sched_stat_runtime: comm=plugin-containe pid=2934 runtime=7862 [ns] vruntime=287858937390 [ns]
           <...>-2934  [002]  1670.048903: sched_stat_wait: comm=plugin-containe pid=2926 delay=7862 [ns]
           <...>-2934  [002]  1670.048903: sched_switch: prev_comm=plugin-containe prev_pid=2934 prev_prio=120 prev_state=S ==> next_comm=plugin-containe next_pid=2926 next_prio=120
           <...>-2926  [002]  1670.048904: sched_stat_runtime: comm=plugin-containe pid=2926 runtime=2286 [ns] vruntime=287862770497 [ns]
           <...>-2926  [002]  1670.048904: sched_stat_sleep: comm=plugin-containe pid=2934 delay=2286 [ns]
           <...>-2926  [002]  1670.048905: sched_wakeup: comm=plugin-containe pid=2934 prio=120 success=1 target_cpu=002
           <...>-2926  [002]  1670.048905: sched_stat_wait: comm=plugin-containe pid=2934 delay=0 [ns]
           <...>-2926  [002]  1670.048906: sched_switch: prev_comm=plugin-containe prev_pid=2926 prev_prio=120 prev_state=R ==> next_comm=plugin-containe next_pid=2934 next_prio=120
           <...>-2934  [002]  1670.049231: sched_stat_runtime: comm=plugin-containe pid=2934 runtime=325855 [ns] vruntime=287859263245 [ns]
           <...>-2934  [002]  1670.049233: sched_stat_wait: comm=plugin-containe pid=2926 delay=325855 [ns]
           <...>-2934  [002]  1670.049234: sched_switch: prev_comm=plugin-containe prev_pid=2934 prev_prio=120 prev_state=S ==> next_comm=plugin-containe next_pid=2926 next_prio=120
           <...>-2926  [002]  1670.049687: sched_stat_runtime: comm=plugin-containe pid=2926 runtime=455137 [ns] vruntime=287863225634 [ns]
           <...>-2926  [002]  1670.049715: sched_switch: prev_comm=plugin-containe prev_pid=2926 prev_prio=120 prev_state=S ==> next_comm=swapper/2 next_pid=0 next_prio=120
          <idle>-0     [002]  1670.049888: sched_stat_sleep: comm=metacity pid=1630 delay=232494 [ns]
          <idle>-0     [002]  1670.049890: sched_wakeup: comm=metacity pid=1630 prio=120 success=1 target_cpu=002
          <idle>-0     [002]  1670.049899: sched_stat_wait: comm=metacity pid=1630 delay=0 [ns]
          <idle>-0     [002]  1670.049900: sched_switch: prev_comm=swapper/2 prev_pid=0 prev_prio=120 prev_state=R ==> next_comm=metacity next_pid=1630 next_prio=120
        metacity-1630  [002]  1670.050038: sched_stat_runtime: comm=metacity pid=1630 runtime=151645 [ns] vruntime=287862830053 [ns]
        metacity-1630  [002]  1670.050043: sched_switch: prev_comm=metacity prev_pid=1630 prev_prio=120 prev_state=S ==> next_comm=swapper/2 next_pid=0 next_prio=120
          <idle>-0     [002]  1670.050318: sched_stat_sleep: comm=plugin-containe pid=2926 delay=626967 [ns]
          <idle>-0     [002]  1670.050324: sched_wakeup: comm=plugin-containe pid=2926 prio=120 success=1 target_cpu=002
          <idle>-0     [002]  1670.050339: sched_stat_wait: comm=plugin-containe pid=2926 delay=0 [ns]
          <idle>-0     [002]  1670.050341: sched_switch: prev_comm=swapper/2 prev_pid=0 prev_prio=120 prev_state=R ==> next_comm=plugin-containe next_pid=2926 next_prio=120
           <...>-2926  [002]  1670.050453: sched_stat_runtime: comm=plugin-containe pid=2926 runtime=138869 [ns] vruntime=287863364503 [ns]
           <...>-2926  [002]  1670.050477: sched_switch: prev_comm=plugin-containe prev_pid=2926 prev_prio=120 prev_state=S ==> next_comm=swapper/2 next_pid=0 next_prio=120
          <idle>-0     [002]  1670.050782: sched_stat_sleep: comm=metacity pid=1630 delay=734599 [ns]
          <idle>-0     [002]  1670.050788: sched_wakeup: comm=metacity pid=1630 prio=120 success=1 target_cpu=002
          <idle>-0     [002]  1670.050884: sched_stat_wait: comm=metacity pid=1630 delay=0 [ns]
          <idle>-0     [002]  1670.050886: sched_switch: prev_comm=swapper/2 prev_pid=0 prev_prio=120 prev_state=R ==> next_comm=metacity next_pid=1630 next_prio=120
        metacity-1630  [002]  1670.050993: sched_stat_runtime: comm=metacity pid=1630 runtime=221441 [ns] vruntime=287863051494 [ns]
        metacity-1630  [002]  1670.051004: sched_switch: prev_comm=metacity prev_pid=1630 prev_prio=120 prev_state=S ==> next_comm=swapper/2 next_pid=0 next_prio=120
          <idle>-0     [002]  1670.051884: sched_stat_sleep: comm=metacity pid=1630 delay=888271 [ns]
          <idle>-0     [002]  1670.051889: sched_wakeup: comm=metacity pid=1630 prio=120 success=1 target_cpu=002
          <idle>-0     [002]  1670.051901: sched_stat_wait: comm=metacity pid=1630 delay=0 [ns]
          <idle>-0     [002]  1670.051903: sched_switch: prev_comm=swapper/2 prev_pid=0 prev_prio=120 prev_state=R ==> next_comm=metacity next_pid=1630 next_prio=120
        metacity-1630  [002]  1670.052001: sched_migrate_task: comm=Xorg pid=1113 prio=120 orig_cpu=1 dest_cpu=0
        metacity-1630  [002]  1670.052024: sched_stat_runtime: comm=metacity pid=1630 runtime=143627 [ns] vruntime=287863195121 [ns]
        metacity-1630  [002]  1670.052033: sched_switch: prev_comm=metacity prev_pid=1630 prev_prio=120 prev_state=S ==> next_comm=swapper/2 next_pid=0 next_prio=120
          <idle>-0     [002]  1670.052441: sched_stat_sleep: comm=Xorg pid=1113 delay=246906 [ns]
          <idle>-0     [002]  1670.052445: sched_wakeup: comm=Xorg pid=1113 prio=120 success=1 target_cpu=002
          <idle>-0     [002]  1670.052456: sched_stat_wait: comm=Xorg pid=1113 delay=0 [ns]
          <idle>-0     [002]  1670.052458: sched_switch: prev_comm=swapper/2 prev_pid=0 prev_prio=120 prev_state=R ==> next_comm=Xorg next_pid=1113 next_prio=120
            Xorg-1113  [002]  1670.052755: softirq_raise: vec=1 [action=TIMER]
            Xorg-1113  [002]  1670.052757: softirq_raise: vec=9 [action=RCU]
            Xorg-1113  [002]  1670.052762: sched_stat_runtime: comm=Xorg pid=1113 runtime=324102 [ns] vruntime=34118142495 [ns]
            Xorg-1113  [002]  1670.052773: softirq_entry: vec=1 [action=TIMER]
            Xorg-1113  [002]  1670.052774: softirq_exit: vec=1 [action=TIMER]
            Xorg-1113  [002]  1670.052774: softirq_entry: vec=9 [action=RCU]
            Xorg-1113  [002]  1670.052776: softirq_exit: vec=9 [action=RCU]
            Xorg-1113  [002]  1670.054682: sched_migrate_task: comm=metacity pid=1630 prio=120 orig_cpu=1 dest_cpu=0
            Xorg-1113  [002]  1670.054834: sched_stat_runtime: comm=Xorg pid=1113 runtime=2067725 [ns] vruntime=34120210220 [ns]
            Xorg-1113  [002]  1670.054862: sched_switch: prev_comm=Xorg prev_pid=1113 prev_prio=120 prev_state=S ==> next_comm=swapper/2 next_pid=0 next_prio=120
          <idle>-0     [002]  1670.056777: softirq_raise: vec=1 [action=TIMER]
          <idle>-0     [002]  1670.056795: softirq_entry: vec=1 [action=TIMER]
          <idle>-0     [002]  1670.056796: softirq_exit: vec=1 [action=TIMER]
          <idle>-0     [002]  1670.056947: sched_stat_sleep: comm=plugin-containe pid=2986 delay=15067151 [ns]
          <idle>-0     [002]  1670.056949: sched_wakeup: comm=plugin-containe pid=2986 prio=120 success=1 target_cpu=002
          <idle>-0     [002]  1670.056957: sched_stat_wait: comm=plugin-containe pid=2986 delay=0 [ns]
          <idle>-0     [002]  1670.056959: sched_switch: prev_comm=swapper/2 prev_pid=0 prev_prio=120 prev_state=R ==> next_comm=plugin-containe next_pid=2986 next_prio=120
           <...>-2986  [002]  1670.057002: sched_stat_runtime: comm=plugin-containe pid=2986 runtime=57075 [ns] vruntime=287858871237 [ns]
           <...>-2986  [002]  1670.057009: sched_switch: prev_comm=plugin-containe prev_pid=2986 prev_prio=120 prev_state=S ==> next_comm=swapper/2 next_pid=0 next_prio=120
          <idle>-0     [002]  1670.057168: sched_stat_sleep: comm=plugin-containe pid=2989 delay=20069154 [ns]
          <idle>-0     [002]  1670.057169: sched_wakeup: comm=plugin-containe pid=2989 prio=120 success=1 target_cpu=002
          <idle>-0     [002]  1670.057175: sched_stat_wait: comm=plugin-containe pid=2989 delay=0 [ns]
          <idle>-0     [002]  1670.057175: sched_switch: prev_comm=swapper/2 prev_pid=0 prev_prio=120 prev_state=R ==> next_comm=plugin-containe next_pid=2989 next_prio=120
 plugin-containe-2989  [002]  1670.057185: sched_stat_runtime: comm=plugin-containe pid=2989 runtime=17494 [ns] vruntime=287858888171 [ns]
 plugin-containe-2989  [002]  1670.057188: sched_switch: prev_comm=plugin-containe prev_pid=2989 prev_prio=120 prev_state=S ==> next_comm=swapper/2 next_pid=0 next_prio=120
          <idle>-0     [002]  1670.060761: softirq_raise: vec=1 [action=TIMER]
          <idle>-0     [002]  1670.060779: softirq_entry: vec=1 [action=TIMER]
          <idle>-0     [002]  1670.060780: softirq_exit: vec=1 [action=TIMER]
          <idle>-0     [002]  1670.063813: sched_stat_sleep: comm=threaded-ml pid=2994 delay=10197289 [ns]
          <idle>-0     [002]  1670.063817: sched_wakeup: comm=threaded-ml pid=2994 prio=120 success=1 target_cpu=002
          <idle>-0     [002]  1670.063828: sched_stat_wait: comm=threaded-ml pid=2994 delay=0 [ns]
          <idle>-0     [002]  1670.063829: sched_switch: prev_comm=swapper/2 prev_pid=0 prev_prio=120 prev_state=R ==> next_comm=threaded-ml next_pid=2994 next_prio=120
     threaded-ml-2994  [002]  1670.063909: sched_migrate_task: comm=plugin-containe pid=2995 prio=120 orig_cpu=1 dest_cpu=0
     threaded-ml-2994  [002]  1670.063945: sched_stat_runtime: comm=threaded-ml pid=2994 runtime=138123 [ns] vruntime=287859023131 [ns]
     threaded-ml-2994  [002]  1670.063952: sched_switch: prev_comm=threaded-ml prev_pid=2994 prev_prio=120 prev_state=S ==> next_comm=swapper/2 next_pid=0 next_prio=120
          <idle>-0     [002]  1670.064163: sched_stat_sleep: comm=threaded-ml pid=2994 delay=215078 [ns]
          <idle>-0     [002]  1670.064167: sched_wakeup: comm=threaded-ml pid=2994 prio=120 success=1 target_cpu=002
          <idle>-0     [002]  1670.064179: sched_stat_wait: comm=threaded-ml pid=2994 delay=0 [ns]
          <idle>-0     [002]  1670.064181: sched_switch: prev_comm=swapper/2 prev_pid=0 prev_prio=120 prev_state=R ==> next_comm=threaded-ml next_pid=2994 next_prio=120
     threaded-ml-2994  [002]  1670.064225: sched_migrate_task: comm=pulseaudio pid=1643 prio=109 orig_cpu=1 dest_cpu=0
     threaded-ml-2994  [002]  1670.064358: sched_stat_runtime: comm=threaded-ml pid=2994 runtime=197412 [ns] vruntime=287859220543 [ns]
     threaded-ml-2994  [002]  1670.064374: sched_switch: prev_comm=threaded-ml prev_pid=2994 prev_prio=120 prev_state=S ==> next_comm=swapper/2 next_pid=0 next_prio=120
          <idle>-0     [002]  1670.064732: sched_stat_sleep: comm=Xorg pid=1113 delay=9910504 [ns]
          <idle>-0     [002]  1670.064737: sched_wakeup: comm=Xorg pid=1113 prio=120 success=1 target_cpu=002
          <idle>-0     [002]  1670.064772: softirq_raise: vec=1 [action=TIMER]
          <idle>-0     [002]  1670.064793: softirq_entry: vec=1 [action=TIMER]
          <idle>-0     [002]  1670.064794: softirq_exit: vec=1 [action=TIMER]
          <idle>-0     [002]  1670.064802: sched_stat_wait: comm=Xorg pid=1113 delay=48040 [ns]
          <idle>-0     [002]  1670.064803: sched_switch: prev_comm=swapper/2 prev_pid=0 prev_prio=120 prev_state=R ==> next_comm=Xorg next_pid=1113 next_prio=120
            Xorg-1113  [002]  1670.064900: sched_migrate_task: comm=unity-2d-shell pid=1645 prio=120 orig_cpu=1 dest_cpu=0
            Xorg-1113  [002]  1670.064933: sched_stat_runtime: comm=Xorg pid=1113 runtime=156038 [ns] vruntime=34120366258 [ns]
            Xorg-1113  [002]  1670.064940: sched_switch: prev_comm=Xorg prev_pid=1113 prev_prio=120 prev_state=S ==> next_comm=swapper/2 next_pid=0 next_prio=120
          <idle>-0     [002]  1670.065718: sched_stat_sleep: comm=metacity pid=1630 delay=10419566 [ns]
          <idle>-0     [002]  1670.065722: sched_wakeup: comm=metacity pid=1630 prio=120 success=1 target_cpu=002
          <idle>-0     [002]  1670.065835: sched_stat_wait: comm=metacity pid=1630 delay=0 [ns]
          <idle>-0     [002]  1670.065838: sched_switch: prev_comm=swapper/2 prev_pid=0 prev_prio=120 prev_state=R ==> next_comm=metacity next_pid=1630 next_prio=120
        metacity-1630  [002]  1670.065964: sched_stat_runtime: comm=metacity pid=1630 runtime=250764 [ns] vruntime=287863206722 [ns]
        metacity-1630  [002]  1670.065971: sched_switch: prev_comm=metacity prev_pid=1630 prev_prio=120 prev_state=S ==> next_comm=swapper/2 next_pid=0 next_prio=120
          <idle>-0     [002]  1670.066244: sched_stat_sleep: comm=metacity pid=1630 delay=276751 [ns]
          <idle>-0     [002]  1670.066249: sched_wakeup: comm=metacity pid=1630 prio=120 success=1 target_cpu=002
          <idle>-0     [002]  1670.066261: sched_stat_wait: comm=metacity pid=1630 delay=0 [ns]
          <idle>-0     [002]  1670.066262: sched_switch: prev_comm=swapper/2 prev_pid=0 prev_prio=120 prev_state=R ==> next_comm=metacity next_pid=1630 next_prio=120
        metacity-1630  [002]  1670.066495: sched_migrate_task: comm=Xorg pid=1113 prio=120 orig_cpu=1 dest_cpu=0
        metacity-1630  [002]  1670.066536: sched_stat_runtime: comm=metacity pid=1630 runtime=295104 [ns] vruntime=287863501826 [ns]
        metacity-1630  [002]  1670.066548: sched_switch: prev_comm=metacity prev_pid=1630 prev_prio=120 prev_state=S ==> next_comm=swapper/2 next_pid=0 next_prio=120
          <idle>-0     [002]  1670.068769: softirq_raise: vec=1 [action=TIMER]
          <idle>-0     [002]  1670.068790: softirq_entry: vec=1 [action=TIMER]
          <idle>-0     [002]  1670.068791: softirq_exit: vec=1 [action=TIMER]
          <idle>-0     [002]  1670.072130: sched_stat_sleep: comm=plugin-containe pid=2986 delay=15138148 [ns]
          <idle>-0     [002]  1670.072135: sched_wakeup: comm=plugin-containe pid=2986 prio=120 success=1 target_cpu=002
          <idle>-0     [002]  1670.072144: sched_stat_wait: comm=plugin-containe pid=2986 delay=0 [ns]
          <idle>-0     [002]  1670.072145: sched_switch: prev_comm=swapper/2 prev_pid=0 prev_prio=120 prev_state=R ==> next_comm=plugin-containe next_pid=2986 next_prio=120
           <...>-2986  [002]  1670.072185: sched_stat_runtime: comm=plugin-containe pid=2986 runtime=59468 [ns] vruntime=287858930705 [ns]
           <...>-2986  [002]  1670.072193: sched_switch: prev_comm=plugin-containe prev_pid=2986 prev_prio=120 prev_state=S ==> next_comm=swapper/2 next_pid=0 next_prio=120
          <idle>-0     [002]  1670.072775: softirq_raise: vec=1 [action=TIMER]
          <idle>-0     [002]  1670.072795: softirq_entry: vec=1 [action=TIMER]
          <idle>-0     [002]  1670.072796: softirq_exit: vec=1 [action=TIMER]
          <idle>-0     [002]  1670.076744: softirq_raise: vec=1 [action=TIMER]
          <idle>-0     [002]  1670.076763: softirq_entry: vec=1 [action=TIMER]
          <idle>-0     [002]  1670.076763: softirq_exit: vec=1 [action=TIMER]
          <idle>-0     [002]  1670.078398: sched_stat_sleep: comm=plugin-containe pid=2989 delay=21229549 [ns]
          <idle>-0     [002]  1670.078403: sched_wakeup: comm=plugin-containe pid=2989 prio=120 success=1 target_cpu=002
          <idle>-0     [002]  1670.078414: sched_stat_wait: comm=plugin-containe pid=2989 delay=0 [ns]
          <idle>-0     [002]  1670.078415: sched_switch: prev_comm=swapper/2 prev_pid=0 prev_prio=120 prev_state=R ==> next_comm=plugin-containe next_pid=2989 next_prio=120
 plugin-containe-2989  [002]  1670.079112: sched_stat_runtime: comm=plugin-containe pid=2989 runtime=716054 [ns] vruntime=287859604225 [ns]
 plugin-containe-2989  [002]  1670.079120: sched_switch: prev_comm=plugin-containe prev_pid=2989 prev_prio=120 prev_state=S ==> next_comm=swapper/2 next_pid=0 next_prio=120
          <idle>-0     [002]  1670.079441: sched_stat_sleep: comm=plugin-containe pid=2934 delay=30234902 [ns]
          <idle>-0     [002]  1670.079446: sched_wakeup: comm=plugin-containe pid=2934 prio=120 success=1 target_cpu=002
          <idle>-0     [002]  1670.079459: sched_stat_wait: comm=plugin-containe pid=2934 delay=0 [ns]
          <idle>-0     [002]  1670.079461: sched_switch: prev_comm=swapper/2 prev_pid=0 prev_prio=120 prev_state=R ==> next_comm=plugin-containe next_pid=2934 next_prio=120
           <...>-2934  [002]  1670.079605: sched_stat_runtime: comm=plugin-containe pid=2934 runtime=169335 [ns] vruntime=287859432580 [ns]
           <...>-2934  [002]  1670.079612: sched_switch: prev_comm=plugin-containe prev_pid=2934 prev_prio=120 prev_state=S ==> next_comm=swapper/2 next_pid=0 next_prio=120
          <idle>-0     [002]  1670.079804: sched_stat_sleep: comm=plugin-containe pid=2990 delay=31344843 [ns]
          <idle>-0     [002]  1670.079807: sched_wakeup: comm=plugin-containe pid=2990 prio=120 success=1 target_cpu=002
          <idle>-0     [002]  1670.079816: sched_stat_wait: comm=plugin-containe pid=2990 delay=0 [ns]
          <idle>-0     [002]  1670.079816: sched_switch: prev_comm=swapper/2 prev_pid=0 prev_prio=120 prev_state=R ==> next_comm=plugin-containe next_pid=2990 next_prio=120
 plugin-containe-2990  [002]  1670.079859: sched_migrate_task: comm=plugin-containe pid=2993 prio=120 orig_cpu=2 dest_cpu=1
 plugin-containe-2990  [002]  1670.079927: sched_stat_runtime: comm=plugin-containe pid=2990 runtime=125473 [ns] vruntime=287859082968 [ns]
 plugin-containe-2990  [002]  1670.079931: sched_switch: prev_comm=plugin-containe prev_pid=2990 prev_prio=120 prev_state=S ==> next_comm=swapper/2 next_pid=0 next_prio=120
          <idle>-0     [002]  1670.080123: sched_stat_sleep: comm=unity-2d-shell pid=1645 delay=14116702 [ns]
          <idle>-0     [002]  1670.080125: sched_wakeup: comm=unity-2d-shell pid=1645 prio=120 success=1 target_cpu=002
          <idle>-0     [002]  1670.080131: sched_stat_wait: comm=unity-2d-shell pid=1645 delay=0 [ns]
          <idle>-0     [002]  1670.080132: sched_switch: prev_comm=swapper/2 prev_pid=0 prev_prio=120 prev_state=R ==> next_comm=unity-2d-shell next_pid=1645 next_prio=120
  unity-2d-shell-1645  [002]  1670.080179: sched_stat_runtime: comm=unity-2d-shell pid=1645 runtime=57816 [ns] vruntime=287864871978 [ns]
  unity-2d-shell-1645  [002]  1670.080181: sched_stat_sleep: comm=plugin-containe pid=2934 delay=574564 [ns]
  unity-2d-shell-1645  [002]  1670.080181: sched_wakeup: comm=plugin-containe pid=2934 prio=120 success=1 target_cpu=002
  unity-2d-shell-1645  [002]  1670.080186: sched_stat_wait: comm=plugin-containe pid=2934 delay=0 [ns]
  unity-2d-shell-1645  [002]  1670.080186: sched_switch: prev_comm=unity-2d-shell prev_pid=1645 prev_prio=120 prev_state=R ==> next_comm=plugin-containe next_pid=2934 next_prio=120
           <...>-2934  [002]  1670.080539: sched_stat_runtime: comm=plugin-containe pid=2934 runtime=357229 [ns] vruntime=287859789809 [ns]
           <...>-2934  [002]  1670.080543: sched_stat_wait: comm=unity-2d-shell pid=1645 delay=357229 [ns]
           <...>-2934  [002]  1670.080544: sched_switch: prev_comm=plugin-containe prev_pid=2934 prev_prio=120 prev_state=S ==> next_comm=unity-2d-shell next_pid=1645 next_prio=120
  unity-2d-shell-1645  [002]  1670.080739: softirq_raise: vec=1 [action=TIMER]
  unity-2d-shell-1645  [002]  1670.080754: sched_stat_runtime: comm=unity-2d-shell pid=1645 runtime=217683 [ns] vruntime=287865089661 [ns]
  unity-2d-shell-1645  [002]  1670.080770: softirq_entry: vec=1 [action=TIMER]
  unity-2d-shell-1645  [002]  1670.080771: softirq_exit: vec=1 [action=TIMER]
  unity-2d-shell-1645  [002]  1670.081003: sched_stat_runtime: comm=unity-2d-shell pid=1645 runtime=249378 [ns] vruntime=287865339039 [ns]
  unity-2d-shell-1645  [002]  1670.081016: sched_stat_runtime: comm=plugin-containe pid=2993 runtime=280956 [ns] vruntime=83393925032 [ns]
  unity-2d-shell-1645  [002]  1670.081017: sched_stat_wait: comm=plugin-containe pid=2933 delay=847613 [ns]
  unity-2d-shell-1645  [002]  1670.081018: sched_migrate_task: comm=plugin-containe pid=2933 prio=120 orig_cpu=1 dest_cpu=2
  unity-2d-shell-1645  [002]  1670.081019: sched_stat_runtime: comm=unity-2d-shell pid=1645 runtime=16371 [ns] vruntime=287865355410 [ns]
  unity-2d-shell-1645  [002]  1670.081023: sched_stat_wait: comm=plugin-containe pid=2933 delay=0 [ns]
  unity-2d-shell-1645  [002]  1670.081024: sched_switch: prev_comm=unity-2d-shell prev_pid=1645 prev_prio=120 prev_state=S ==> next_comm=plugin-containe next_pid=2933 next_prio=120
           <...>-2933  [002]  1670.081380: sched_migrate_task: comm=plugin-containe pid=2926 prio=120 orig_cpu=0 dest_cpu=1
           <...>-2933  [002]  1670.081409: sched_stat_runtime: comm=plugin-containe pid=2933 runtime=389099 [ns] vruntime=287860030695 [ns]
           <...>-2933  [002]  1670.081419: sched_switch: prev_comm=plugin-containe prev_pid=2933 prev_prio=120 prev_state=S ==> next_comm=swapper/2 next_pid=0 next_prio=120
          <idle>-0     [002]  1670.081660: sched_stat_sleep: comm=Xorg pid=1113 delay=431522 [ns]
          <idle>-0     [002]  1670.081664: sched_wakeup: comm=Xorg pid=1113 prio=120 success=1 target_cpu=002
          <idle>-0     [002]  1670.081673: sched_stat_wait: comm=Xorg pid=1113 delay=0 [ns]
          <idle>-0     [002]  1670.081674: sched_switch: prev_comm=swapper/2 prev_pid=0 prev_prio=120 prev_state=R ==> next_comm=Xorg next_pid=1113 next_prio=120
            Xorg-1113  [002]  1670.081794: sched_migrate_task: comm=plugin-containe pid=2926 prio=120 orig_cpu=1 dest_cpu=0
            Xorg-1113  [002]  1670.081905: sched_migrate_task: comm=unity-2d-shell pid=1645 prio=120 orig_cpu=0 dest_cpu=2
            Xorg-1113  [002]  1670.081906: sched_stat_sleep: comm=unity-2d-shell pid=1645 delay=211332 [ns]
            Xorg-1113  [002]  1670.081907: sched_wakeup: comm=unity-2d-shell pid=1645 prio=120 success=1 target_cpu=002
            Xorg-1113  [002]  1670.082411: sched_migrate_task: comm=metacity pid=1630 prio=120 orig_cpu=1 dest_cpu=0
            Xorg-1113  [002]  1670.082562: sched_stat_runtime: comm=Xorg pid=1113 runtime=905462 [ns] vruntime=34121271720 [ns]
            Xorg-1113  [002]  1670.082566: sched_stat_wait: comm=unity-2d-shell pid=1645 delay=655157 [ns]
            Xorg-1113  [002]  1670.082568: sched_switch: prev_comm=Xorg prev_pid=1113 prev_prio=120 prev_state=S ==> next_comm=unity-2d-shell next_pid=1645 next_prio=120
  unity-2d-shell-1645  [002]  1670.082694: sched_stat_runtime: comm=unity-2d-shell pid=1645 runtime=132835 [ns] vruntime=287865488245 [ns]
  unity-2d-shell-1645  [002]  1670.082701: sched_switch: prev_comm=unity-2d-shell prev_pid=1645 prev_prio=120 prev_state=S ==> next_comm=swapper/2 next_pid=0 next_prio=120
          <idle>-0     [002]  1670.082718: softirq_raise: vec=9 [action=RCU]
          <idle>-0     [002]  1670.082720: sched_stat_sleep: comm=ksoftirqd/2 pid=15 delay=95334146 [ns]
          <idle>-0     [002]  1670.082721: sched_wakeup: comm=ksoftirqd/2 pid=15 prio=120 success=1 target_cpu=002
          <idle>-0     [002]  1670.082730: sched_stat_wait: comm=ksoftirqd/2 pid=15 delay=0 [ns]
          <idle>-0     [002]  1670.082731: sched_switch: prev_comm=swapper/2 prev_pid=0 prev_prio=120 prev_state=R ==> next_comm=ksoftirqd/2 next_pid=15 next_prio=120
     ksoftirqd/2-15    [002]  1670.082733: softirq_entry: vec=9 [action=RCU]
     ksoftirqd/2-15    [002]  1670.082735: softirq_exit: vec=9 [action=RCU]
     ksoftirqd/2-15    [002]  1670.082736: sched_stat_runtime: comm=ksoftirqd/2 pid=15 runtime=16843 [ns] vruntime=202396859940 [ns]
     ksoftirqd/2-15    [002]  1670.082738: sched_switch: prev_comm=ksoftirqd/2 prev_pid=15 prev_prio=120 prev_state=S ==> next_comm=swapper/2 next_pid=0 next_prio=120
          <idle>-0     [002]  1670.082914: sched_stat_sleep: comm=metacity pid=1630 delay=257521 [ns]
          <idle>-0     [002]  1670.082917: sched_wakeup: comm=metacity pid=1630 prio=120 success=1 target_cpu=002
          <idle>-0     [002]  1670.082935: sched_stat_wait: comm=metacity pid=1630 delay=0 [ns]
          <idle>-0     [002]  1670.082936: sched_switch: prev_comm=swapper/2 prev_pid=0 prev_prio=120 prev_state=R ==> next_comm=metacity next_pid=1630 next_prio=120
        metacity-1630  [002]  1670.083034: sched_migrate_task: comm=Xorg pid=1113 prio=120 orig_cpu=1 dest_cpu=0
        metacity-1630  [002]  1670.083052: sched_stat_runtime: comm=metacity pid=1630 runtime=140441 [ns] vruntime=287864814591 [ns]
        metacity-1630  [002]  1670.083057: sched_switch: prev_comm=metacity prev_pid=1630 prev_prio=120 prev_state=S ==> next_comm=swapper/2 next_pid=0 next_prio=120
          <idle>-0     [002]  1670.085269: sched_stat_sleep: comm=threaded-ml pid=2994 delay=20926111 [ns]
          <idle>-0     [002]  1670.085274: sched_wakeup: comm=threaded-ml pid=2994 prio=120 success=1 target_cpu=002
          <idle>-0     [002]  1670.085290: sched_stat_wait: comm=threaded-ml pid=2994 delay=0 [ns]
          <idle>-0     [002]  1670.085291: sched_switch: prev_comm=swapper/2 prev_pid=0 prev_prio=120 prev_state=R ==> next_comm=threaded-ml next_pid=2994 next_prio=120
     threaded-ml-2994  [002]  1670.085353: sched_stat_runtime: comm=threaded-ml pid=2994 runtime=89390 [ns] vruntime=287859577635 [ns]
     threaded-ml-2994  [002]  1670.085360: sched_switch: prev_comm=threaded-ml prev_pid=2994 prev_prio=120 prev_state=S ==> next_comm=swapper/2 next_pid=0 next_prio=120
          <idle>-0     [002]  1670.087286: sched_stat_sleep: comm=plugin-containe pid=2986 delay=15112366 [ns]
          <idle>-0     [002]  1670.087289: sched_wakeup: comm=plugin-containe pid=2986 prio=120 success=1 target_cpu=002
          <idle>-0     [002]  1670.087308: sched_stat_wait: comm=plugin-containe pid=2986 delay=0 [ns]
          <idle>-0     [002]  1670.087309: sched_switch: prev_comm=swapper/2 prev_pid=0 prev_prio=120 prev_state=R ==> next_comm=plugin-containe next_pid=2986 next_prio=120
           <...>-2986  [002]  1670.087350: sched_stat_runtime: comm=plugin-containe pid=2986 runtime=66559 [ns] vruntime=287859554804 [ns]
           <...>-2986  [002]  1670.087356: sched_switch: prev_comm=plugin-containe prev_pid=2986 prev_prio=120 prev_state=S ==> next_comm=swapper/2 next_pid=0 next_prio=120
          <idle>-0     [002]  1670.096793: sched_stat_sleep: comm=unity-2d-shell pid=1645 delay=14090069 [ns]
          <idle>-0     [002]  1670.096806: sched_wakeup: comm=unity-2d-shell pid=1645 prio=120 success=1 target_cpu=002
          <idle>-0     [002]  1670.096845: sched_stat_wait: comm=unity-2d-shell pid=1645 delay=0 [ns]
          <idle>-0     [002]  1670.096854: sched_switch: prev_comm=swapper/2 prev_pid=0 prev_prio=120 prev_state=R ==> next_comm=unity-2d-shell next_pid=1645 next_prio=120
  unity-2d-shell-1645  [002]  1670.097160: sched_stat_runtime: comm=unity-2d-shell pid=1645 runtime=373930 [ns] vruntime=287865862175 [ns]
  unity-2d-shell-1645  [002]  1670.097183: sched_switch: prev_comm=unity-2d-shell prev_pid=1645 prev_prio=120 prev_state=S ==> next_comm=swapper/2 next_pid=0 next_prio=120
          <idle>-0     [002]  1670.098067: sched_stat_sleep: comm=Xorg pid=1113 delay=580441 [ns]
          <idle>-0     [002]  1670.098070: sched_wakeup: comm=Xorg pid=1113 prio=120 success=1 target_cpu=002
          <idle>-0     [002]  1670.098084: sched_stat_wait: comm=Xorg pid=1113 delay=0 [ns]
          <idle>-0     [002]  1670.098086: sched_switch: prev_comm=swapper/2 prev_pid=0 prev_prio=120 prev_state=R ==> next_comm=Xorg next_pid=1113 next_prio=120
            Xorg-1113  [002]  1670.098220: sched_migrate_task: comm=metacity pid=1630 prio=120 orig_cpu=1 dest_cpu=0
            Xorg-1113  [002]  1670.098286: sched_stat_runtime: comm=Xorg pid=1113 runtime=235023 [ns] vruntime=34121506743 [ns]
            Xorg-1113  [002]  1670.098292: sched_switch: prev_comm=Xorg prev_pid=1113 prev_prio=120 prev_state=S ==> next_comm=swapper/2 next_pid=0 next_prio=120
          <idle>-0     [002]  1670.098573: sched_stat_sleep: comm=Xorg pid=1113 delay=284139 [ns]
          <idle>-0     [002]  1670.098577: sched_wakeup: comm=Xorg pid=1113 prio=120 success=1 target_cpu=002
          <idle>-0     [002]  1670.098591: sched_stat_wait: comm=Xorg pid=1113 delay=0 [ns]
          <idle>-0     [002]  1670.098592: sched_switch: prev_comm=swapper/2 prev_pid=0 prev_prio=120 prev_state=R ==> next_comm=Xorg next_pid=1113 next_prio=120
            Xorg-1113  [002]  1670.098740: sched_stat_runtime: comm=Xorg pid=1113 runtime=169939 [ns] vruntime=34121676682 [ns]
            Xorg-1113  [002]  1670.098745: sched_switch: prev_comm=Xorg prev_pid=1113 prev_prio=120 prev_state=S ==> next_comm=swapper/2 next_pid=0 next_prio=120
          <idle>-0     [002]  1670.099225: sched_stat_sleep: comm=plugin-containe pid=2989 delay=20130829 [ns]
          <idle>-0     [002]  1670.099229: sched_wakeup: comm=plugin-containe pid=2989 prio=120 success=1 target_cpu=002
          <idle>-0     [002]  1670.099251: sched_stat_wait: comm=plugin-containe pid=2989 delay=0 [ns]
          <idle>-0     [002]  1670.099252: sched_switch: prev_comm=swapper/2 prev_pid=0 prev_prio=120 prev_state=R ==> next_comm=plugin-containe next_pid=2989 next_prio=120
 plugin-containe-2989  [002]  1670.099273: sched_stat_runtime: comm=plugin-containe pid=2989 runtime=50793 [ns] vruntime=287859912968 [ns]
 plugin-containe-2989  [002]  1670.099279: sched_switch: prev_comm=plugin-containe prev_pid=2989 prev_prio=120 prev_state=S ==> next_comm=swapper/2 next_pid=0 next_prio=120
          <idle>-0     [002]  1670.099428: sched_stat_sleep: comm=metacity pid=1630 delay=484737 [ns]
          <idle>-0     [002]  1670.099429: sched_wakeup: comm=metacity pid=1630 prio=120 success=1 target_cpu=002
          <idle>-0     [002]  1670.099440: sched_stat_wait: comm=metacity pid=1630 delay=0 [ns]
          <idle>-0     [002]  1670.099440: sched_switch: prev_comm=swapper/2 prev_pid=0 prev_prio=120 prev_state=R ==> next_comm=metacity next_pid=1630 next_prio=120
        metacity-1630  [002]  1670.099512: sched_stat_runtime: comm=metacity pid=1630 runtime=85704 [ns] vruntime=287864842062 [ns]
        metacity-1630  [002]  1670.099515: sched_switch: prev_comm=metacity prev_pid=1630 prev_prio=120 prev_state=S ==> next_comm=swapper/2 next_pid=0 next_prio=120
          <idle>-0     [002]  1670.101886: sched_stat_sleep: comm=threaded-ml pid=2994 delay=16542670 [ns]
          <idle>-0     [002]  1670.101891: sched_wakeup: comm=threaded-ml pid=2994 prio=120 success=1 target_cpu=002
          <idle>-0     [002]  1670.101906: sched_stat_wait: comm=threaded-ml pid=2994 delay=0 [ns]
          <idle>-0     [002]  1670.101907: sched_switch: prev_comm=swapper/2 prev_pid=0 prev_prio=120 prev_state=R ==> next_comm=threaded-ml next_pid=2994 next_prio=120
     threaded-ml-2994  [002]  1670.101970: sched_stat_runtime: comm=threaded-ml pid=2994 runtime=90563 [ns] vruntime=287859952738 [ns]
     threaded-ml-2994  [002]  1670.101977: sched_switch: prev_comm=threaded-ml prev_pid=2994 prev_prio=120 prev_state=S ==> next_comm=swapper/2 next_pid=0 next_prio=120
          <idle>-0     [002]  1670.102444: sched_stat_sleep: comm=plugin-containe pid=2986 delay=15105441 [ns]
          <idle>-0     [002]  1670.102448: sched_wakeup: comm=plugin-containe pid=2986 prio=120 success=1 target_cpu=002
          <idle>-0     [002]  1670.102465: sched_stat_wait: comm=plugin-containe pid=2986 delay=0 [ns]
          <idle>-0     [002]  1670.102467: sched_switch: prev_comm=swapper/2 prev_pid=0 prev_prio=120 prev_state=R ==> next_comm=plugin-containe next_pid=2986 next_prio=120
           <...>-2986  [002]  1670.102501: sched_stat_runtime: comm=plugin-containe pid=2986 runtime=59624 [ns] vruntime=287859921799 [ns]
           <...>-2986  [002]  1670.102506: sched_switch: prev_comm=plugin-containe prev_pid=2986 prev_prio=120 prev_state=S ==> next_comm=swapper/2 next_pid=0 next_prio=120
          <idle>-0     [002]  1670.111159: sched_stat_sleep: comm=plugin-containe pid=2933 delay=29419401 [ns]
          <idle>-0     [002]  1670.111161: sched_wakeup: comm=plugin-containe pid=2933 prio=120 success=1 target_cpu=002
          <idle>-0     [002]  1670.111180: sched_stat_wait: comm=plugin-containe pid=2933 delay=0 [ns]
          <idle>-0     [002]  1670.111181: sched_switch: prev_comm=swapper/2 prev_pid=0 prev_prio=120 prev_state=R ==> next_comm=plugin-containe next_pid=2933 next_prio=120
           <...>-2933  [002]  1670.111355: sched_stat_runtime: comm=plugin-containe pid=2933 runtime=556039 [ns] vruntime=287860586734 [ns]
           <...>-2933  [002]  1670.111361: sched_switch: prev_comm=plugin-containe prev_pid=2933 prev_prio=120 prev_state=S ==> next_comm=swapper/2 next_pid=0 next_prio=120
          <idle>-0     [002]  1670.111967: sched_stat_sleep: comm=plugin-containe pid=2991 delay=92907010 [ns]
          <idle>-0     [002]  1670.111968: sched_wakeup: comm=plugin-containe pid=2991 prio=120 success=1 target_cpu=002
          <idle>-0     [002]  1670.111970: sched_stat_sleep: comm=unity-2d-shell pid=1645 delay=13501030 [ns]
          <idle>-0     [002]  1670.111970: sched_wakeup: comm=unity-2d-shell pid=1645 prio=120 success=1 target_cpu=002
          <idle>-0     [002]  1670.111984: sched_stat_wait: comm=plugin-containe pid=2991 delay=3498 [ns]
          <idle>-0     [002]  1670.111985: sched_switch: prev_comm=swapper/2 prev_pid=0 prev_prio=120 prev_state=R ==> next_comm=plugin-containe next_pid=2991 next_prio=120
 plugin-containe-2991  [002]  1670.112709: softirq_raise: vec=1 [action=TIMER]
 plugin-containe-2991  [002]  1670.112718: sched_stat_runtime: comm=plugin-containe pid=2991 runtime=75372 [ns] vruntime=287860610616 [ns]
 plugin-containe-2991  [002]  1670.112720: softirq_raise: vec=7 [action=SCHED]
 plugin-containe-2991  [002]  1670.112735: softirq_entry: vec=1 [action=TIMER]
 plugin-containe-2991  [002]  1670.112736: softirq_exit: vec=1 [action=TIMER]
 plugin-containe-2991  [002]  1670.112736: softirq_entry: vec=7 [action=SCHED]
 plugin-containe-2991  [002]  1670.112739: softirq_exit: vec=7 [action=SCHED]
 plugin-containe-2991  [002]  1670.113044: sched_stat_runtime: comm=plugin-containe pid=2991 runtime=326480 [ns] vruntime=287860937096 [ns]
 plugin-containe-2991  [002]  1670.113068: sched_switch: prev_comm=plugin-containe prev_pid=2991 prev_prio=120 prev_state=S ==> next_comm=swapper/2 next_pid=0 next_prio=120
          <idle>-0     [002]  1670.113199: sched_stat_sleep: comm=Xorg pid=1113 delay=105857 [ns]
          <idle>-0     [002]  1670.113201: sched_wakeup: comm=Xorg pid=1113 prio=120 success=1 target_cpu=002
          <idle>-0     [002]  1670.113217: sched_stat_wait: comm=Xorg pid=1113 delay=0 [ns]
          <idle>-0     [002]  1670.113218: sched_switch: prev_comm=swapper/2 prev_pid=0 prev_prio=120 prev_state=R ==> next_comm=Xorg next_pid=1113 next_prio=120
            Xorg-1113  [002]  1670.113815: sched_migrate_task: comm=metacity pid=1630 prio=120 orig_cpu=2 dest_cpu=0
            Xorg-1113  [002]  1670.113979: sched_migrate_task: comm=unity-2d-shell pid=1645 prio=120 orig_cpu=0 dest_cpu=1
            Xorg-1113  [002]  1670.114015: sched_stat_runtime: comm=Xorg pid=1113 runtime=817634 [ns] vruntime=34122494316 [ns]
            Xorg-1113  [002]  1670.114046: sched_switch: prev_comm=Xorg prev_pid=1113 prev_prio=120 prev_state=S ==> next_comm=swapper/2 next_pid=0 next_prio=120
          <idle>-0     [002]  1670.114269: sched_stat_sleep: comm=metacity pid=1630 delay=171169 [ns]
          <idle>-0     [002]  1670.114271: sched_wakeup: comm=metacity pid=1630 prio=120 success=1 target_cpu=002
          <idle>-0     [002]  1670.114287: sched_stat_wait: comm=metacity pid=1630 delay=0 [ns]
          <idle>-0     [002]  1670.114288: sched_switch: prev_comm=swapper/2 prev_pid=0 prev_prio=120 prev_state=R ==> next_comm=metacity next_pid=1630 next_prio=120
        metacity-1630  [002]  1670.114354: sched_migrate_task: comm=Xorg pid=1113 prio=120 orig_cpu=1 dest_cpu=0
        metacity-1630  [002]  1670.114374: sched_stat_runtime: comm=metacity pid=1630 runtime=107381 [ns] vruntime=287865129507 [ns]
        metacity-1630  [002]  1670.114377: sched_switch: prev_comm=metacity prev_pid=1630 prev_prio=120 prev_state=S ==> next_comm=swapper/2 next_pid=0 next_prio=120
          <idle>-0     [002]  1670.114894: sched_stat_sleep: comm=Xorg pid=1113 delay=254463 [ns]
          <idle>-0     [002]  1670.114898: sched_wakeup: comm=Xorg pid=1113 prio=120 success=1 target_cpu=002
          <idle>-0     [002]  1670.114919: sched_stat_wait: comm=Xorg pid=1113 delay=0 [ns]
          <idle>-0     [002]  1670.114920: sched_switch: prev_comm=swapper/2 prev_pid=0 prev_prio=120 prev_state=R ==> next_comm=Xorg next_pid=1113 next_prio=120
            Xorg-1113  [002]  1670.116394: sched_migrate_task: comm=metacity pid=1630 prio=120 orig_cpu=1 dest_cpu=0
            Xorg-1113  [002]  1670.116477: sched_stat_runtime: comm=Xorg pid=1113 runtime=1586424 [ns] vruntime=34124080740 [ns]
            Xorg-1113  [002]  1670.116485: sched_switch: prev_comm=Xorg prev_pid=1113 prev_prio=120 prev_state=S ==> next_comm=swapper/2 next_pid=0 next_prio=120
          <idle>-0     [002]  1670.118352: sched_stat_sleep: comm=plugin-containe pid=2986 delay=15864311 [ns]
          <idle>-0     [002]  1670.118356: sched_wakeup: comm=plugin-containe pid=2986 prio=120 success=1 target_cpu=002
          <idle>-0     [002]  1670.118370: sched_stat_wait: comm=plugin-containe pid=2986 delay=0 [ns]
          <idle>-0     [002]  1670.118371: sched_switch: prev_comm=swapper/2 prev_pid=0 prev_prio=120 prev_state=R ==> next_comm=plugin-containe next_pid=2986 next_prio=120
           <...>-2986  [002]  1670.118412: sched_stat_runtime: comm=plugin-containe pid=2986 runtime=62392 [ns] vruntime=287859984191 [ns]
           <...>-2986  [002]  1670.118418: sched_switch: prev_comm=plugin-containe prev_pid=2986 prev_prio=120 prev_state=S ==> next_comm=swapper/2 next_pid=0 next_prio=120
          <idle>-0     [002]  1670.119358: sched_stat_sleep: comm=plugin-containe pid=2989 delay=20102115 [ns]
          <idle>-0     [002]  1670.119362: sched_wakeup: comm=plugin-containe pid=2989 prio=120 success=1 target_cpu=002
          <idle>-0     [002]  1670.119379: sched_stat_wait: comm=plugin-containe pid=2989 delay=0 [ns]
          <idle>-0     [002]  1670.119380: sched_switch: prev_comm=swapper/2 prev_pid=0 prev_prio=120 prev_state=R ==> next_comm=plugin-containe next_pid=2989 next_prio=120
 plugin-containe-2989  [002]  1670.119396: sched_stat_runtime: comm=plugin-containe pid=2989 runtime=40100 [ns] vruntime=287859953068 [ns]
 plugin-containe-2989  [002]  1670.119401: sched_switch: prev_comm=plugin-containe prev_pid=2989 prev_prio=120 prev_state=S ==> next_comm=swapper/2 next_pid=0 next_prio=120
          <idle>-0     [002]  1670.122815: sched_stat_sleep: comm=threaded-ml pid=2994 delay=20857780 [ns]
          <idle>-0     [002]  1670.122819: sched_wakeup: comm=threaded-ml pid=2994 prio=120 success=1 target_cpu=002
          <idle>-0     [002]  1670.122842: sched_stat_wait: comm=threaded-ml pid=2994 delay=0 [ns]
          <idle>-0     [002]  1670.122844: sched_switch: prev_comm=swapper/2 prev_pid=0 prev_prio=120 prev_state=R ==> next_comm=threaded-ml next_pid=2994 next_prio=120
     threaded-ml-2994  [002]  1670.122892: sched_stat_runtime: comm=threaded-ml pid=2994 runtime=84116 [ns] vruntime=287860036854 [ns]
     threaded-ml-2994  [002]  1670.122899: sched_switch: prev_comm=threaded-ml prev_pid=2994 prev_prio=120 prev_state=S ==> next_comm=swapper/2 next_pid=0 next_prio=120
          <idle>-0     [002]  1670.128992: sched_stat_sleep: comm=Xorg pid=1113 delay=12424602 [ns]
          <idle>-0     [002]  1670.128997: sched_wakeup: comm=Xorg pid=1113 prio=120 success=1 target_cpu=002
          <idle>-0     [002]  1670.129020: sched_stat_wait: comm=Xorg pid=1113 delay=0 [ns]
          <idle>-0     [002]  1670.129022: sched_switch: prev_comm=swapper/2 prev_pid=0 prev_prio=120 prev_state=R ==> next_comm=Xorg next_pid=1113 next_prio=120
            Xorg-1113  [002]  1670.129125: sched_migrate_task: comm=unity-2d-shell pid=1645 prio=120 orig_cpu=1 dest_cpu=0
            Xorg-1113  [002]  1670.129164: sched_stat_runtime: comm=Xorg pid=1113 runtime=276608 [ns] vruntime=34124357348 [ns]
            Xorg-1113  [002]  1670.129169: sched_switch: prev_comm=Xorg prev_pid=1113 prev_prio=120 prev_state=S ==> next_comm=swapper/2 next_pid=0 next_prio=120
          <idle>-0     [002]  1670.129918: sched_stat_sleep: comm=metacity pid=1630 delay=13192284 [ns]
          <idle>-0     [002]  1670.129923: sched_wakeup: comm=metacity pid=1630 prio=120 success=1 target_cpu=002
          <idle>-0     [002]  1670.129962: sched_stat_wait: comm=metacity pid=1630 delay=0 [ns]
          <idle>-0     [002]  1670.129964: sched_switch: prev_comm=swapper/2 prev_pid=0 prev_prio=120 prev_state=R ==> next_comm=metacity next_pid=1630 next_prio=120
        metacity-1630  [002]  1670.130086: sched_stat_runtime: comm=metacity pid=1630 runtime=171523 [ns] vruntime=287865126497 [ns]
        metacity-1630  [002]  1670.130092: sched_switch: prev_comm=metacity prev_pid=1630 prev_prio=120 prev_state=S ==> next_comm=swapper/2 next_pid=0 next_prio=120
          <idle>-0     [002]  1670.130295: sched_stat_sleep: comm=metacity pid=1630 delay=207552 [ns]
          <idle>-0     [002]  1670.130296: sched_wakeup: comm=metacity pid=1630 prio=120 success=1 target_cpu=002
          <idle>-0     [002]  1670.130312: sched_stat_wait: comm=metacity pid=1630 delay=0 [ns]
          <idle>-0     [002]  1670.130312: sched_switch: prev_comm=swapper/2 prev_pid=0 prev_prio=120 prev_state=R ==> next_comm=metacity next_pid=1630 next_prio=120
        metacity-1630  [002]  1670.130397: sched_migrate_task: comm=Xorg pid=1113 prio=120 orig_cpu=1 dest_cpu=0
        metacity-1630  [002]  1670.130420: sched_stat_runtime: comm=metacity pid=1630 runtime=127307 [ns] vruntime=287865253804 [ns]
        metacity-1630  [002]  1670.130423: sched_switch: prev_comm=metacity prev_pid=1630 prev_prio=120 prev_state=S ==> next_comm=swapper/2 next_pid=0 next_prio=120
          <idle>-0     [002]  1670.133524: sched_stat_sleep: comm=plugin-containe pid=2986 delay=15121626 [ns]
          <idle>-0     [002]  1670.133529: sched_wakeup: comm=plugin-containe pid=2986 prio=120 success=1 target_cpu=002
          <idle>-0     [002]  1670.133549: sched_stat_wait: comm=plugin-containe pid=2986 delay=0 [ns]
          <idle>-0     [002]  1670.133551: sched_switch: prev_comm=swapper/2 prev_pid=0 prev_prio=120 prev_state=R ==> next_comm=plugin-containe next_pid=2986 next_prio=120
           <...>-2986  [002]  1670.133597: sched_stat_runtime: comm=plugin-containe pid=2986 runtime=76951 [ns] vruntime=287860061142 [ns]
           <...>-2986  [002]  1670.133604: sched_switch: prev_comm=plugin-containe prev_pid=2986 prev_prio=120 prev_state=S ==> next_comm=swapper/2 next_pid=0 next_prio=120
          <idle>-0     [002]  1670.139478: sched_stat_sleep: comm=plugin-containe pid=2989 delay=20098753 [ns]
          <idle>-0     [002]  1670.139481: sched_wakeup: comm=plugin-containe pid=2989 prio=120 success=1 target_cpu=002
          <idle>-0     [002]  1670.139499: sched_stat_wait: comm=plugin-containe pid=2989 delay=0 [ns]
          <idle>-0     [002]  1670.139501: sched_switch: prev_comm=swapper/2 prev_pid=0 prev_prio=120 prev_state=R ==> next_comm=plugin-containe next_pid=2989 next_prio=120
 plugin-containe-2989  [002]  1670.139517: sched_stat_runtime: comm=plugin-containe pid=2989 runtime=41376 [ns] vruntime=287859994444 [ns]
 plugin-containe-2989  [002]  1670.139522: sched_switch: prev_comm=plugin-containe prev_pid=2989 prev_prio=120 prev_state=S ==> next_comm=swapper/2 next_pid=0 next_prio=120
          <idle>-0     [002]  1670.143101: sched_stat_sleep: comm=threaded-ml pid=2994 delay=20224634 [ns]
          <idle>-0     [002]  1670.143103: sched_wakeup: comm=threaded-ml pid=2994 prio=120 success=1 target_cpu=002
          <idle>-0     [002]  1670.143120: sched_stat_wait: comm=threaded-ml pid=2994 delay=0 [ns]
          <idle>-0     [002]  1670.143121: sched_switch: prev_comm=swapper/2 prev_pid=0 prev_prio=120 prev_state=R ==> next_comm=threaded-ml next_pid=2994 next_prio=120
     threaded-ml-2994  [002]  1670.143203: sched_stat_runtime: comm=threaded-ml pid=2994 runtime=106616 [ns] vruntime=287860143470 [ns]
     threaded-ml-2994  [002]  1670.143206: sched_switch: prev_comm=threaded-ml prev_pid=2994 prev_prio=120 prev_state=S ==> next_comm=swapper/2 next_pid=0 next_prio=120
          <idle>-0     [002]  1670.143467: sched_stat_sleep: comm=pulseaudio pid=1643 delay=437847 [ns]
          <idle>-0     [002]  1670.143468: sched_wakeup: comm=pulseaudio pid=1643 prio=109 success=1 target_cpu=002
          <idle>-0     [002]  1670.143503: sched_stat_wait: comm=pulseaudio pid=1643 delay=0 [ns]
          <idle>-0     [002]  1670.143504: sched_switch: prev_comm=swapper/2 prev_pid=0 prev_prio=120 prev_state=R ==> next_comm=pulseaudio next_pid=1643 next_prio=109
      pulseaudio-1643  [002]  1670.143593: sched_stat_runtime: comm=pulseaudio pid=1643 runtime=127102 [ns] vruntime=204965171 [ns]
      pulseaudio-1643  [002]  1670.143597: sched_switch: prev_comm=pulseaudio prev_pid=1643 prev_prio=109 prev_state=S ==> next_comm=swapper/2 next_pid=0 next_prio=120
          <idle>-0     [002]  1670.144684: sched_stat_sleep: comm=Xorg pid=1113 delay=13820369 [ns]
          <idle>-0     [002]  1670.144688: sched_wakeup: comm=Xorg pid=1113 prio=120 success=1 target_cpu=002
          <idle>-0     [002]  1670.144717: sched_stat_wait: comm=Xorg pid=1113 delay=0 [ns]
          <idle>-0     [002]  1670.144719: sched_switch: prev_comm=swapper/2 prev_pid=0 prev_prio=120 prev_state=R ==> next_comm=Xorg next_pid=1113 next_prio=120
            Xorg-1113  [002]  1670.144869: sched_stat_runtime: comm=Xorg pid=1113 runtime=191413 [ns] vruntime=34124548761 [ns]
            Xorg-1113  [002]  1670.144877: sched_switch: prev_comm=Xorg prev_pid=1113 prev_prio=120 prev_state=S ==> next_comm=swapper/2 next_pid=0 next_prio=120
          <idle>-0     [002]  1670.145492: sched_stat_sleep: comm=Xorg pid=1113 delay=618648 [ns]
          <idle>-0     [002]  1670.145498: sched_wakeup: comm=Xorg pid=1113 prio=120 success=1 target_cpu=002
          <idle>-0     [002]  1670.145523: sched_stat_wait: comm=Xorg pid=1113 delay=0 [ns]
          <idle>-0     [002]  1670.145525: sched_switch: prev_comm=swapper/2 prev_pid=0 prev_prio=120 prev_state=R ==> next_comm=Xorg next_pid=1113 next_prio=120
            Xorg-1113  [002]  1670.145720: sched_migrate_task: comm=metacity pid=1630 prio=120 orig_cpu=1 dest_cpu=0
            Xorg-1113  [002]  1670.145745: sched_migrate_task: comm=unity-2d-shell pid=1645 prio=120 orig_cpu=0 dest_cpu=2
            Xorg-1113  [002]  1670.145746: sched_stat_sleep: comm=unity-2d-shell pid=1645 delay=284443 [ns]
            Xorg-1113  [002]  1670.145747: sched_wakeup: comm=unity-2d-shell pid=1645 prio=120 success=1 target_cpu=002
            Xorg-1113  [002]  1670.145773: sched_stat_runtime: comm=Xorg pid=1113 runtime=285356 [ns] vruntime=34124834117 [ns]
            Xorg-1113  [002]  1670.145775: sched_stat_wait: comm=unity-2d-shell pid=1645 delay=26265 [ns]
            Xorg-1113  [002]  1670.145775: sched_switch: prev_comm=Xorg prev_pid=1113 prev_prio=120 prev_state=S ==> next_comm=unity-2d-shell next_pid=1645 next_prio=120
  unity-2d-shell-1645  [002]  1670.145898: sched_stat_runtime: comm=unity-2d-shell pid=1645 runtime=126220 [ns] vruntime=287865988395 [ns]
  unity-2d-shell-1645  [002]  1670.145905: sched_switch: prev_comm=unity-2d-shell prev_pid=1645 prev_prio=120 prev_state=S ==> next_comm=swapper/2 next_pid=0 next_prio=120
          <idle>-0     [002]  1670.146018: sched_stat_sleep: comm=Xorg pid=1113 delay=244857 [ns]
          <idle>-0     [002]  1670.146019: sched_wakeup: comm=Xorg pid=1113 prio=120 success=1 target_cpu=002
          <idle>-0     [002]  1670.146037: sched_stat_wait: comm=Xorg pid=1113 delay=0 [ns]
          <idle>-0     [002]  1670.146038: sched_switch: prev_comm=swapper/2 prev_pid=0 prev_prio=120 prev_state=R ==> next_comm=Xorg next_pid=1113 next_prio=120
            Xorg-1113  [002]  1670.146147: sched_stat_runtime: comm=Xorg pid=1113 runtime=130522 [ns] vruntime=34124964639 [ns]
            Xorg-1113  [002]  1670.146150: sched_switch: prev_comm=Xorg prev_pid=1113 prev_prio=120 prev_state=S ==> next_comm=swapper/2 next_pid=0 next_prio=120
          <idle>-0     [002]  1670.146259: sched_stat_sleep: comm=Xorg pid=1113 delay=111922 [ns]
          <idle>-0     [002]  1670.146260: sched_wakeup: comm=Xorg pid=1113 prio=120 success=1 target_cpu=002
          <idle>-0     [002]  1670.146275: sched_stat_wait: comm=Xorg pid=1113 delay=0 [ns]
          <idle>-0     [002]  1670.146276: sched_switch: prev_comm=swapper/2 prev_pid=0 prev_prio=120 prev_state=R ==> next_comm=Xorg next_pid=1113 next_prio=120
            Xorg-1113  [002]  1670.146573: sched_stat_runtime: comm=Xorg pid=1113 runtime=314024 [ns] vruntime=34125278663 [ns]
            Xorg-1113  [002]  1670.146588: sched_switch: prev_comm=Xorg prev_pid=1113 prev_prio=120 prev_state=S ==> next_comm=swapper/2 next_pid=0 next_prio=120
          <idle>-0     [002]  1670.149723: sched_stat_sleep: comm=plugin-containe pid=2986 delay=16122062 [ns]
          <idle>-0     [002]  1670.149736: sched_wakeup: comm=plugin-containe pid=2986 prio=120 success=1 target_cpu=002
          <idle>-0     [002]  1670.149780: sched_stat_wait: comm=plugin-containe pid=2986 delay=0 [ns]
          <idle>-0     [002]  1670.149786: sched_switch: prev_comm=swapper/2 prev_pid=0 prev_prio=120 prev_state=R ==> next_comm=plugin-containe next_pid=2986 next_prio=120
           <...>-2986  [002]  1670.149858: sched_stat_runtime: comm=plugin-containe pid=2986 runtime=139192 [ns] vruntime=287860200334 [ns]
