           <...>-2986  [002]  1670.149876: sched_switch: prev_comm=plugin-containe prev_pid=2986 prev_prio=120 prev_state=S ==> next_comm=swapper/2 next_pid=0 next_prio=120
          <idle>-0     [002]  1670.153497: sched_stat_sleep: comm=plugin-containe pid=2933 delay=40712708 [ns]
          <idle>-0     [002]  1670.153499: sched_wakeup: comm=plugin-containe pid=2933 prio=120 success=1 target_cpu=002
          <idle>-0     [002]  1670.153513: sched_stat_wait: comm=plugin-containe pid=2933 delay=0 [ns]
          <idle>-0     [002]  1670.153514: sched_switch: prev_comm=swapper/2 prev_pid=0 prev_prio=120 prev_state=R ==> next_comm=plugin-containe next_pid=2933 next_prio=120
           <...>-2933  [002]  1670.153674: sched_stat_runtime: comm=plugin-containe pid=2933 runtime=192594 [ns] vruntime=287860180989 [ns]
           <...>-2933  [002]  1670.153681: sched_switch: prev_comm=plugin-containe prev_pid=2933 prev_prio=120 prev_state=S ==> next_comm=swapper/2 next_pid=0 next_prio=120
          <idle>-0     [002]  1670.154013: sched_stat_sleep: comm=plugin-containe pid=2992 delay=104410231 [ns]
          <idle>-0     [002]  1670.154014: sched_wakeup: comm=plugin-containe pid=2992 prio=120 success=1 target_cpu=002
          <idle>-0     [002]  1670.154026: sched_stat_wait: comm=plugin-containe pid=2992 delay=0 [ns]
          <idle>-0     [002]  1670.154027: sched_switch: prev_comm=swapper/2 prev_pid=0 prev_prio=120 prev_state=R ==> next_comm=plugin-containe next_pid=2992 next_prio=120
 plugin-containe-2992  [002]  1670.155162: sched_stat_runtime: comm=plugin-containe pid=2992 runtime=1145881 [ns] vruntime=287861134276 [ns]
 plugin-containe-2992  [002]  1670.155175: sched_switch: prev_comm=plugin-containe prev_pid=2992 prev_prio=120 prev_state=S ==> next_comm=swapper/2 next_pid=0 next_prio=120
          <idle>-0     [002]  1670.155572: sched_stat_sleep: comm=Xorg pid=1113 delay=9005653 [ns]
          <idle>-0     [002]  1670.155574: sched_wakeup: comm=Xorg pid=1113 prio=120 success=1 target_cpu=002
          <idle>-0     [002]  1670.155590: sched_stat_wait: comm=Xorg pid=1113 delay=0 [ns]
          <idle>-0     [002]  1670.155591: sched_switch: prev_comm=swapper/2 prev_pid=0 prev_prio=120 prev_state=R ==> next_comm=Xorg next_pid=1113 next_prio=120
            Xorg-1113  [002]  1670.155701: sched_migrate_task: comm=plugin-containe pid=2926 prio=120 orig_cpu=1 dest_cpu=0
            Xorg-1113  [002]  1670.155737: sched_stat_runtime: comm=Xorg pid=1113 runtime=167292 [ns] vruntime=34125445955 [ns]
            Xorg-1113  [002]  1670.155740: sched_switch: prev_comm=Xorg prev_pid=1113 prev_prio=120 prev_state=S ==> next_comm=swapper/2 next_pid=0 next_prio=120
          <idle>-0     [002]  1670.156656: sched_stat_sleep: comm=metacity pid=1630 delay=9867059 [ns]
          <idle>-0     [002]  1670.156660: sched_wakeup: comm=metacity pid=1630 prio=120 success=1 target_cpu=002
          <idle>-0     [002]  1670.156675: sched_stat_wait: comm=metacity pid=1630 delay=0 [ns]
          <idle>-0     [002]  1670.156677: sched_switch: prev_comm=swapper/2 prev_pid=0 prev_prio=120 prev_state=R ==> next_comm=metacity next_pid=1630 next_prio=120
        metacity-1630  [002]  1670.156772: sched_migrate_task: comm=Xorg pid=1113 prio=120 orig_cpu=1 dest_cpu=0
        metacity-1630  [002]  1670.156796: sched_stat_runtime: comm=metacity pid=1630 runtime=144829 [ns] vruntime=287865701759 [ns]
        metacity-1630  [002]  1670.156803: sched_switch: prev_comm=metacity prev_pid=1630 prev_prio=120 prev_state=S ==> next_comm=swapper/2 next_pid=0 next_prio=120
          <idle>-0     [002]  1670.157306: sched_stat_sleep: comm=Xorg pid=1113 delay=266284 [ns]
          <idle>-0     [002]  1670.157310: sched_wakeup: comm=Xorg pid=1113 prio=120 success=1 target_cpu=002
          <idle>-0     [002]  1670.157324: sched_stat_wait: comm=Xorg pid=1113 delay=0 [ns]
          <idle>-0     [002]  1670.157326: sched_switch: prev_comm=swapper/2 prev_pid=0 prev_prio=120 prev_state=R ==> next_comm=Xorg next_pid=1113 next_prio=120
            Xorg-1113  [002]  1670.158801: sched_migrate_task: comm=metacity pid=1630 prio=120 orig_cpu=1 dest_cpu=0
            Xorg-1113  [002]  1670.158901: sched_stat_runtime: comm=Xorg pid=1113 runtime=1599028 [ns] vruntime=34127044983 [ns]
            Xorg-1113  [002]  1670.158911: sched_switch: prev_comm=Xorg prev_pid=1113 prev_prio=120 prev_state=S ==> next_comm=swapper/2 next_pid=0 next_prio=120
          <idle>-0     [002]  1670.159616: sched_stat_sleep: comm=plugin-containe pid=2989 delay=20115477 [ns]
          <idle>-0     [002]  1670.159619: sched_wakeup: comm=plugin-containe pid=2989 prio=120 success=1 target_cpu=002
          <idle>-0     [002]  1670.159632: sched_stat_wait: comm=plugin-containe pid=2989 delay=0 [ns]
          <idle>-0     [002]  1670.159633: sched_switch: prev_comm=swapper/2 prev_pid=0 prev_prio=120 prev_state=R ==> next_comm=plugin-containe next_pid=2989 next_prio=120
 plugin-containe-2989  [002]  1670.160507: sched_migrate_task: comm=unity-2d-shell pid=1645 prio=120 orig_cpu=2 dest_cpu=0
 plugin-containe-2989  [002]  1670.160646: softirq_raise: vec=1 [action=TIMER]
 plugin-containe-2989  [002]  1670.160651: sched_stat_runtime: comm=plugin-containe pid=2989 runtime=1038145 [ns] vruntime=287861032589 [ns]
 plugin-containe-2989  [002]  1670.160658: softirq_entry: vec=1 [action=TIMER]
 plugin-containe-2989  [002]  1670.160659: softirq_exit: vec=1 [action=TIMER]
 plugin-containe-2989  [002]  1670.161394: sched_stat_runtime: comm=plugin-containe pid=2989 runtime=745147 [ns] vruntime=287861777736 [ns]
 plugin-containe-2989  [002]  1670.161399: sched_switch: prev_comm=plugin-containe prev_pid=2989 prev_prio=120 prev_state=S ==> next_comm=swapper/2 next_pid=0 next_prio=120
          <idle>-0     [002]  1670.161912: sched_stat_sleep: comm=metacity pid=1630 delay=2894834 [ns]
          <idle>-0     [002]  1670.161916: sched_wakeup: comm=metacity pid=1630 prio=120 success=1 target_cpu=002
          <idle>-0     [002]  1670.161939: sched_stat_wait: comm=metacity pid=1630 delay=0 [ns]
          <idle>-0     [002]  1670.161941: sched_switch: prev_comm=swapper/2 prev_pid=0 prev_prio=120 prev_state=R ==> next_comm=metacity next_pid=1630 next_prio=120
        metacity-1630  [002]  1670.162091: sched_stat_runtime: comm=metacity pid=1630 runtime=181961 [ns] vruntime=287865438229 [ns]
        metacity-1630  [002]  1670.162097: sched_switch: prev_comm=metacity prev_pid=1630 prev_prio=120 prev_state=S ==> next_comm=swapper/2 next_pid=0 next_prio=120
          <idle>-0     [002]  1670.162331: sched_stat_sleep: comm=metacity pid=1630 delay=239326 [ns]
          <idle>-0     [002]  1670.162333: sched_wakeup: comm=metacity pid=1630 prio=120 success=1 target_cpu=002
          <idle>-0     [002]  1670.162349: sched_stat_wait: comm=metacity pid=1630 delay=0 [ns]
          <idle>-0     [002]  1670.162350: sched_switch: prev_comm=swapper/2 prev_pid=0 prev_prio=120 prev_state=R ==> next_comm=metacity next_pid=1630 next_prio=120
        metacity-1630  [002]  1670.162413: sched_migrate_task: comm=Xorg pid=1113 prio=120 orig_cpu=1 dest_cpu=0
        metacity-1630  [002]  1670.162426: sched_stat_runtime: comm=metacity pid=1630 runtime=97402 [ns] vruntime=287865535631 [ns]
        metacity-1630  [002]  1670.162431: sched_switch: prev_comm=metacity prev_pid=1630 prev_prio=120 prev_state=S ==> next_comm=swapper/2 next_pid=0 next_prio=120
          <idle>-0     [002]  1670.164091: sched_stat_sleep: comm=threaded-ml pid=2994 delay=14268793 [ns]
          <idle>-0     [002]  1670.164095: sched_wakeup: comm=threaded-ml pid=2994 prio=120 success=1 target_cpu=002
          <idle>-0     [002]  1670.164129: sched_stat_wait: comm=threaded-ml pid=2994 delay=0 [ns]
          <idle>-0     [002]  1670.164130: sched_switch: prev_comm=swapper/2 prev_pid=0 prev_prio=120 prev_state=R ==> next_comm=threaded-ml next_pid=2994 next_prio=120
     threaded-ml-2994  [002]  1670.164187: sched_stat_runtime: comm=threaded-ml pid=2994 runtime=100483 [ns] vruntime=287865706678 [ns]
     threaded-ml-2994  [002]  1670.164194: sched_switch: prev_comm=threaded-ml prev_pid=2994 prev_prio=120 prev_state=S ==> next_comm=swapper/2 next_pid=0 next_prio=120
          <idle>-0     [002]  1670.164977: sched_stat_sleep: comm=plugin-containe pid=2986 delay=15149466 [ns]
          <idle>-0     [002]  1670.164978: sched_wakeup: comm=plugin-containe pid=2986 prio=120 success=1 target_cpu=002
          <idle>-0     [002]  1670.164997: sched_stat_wait: comm=plugin-containe pid=2986 delay=0 [ns]
          <idle>-0     [002]  1670.164997: sched_switch: prev_comm=swapper/2 prev_pid=0 prev_prio=120 prev_state=R ==> next_comm=plugin-containe next_pid=2986 next_prio=120
           <...>-2986  [002]  1670.165039: sched_stat_runtime: comm=plugin-containe pid=2986 runtime=62358 [ns] vruntime=287860262692 [ns]
           <...>-2986  [002]  1670.165042: sched_switch: prev_comm=plugin-containe prev_pid=2986 prev_prio=120 prev_state=S ==> next_comm=swapper/2 next_pid=0 next_prio=120
          <idle>-0     [002]  1670.167734: sched_stat_sleep: comm=plugin-containe pid=2926 delay=229273 [ns]
          <idle>-0     [002]  1670.167736: sched_wakeup: comm=plugin-containe pid=2926 prio=120 success=1 target_cpu=002
          <idle>-0     [002]  1670.167754: sched_stat_wait: comm=plugin-containe pid=2926 delay=0 [ns]
          <idle>-0     [002]  1670.167754: sched_switch: prev_comm=swapper/2 prev_pid=0 prev_prio=120 prev_state=R ==> next_comm=plugin-containe next_pid=2926 next_prio=120
           <...>-2926  [002]  1670.167982: sched_migrate_task: comm=Xorg pid=1113 prio=120 orig_cpu=1 dest_cpu=0
           <...>-2926  [002]  1670.168033: sched_stat_runtime: comm=plugin-containe pid=2926 runtime=303440 [ns] vruntime=287866291835 [ns]
           <...>-2926  [002]  1670.168039: sched_switch: prev_comm=plugin-containe prev_pid=2926 prev_prio=120 prev_state=S ==> next_comm=swapper/2 next_pid=0 next_prio=120
          <idle>-0     [002]  1670.168659: sched_stat_sleep: comm=Xorg pid=1113 delay=247882 [ns]
          <idle>-0     [002]  1670.168662: sched_wakeup: comm=Xorg pid=1113 prio=120 success=1 target_cpu=002
          <idle>-0     [002]  1670.168684: sched_stat_wait: comm=Xorg pid=1113 delay=0 [ns]
          <idle>-0     [002]  1670.168685: sched_switch: prev_comm=swapper/2 prev_pid=0 prev_prio=120 prev_state=R ==> next_comm=Xorg next_pid=1113 next_prio=120
            Xorg-1113  [002]  1670.168788: sched_migrate_task: comm=metacity pid=1630 prio=120 orig_cpu=1 dest_cpu=0
            Xorg-1113  [002]  1670.168842: sched_stat_runtime: comm=Xorg pid=1113 runtime=186119 [ns] vruntime=34127231102 [ns]
            Xorg-1113  [002]  1670.168848: sched_switch: prev_comm=Xorg prev_pid=1113 prev_prio=120 prev_state=S ==> next_comm=swapper/2 next_pid=0 next_prio=120
          <idle>-0     [002]  1670.169549: sched_stat_sleep: comm=metacity pid=1630 delay=499013 [ns]
          <idle>-0     [002]  1670.169554: sched_wakeup: comm=metacity pid=1630 prio=120 success=1 target_cpu=002
          <idle>-0     [002]  1670.169578: sched_stat_wait: comm=metacity pid=1630 delay=0 [ns]
          <idle>-0     [002]  1670.169580: sched_switch: prev_comm=swapper/2 prev_pid=0 prev_prio=120 prev_state=R ==> next_comm=metacity next_pid=1630 next_prio=120
        metacity-1630  [002]  1670.169656: sched_stat_runtime: comm=metacity pid=1630 runtime=110176 [ns] vruntime=287866356633 [ns]
        metacity-1630  [002]  1670.169663: sched_switch: prev_comm=metacity prev_pid=1630 prev_prio=120 prev_state=S ==> next_comm=swapper/2 next_pid=0 next_prio=120
          <idle>-0     [002]  1670.175158: sched_stat_sleep: comm=plugin-containe pid=2926 delay=7127671 [ns]
          <idle>-0     [002]  1670.175164: sched_wakeup: comm=plugin-containe pid=2926 prio=120 success=1 target_cpu=002
          <idle>-0     [002]  1670.175187: sched_stat_wait: comm=plugin-containe pid=2926 delay=0 [ns]
          <idle>-0     [002]  1670.175190: sched_switch: prev_comm=swapper/2 prev_pid=0 prev_prio=120 prev_state=R ==> next_comm=plugin-containe next_pid=2926 next_prio=120
           <...>-2926  [002]  1670.175325: sched_stat_runtime: comm=plugin-containe pid=2926 runtime=170882 [ns] vruntime=287866462717 [ns]
           <...>-2926  [002]  1670.175331: sched_switch: prev_comm=plugin-containe prev_pid=2926 prev_prio=120 prev_state=S ==> next_comm=swapper/2 next_pid=0 next_prio=120
          <idle>-0     [002]  1670.177894: sched_stat_sleep: comm=unity-2d-shell pid=1645 delay=359289 [ns]
          <idle>-0     [002]  1670.177901: sched_wakeup: comm=unity-2d-shell pid=1645 prio=120 success=1 target_cpu=002
          <idle>-0     [002]  1670.177920: sched_stat_wait: comm=unity-2d-shell pid=1645 delay=0 [ns]
          <idle>-0     [002]  1670.177923: sched_switch: prev_comm=swapper/2 prev_pid=0 prev_prio=120 prev_state=R ==> next_comm=unity-2d-shell next_pid=1645 next_prio=120
  unity-2d-shell-1645  [002]  1670.178255: sched_migrate_task: comm=Xorg pid=1113 prio=120 orig_cpu=1 dest_cpu=0
  unity-2d-shell-1645  [002]  1670.178324: sched_stat_runtime: comm=unity-2d-shell pid=1645 runtime=438681 [ns] vruntime=287865547444 [ns]
  unity-2d-shell-1645  [002]  1670.178332: sched_switch: prev_comm=unity-2d-shell prev_pid=1645 prev_prio=120 prev_state=S ==> next_comm=swapper/2 next_pid=0 next_prio=120
          <idle>-0     [002]  1670.178594: sched_stat_sleep: comm=unity-2d-shell pid=1645 delay=265935 [ns]
          <idle>-0     [002]  1670.178598: sched_wakeup: comm=unity-2d-shell pid=1645 prio=120 success=1 target_cpu=002
          <idle>-0     [002]  1670.178614: sched_stat_wait: comm=unity-2d-shell pid=1645 delay=0 [ns]
          <idle>-0     [002]  1670.178615: sched_switch: prev_comm=swapper/2 prev_pid=0 prev_prio=120 prev_state=R ==> next_comm=unity-2d-shell next_pid=1645 next_prio=120
  unity-2d-shell-1645  [002]  1670.178748: sched_stat_runtime: comm=unity-2d-shell pid=1645 runtime=159036 [ns] vruntime=287865706480 [ns]
  unity-2d-shell-1645  [002]  1670.178756: sched_switch: prev_comm=unity-2d-shell prev_pid=1645 prev_prio=120 prev_state=S ==> next_comm=swapper/2 next_pid=0 next_prio=120
          <idle>-0     [002]  1670.178981: sched_stat_sleep: comm=Xorg pid=1113 delay=109918 [ns]
          <idle>-0     [002]  1670.178982: sched_wakeup: comm=Xorg pid=1113 prio=120 success=1 target_cpu=002
          <idle>-0     [002]  1670.178991: sched_stat_wait: comm=Xorg pid=1113 delay=0 [ns]
          <idle>-0     [002]  1670.178992: sched_switch: prev_comm=swapper/2 prev_pid=0 prev_prio=120 prev_state=R ==> next_comm=Xorg next_pid=1113 next_prio=120
            Xorg-1113  [002]  1670.179268: sched_migrate_task: comm=metacity pid=1630 prio=120 orig_cpu=1 dest_cpu=0
            Xorg-1113  [002]  1670.179305: sched_stat_runtime: comm=Xorg pid=1113 runtime=324797 [ns] vruntime=34127555899 [ns]
            Xorg-1113  [002]  1670.179309: sched_switch: prev_comm=Xorg prev_pid=1113 prev_prio=120 prev_state=S ==> next_comm=swapper/2 next_pid=0 next_prio=120
          <idle>-0     [002]  1670.180139: sched_stat_sleep: comm=plugin-containe pid=2986 delay=15111724 [ns]
          <idle>-0     [002]  1670.180143: sched_wakeup: comm=plugin-containe pid=2986 prio=120 success=1 target_cpu=002
          <idle>-0     [002]  1670.180161: sched_stat_wait: comm=plugin-containe pid=2986 delay=0 [ns]
          <idle>-0     [002]  1670.180163: sched_switch: prev_comm=swapper/2 prev_pid=0 prev_prio=120 prev_state=R ==> next_comm=plugin-containe next_pid=2986 next_prio=120
           <...>-2986  [002]  1670.180203: sched_stat_runtime: comm=plugin-containe pid=2986 runtime=66409 [ns] vruntime=287860529126 [ns]
           <...>-2986  [002]  1670.180209: sched_switch: prev_comm=plugin-containe prev_pid=2986 prev_prio=120 prev_state=S ==> next_comm=swapper/2 next_pid=0 next_prio=120
          <idle>-0     [002]  1670.181477: sched_stat_sleep: comm=plugin-containe pid=2989 delay=20098873 [ns]
          <idle>-0     [002]  1670.181480: sched_wakeup: comm=plugin-containe pid=2989 prio=120 success=1 target_cpu=002
          <idle>-0     [002]  1670.181498: sched_stat_wait: comm=plugin-containe pid=2989 delay=0 [ns]
          <idle>-0     [002]  1670.181499: sched_switch: prev_comm=swapper/2 prev_pid=0 prev_prio=120 prev_state=R ==> next_comm=plugin-containe next_pid=2989 next_prio=120
 plugin-containe-2989  [002]  1670.181516: sched_stat_runtime: comm=plugin-containe pid=2989 runtime=41118 [ns] vruntime=287861818854 [ns]
 plugin-containe-2989  [002]  1670.181522: sched_switch: prev_comm=plugin-containe prev_pid=2989 prev_prio=120 prev_state=S ==> next_comm=swapper/2 next_pid=0 next_prio=120
          <idle>-0     [002]  1670.184959: sched_stat_sleep: comm=threaded-ml pid=2994 delay=20784923 [ns]
          <idle>-0     [002]  1670.184963: sched_wakeup: comm=threaded-ml pid=2994 prio=120 success=1 target_cpu=002
          <idle>-0     [002]  1670.184977: sched_stat_wait: comm=threaded-ml pid=2994 delay=0 [ns]
          <idle>-0     [002]  1670.184979: sched_switch: prev_comm=swapper/2 prev_pid=0 prev_prio=120 prev_state=R ==> next_comm=threaded-ml next_pid=2994 next_prio=120
     threaded-ml-2994  [002]  1670.185032: sched_stat_runtime: comm=threaded-ml pid=2994 runtime=80571 [ns] vruntime=287865787249 [ns]
     threaded-ml-2994  [002]  1670.185039: sched_switch: prev_comm=threaded-ml prev_pid=2994 prev_prio=120 prev_state=S ==> next_comm=swapper/2 next_pid=0 next_prio=120
          <idle>-0     [002]  1670.185423: sched_stat_sleep: comm=plugin-containe pid=2926 delay=10104493 [ns]
          <idle>-0     [002]  1670.185426: sched_wakeup: comm=plugin-containe pid=2926 prio=120 success=1 target_cpu=002
          <idle>-0     [002]  1670.185444: sched_stat_wait: comm=plugin-containe pid=2926 delay=0 [ns]
          <idle>-0     [002]  1670.185445: sched_switch: prev_comm=swapper/2 prev_pid=0 prev_prio=120 prev_state=R ==> next_comm=plugin-containe next_pid=2926 next_prio=120
           <...>-2926  [002]  1670.185690: sched_stat_runtime: comm=plugin-containe pid=2926 runtime=269944 [ns] vruntime=287866732661 [ns]
           <...>-2926  [002]  1670.185698: sched_switch: prev_comm=plugin-containe prev_pid=2926 prev_prio=120 prev_state=S ==> next_comm=swapper/2 next_pid=0 next_prio=120
          <idle>-0     [002]  1670.185852: sched_stat_sleep: comm=plugin-containe pid=2926 delay=162170 [ns]
          <idle>-0     [002]  1670.185854: sched_wakeup: comm=plugin-containe pid=2926 prio=120 success=1 target_cpu=002
          <idle>-0     [002]  1670.185873: sched_stat_wait: comm=plugin-containe pid=2926 delay=0 [ns]
          <idle>-0     [002]  1670.185874: sched_switch: prev_comm=swapper/2 prev_pid=0 prev_prio=120 prev_state=R ==> next_comm=plugin-containe next_pid=2926 next_prio=120
           <...>-2926  [002]  1670.186609: sched_stat_runtime: comm=plugin-containe pid=2926 runtime=756172 [ns] vruntime=287867488833 [ns]
           <...>-2926  [002]  1670.186632: sched_switch: prev_comm=plugin-containe prev_pid=2926 prev_prio=120 prev_state=S ==> next_comm=swapper/2 next_pid=0 next_prio=120
          <idle>-0     [002]  1670.186750: sched_stat_sleep: comm=plugin-containe pid=2926 delay=141211 [ns]
          <idle>-0     [002]  1670.186752: sched_wakeup: comm=plugin-containe pid=2926 prio=120 success=1 target_cpu=002
          <idle>-0     [002]  1670.186769: sched_stat_wait: comm=plugin-containe pid=2926 delay=0 [ns]
          <idle>-0     [002]  1670.186769: sched_switch: prev_comm=swapper/2 prev_pid=0 prev_prio=120 prev_state=R ==> next_comm=plugin-containe next_pid=2926 next_prio=120
           <...>-2926  [002]  1670.186786: sched_stat_runtime: comm=plugin-containe pid=2926 runtime=38984 [ns] vruntime=287867527817 [ns]
           <...>-2926  [002]  1670.186791: sched_switch: prev_comm=plugin-containe prev_pid=2926 prev_prio=120 prev_state=S ==> next_comm=swapper/2 next_pid=0 next_prio=120
          <idle>-0     [002]  1670.187667: sched_stat_sleep: comm=plugin-containe pid=2926 delay=876734 [ns]
          <idle>-0     [002]  1670.187671: sched_wakeup: comm=plugin-containe pid=2926 prio=120 success=1 target_cpu=002
          <idle>-0     [002]  1670.187691: sched_stat_wait: comm=plugin-containe pid=2926 delay=0 [ns]
          <idle>-0     [002]  1670.187693: sched_switch: prev_comm=swapper/2 prev_pid=0 prev_prio=120 prev_state=R ==> next_comm=plugin-containe next_pid=2926 next_prio=120
           <...>-2926  [002]  1670.187764: sched_migrate_task: comm=Xorg pid=1113 prio=120 orig_cpu=2 dest_cpu=0
           <...>-2926  [002]  1670.187808: sched_stat_runtime: comm=plugin-containe pid=2926 runtime=145138 [ns] vruntime=287867672955 [ns]
           <...>-2926  [002]  1670.187814: sched_switch: prev_comm=plugin-containe prev_pid=2926 prev_prio=120 prev_state=S ==> next_comm=swapper/2 next_pid=0 next_prio=120
          <idle>-0     [002]  1670.188272: sched_stat_sleep: comm=Xorg pid=1113 delay=248869 [ns]
          <idle>-0     [002]  1670.188275: sched_wakeup: comm=Xorg pid=1113 prio=120 success=1 target_cpu=002
          <idle>-0     [002]  1670.188304: sched_stat_wait: comm=Xorg pid=1113 delay=0 [ns]
          <idle>-0     [002]  1670.188306: sched_switch: prev_comm=swapper/2 prev_pid=0 prev_prio=120 prev_state=R ==> next_comm=Xorg next_pid=1113 next_prio=120
            Xorg-1113  [002]  1670.188749: softirq_raise: vec=1 [action=TIMER]
            Xorg-1113  [002]  1670.188750: sched_stat_runtime: comm=Xorg pid=1113 runtime=372320 [ns] vruntime=34127928219 [ns]
            Xorg-1113  [002]  1670.188750: softirq_entry: vec=1 [action=TIMER]
            Xorg-1113  [002]  1670.188750: softirq_exit: vec=1 [action=TIMER]
            Xorg-1113  [002]  1670.188773: sched_stat_runtime: comm=Xorg pid=1113 runtime=21437 [ns] vruntime=34127949656 [ns]
            Xorg-1113  [002]  1670.188780: sched_switch: prev_comm=Xorg prev_pid=1113 prev_prio=120 prev_state=S ==> next_comm=swapper/2 next_pid=0 next_prio=120
          <idle>-0     [002]  1670.189205: sched_stat_sleep: comm=metacity pid=1630 delay=236933 [ns]
          <idle>-0     [002]  1670.189209: sched_wakeup: comm=metacity pid=1630 prio=120 success=1 target_cpu=002
          <idle>-0     [002]  1670.189224: sched_stat_wait: comm=metacity pid=1630 delay=0 [ns]
          <idle>-0     [002]  1670.189225: sched_switch: prev_comm=swapper/2 prev_pid=0 prev_prio=120 prev_state=R ==> next_comm=metacity next_pid=1630 next_prio=120
        metacity-1630  [002]  1670.189332: sched_migrate_task: comm=Xorg pid=1113 prio=120 orig_cpu=1 dest_cpu=0
        metacity-1630  [002]  1670.189360: sched_stat_runtime: comm=metacity pid=1630 runtime=208131 [ns] vruntime=287867881086 [ns]
        metacity-1630  [002]  1670.189366: sched_switch: prev_comm=metacity prev_pid=1630 prev_prio=120 prev_state=S ==> next_comm=swapper/2 next_pid=0 next_prio=120
          <idle>-0     [002]  1670.191830: sched_stat_sleep: comm=unity-2d-shell pid=1645 delay=13091300 [ns]
          <idle>-0     [002]  1670.191834: sched_wakeup: comm=unity-2d-shell pid=1645 prio=120 success=1 target_cpu=002
          <idle>-0     [002]  1670.191852: sched_stat_wait: comm=unity-2d-shell pid=1645 delay=0 [ns]
          <idle>-0     [002]  1670.191854: sched_switch: prev_comm=swapper/2 prev_pid=0 prev_prio=120 prev_state=R ==> next_comm=unity-2d-shell next_pid=1645 next_prio=120
  unity-2d-shell-1645  [002]  1670.192644: softirq_raise: vec=1 [action=TIMER]
  unity-2d-shell-1645  [002]  1670.192644: sched_stat_runtime: comm=unity-2d-shell pid=1645 runtime=787757 [ns] vruntime=287866494237 [ns]
  unity-2d-shell-1645  [002]  1670.192645: softirq_entry: vec=1 [action=TIMER]
  unity-2d-shell-1645  [002]  1670.192645: softirq_exit: vec=1 [action=TIMER]
  unity-2d-shell-1645  [002]  1670.192750: sched_stat_runtime: comm=unity-2d-shell pid=1645 runtime=104455 [ns] vruntime=287866598692 [ns]
  unity-2d-shell-1645  [002]  1670.192759: sched_switch: prev_comm=unity-2d-shell prev_pid=1645 prev_prio=120 prev_state=S ==> next_comm=swapper/2 next_pid=0 next_prio=120
          <idle>-0     [002]  1670.193614: sched_stat_sleep: comm=Xorg pid=1113 delay=512427 [ns]
          <idle>-0     [002]  1670.193619: sched_wakeup: comm=Xorg pid=1113 prio=120 success=1 target_cpu=002
          <idle>-0     [002]  1670.193632: sched_stat_wait: comm=Xorg pid=1113 delay=0 [ns]
          <idle>-0     [002]  1670.193634: sched_switch: prev_comm=swapper/2 prev_pid=0 prev_prio=120 prev_state=R ==> next_comm=Xorg next_pid=1113 next_prio=120
            Xorg-1113  [002]  1670.193813: sched_migrate_task: comm=metacity pid=1630 prio=120 orig_cpu=1 dest_cpu=0
            Xorg-1113  [002]  1670.193883: sched_stat_runtime: comm=Xorg pid=1113 runtime=304167 [ns] vruntime=34128253823 [ns]
            Xorg-1113  [002]  1670.193892: sched_switch: prev_comm=Xorg prev_pid=1113 prev_prio=120 prev_state=S ==> next_comm=swapper/2 next_pid=0 next_prio=120
          <idle>-0     [002]  1670.194682: sched_stat_sleep: comm=metacity pid=1630 delay=444036 [ns]
          <idle>-0     [002]  1670.194684: sched_wakeup: comm=metacity pid=1630 prio=120 success=1 target_cpu=002
          <idle>-0     [002]  1670.194694: sched_stat_wait: comm=metacity pid=1630 delay=0 [ns]
          <idle>-0     [002]  1670.194695: sched_switch: prev_comm=swapper/2 prev_pid=0 prev_prio=120 prev_state=R ==> next_comm=metacity next_pid=1630 next_prio=120
        metacity-1630  [002]  1670.194806: sched_migrate_task: comm=Xorg pid=1113 prio=120 orig_cpu=1 dest_cpu=0
        metacity-1630  [002]  1670.194823: sched_stat_runtime: comm=metacity pid=1630 runtime=143827 [ns] vruntime=287868024913 [ns]
        metacity-1630  [002]  1670.194826: sched_switch: prev_comm=metacity prev_pid=1630 prev_prio=120 prev_state=S ==> next_comm=swapper/2 next_pid=0 next_prio=120
          <idle>-0     [002]  1670.195355: sched_stat_sleep: comm=plugin-containe pid=2986 delay=15162656 [ns]
          <idle>-0     [002]  1670.195361: sched_wakeup: comm=plugin-containe pid=2986 prio=120 success=1 target_cpu=002
          <idle>-0     [002]  1670.195388: sched_stat_wait: comm=plugin-containe pid=2986 delay=0 [ns]
          <idle>-0     [002]  1670.195391: sched_switch: prev_comm=swapper/2 prev_pid=0 prev_prio=120 prev_state=R ==> next_comm=plugin-containe next_pid=2986 next_prio=120
           <...>-2986  [002]  1670.195449: sched_stat_runtime: comm=plugin-containe pid=2986 runtime=97204 [ns] vruntime=287862122117 [ns]
           <...>-2986  [002]  1670.195457: sched_switch: prev_comm=plugin-containe prev_pid=2986 prev_prio=120 prev_state=S ==> next_comm=swapper/2 next_pid=0 next_prio=120
          <idle>-0     [002]  1670.200559: sched_stat_sleep: comm=firefox pid=2907 delay=249119573 [ns]
          <idle>-0     [002]  1670.200562: sched_wakeup: comm=firefox pid=2907 prio=120 success=1 target_cpu=002
          <idle>-0     [002]  1670.200579: sched_stat_wait: comm=firefox pid=2907 delay=0 [ns]
          <idle>-0     [002]  1670.200580: sched_switch: prev_comm=swapper/2 prev_pid=0 prev_prio=120 prev_state=R ==> next_comm=firefox next_pid=2907 next_prio=120
         firefox-2907  [002]  1670.200621: sched_migrate_task: comm=firefox pid=2886 prio=120 orig_cpu=1 dest_cpu=0
         firefox-2907  [002]  1670.200656: sched_stat_runtime: comm=firefox pid=2907 runtime=100548 [ns] vruntime=287862125461 [ns]
         firefox-2907  [002]  1670.200661: sched_switch: prev_comm=firefox prev_pid=2907 prev_prio=120 prev_state=S ==> next_comm=swapper/2 next_pid=0 next_prio=120
          <idle>-0     [002]  1670.201611: sched_stat_sleep: comm=plugin-containe pid=2989 delay=20111283 [ns]
          <idle>-0     [002]  1670.201615: sched_wakeup: comm=plugin-containe pid=2989 prio=120 success=1 target_cpu=002
          <idle>-0     [002]  1670.201634: sched_stat_wait: comm=plugin-containe pid=2989 delay=0 [ns]
          <idle>-0     [002]  1670.201635: sched_switch: prev_comm=swapper/2 prev_pid=0 prev_prio=120 prev_state=R ==> next_comm=plugin-containe next_pid=2989 next_prio=120
 plugin-containe-2989  [002]  1670.201654: sched_stat_runtime: comm=plugin-containe pid=2989 runtime=46231 [ns] vruntime=287862071144 [ns]
 plugin-containe-2989  [002]  1670.201659: sched_switch: prev_comm=plugin-containe prev_pid=2989 prev_prio=120 prev_state=S ==> next_comm=swapper/2 next_pid=0 next_prio=120
          <idle>-0     [002]  1670.206186: sched_stat_sleep: comm=threaded-ml pid=2994 delay=20998111 [ns]
          <idle>-0     [002]  1670.206190: sched_wakeup: comm=threaded-ml pid=2994 prio=120 success=1 target_cpu=002
          <idle>-0     [002]  1670.206213: sched_stat_wait: comm=threaded-ml pid=2994 delay=0 [ns]
          <idle>-0     [002]  1670.206215: sched_switch: prev_comm=swapper/2 prev_pid=0 prev_prio=120 prev_state=R ==> next_comm=threaded-ml next_pid=2994 next_prio=120
     threaded-ml-2994  [002]  1670.206265: sched_stat_runtime: comm=threaded-ml pid=2994 runtime=255238 [ns] vruntime=287866042487 [ns]
     threaded-ml-2994  [002]  1670.206271: sched_switch: prev_comm=threaded-ml prev_pid=2994 prev_prio=120 prev_state=S ==> next_comm=swapper/2 next_pid=0 next_prio=120
          <idle>-0     [002]  1670.208305: sched_stat_sleep: comm=unity-2d-shell pid=1645 delay=14314880 [ns]
          <idle>-0     [002]  1670.208311: sched_wakeup: comm=unity-2d-shell pid=1645 prio=120 success=1 target_cpu=002
          <idle>-0     [002]  1670.208374: sched_stat_wait: comm=unity-2d-shell pid=1645 delay=0 [ns]
          <idle>-0     [002]  1670.208382: sched_switch: prev_comm=swapper/2 prev_pid=0 prev_prio=120 prev_state=R ==> next_comm=unity-2d-shell next_pid=1645 next_prio=120
  unity-2d-shell-1645  [002]  1670.208582: softirq_raise: vec=1 [action=TIMER]
  unity-2d-shell-1645  [002]  1670.208588: sched_stat_runtime: comm=unity-2d-shell pid=1645 runtime=303754 [ns] vruntime=287867553592 [ns]
  unity-2d-shell-1645  [002]  1670.208606: softirq_entry: vec=1 [action=TIMER]
  unity-2d-shell-1645  [002]  1670.208607: softirq_exit: vec=1 [action=TIMER]
  unity-2d-shell-1645  [002]  1670.208865: sched_stat_runtime: comm=unity-2d-shell pid=1645 runtime=277802 [ns] vruntime=287867831394 [ns]
  unity-2d-shell-1645  [002]  1670.208872: sched_switch: prev_comm=unity-2d-shell prev_pid=1645 prev_prio=120 prev_state=S ==> next_comm=swapper/2 next_pid=0 next_prio=120
          <idle>-0     [002]  1670.209735: sched_stat_sleep: comm=Xorg pid=1113 delay=615886 [ns]
          <idle>-0     [002]  1670.209740: sched_wakeup: comm=Xorg pid=1113 prio=120 success=1 target_cpu=002
          <idle>-0     [002]  1670.209755: sched_stat_wait: comm=Xorg pid=1113 delay=0 [ns]
          <idle>-0     [002]  1670.209756: sched_switch: prev_comm=swapper/2 prev_pid=0 prev_prio=120 prev_state=R ==> next_comm=Xorg next_pid=1113 next_prio=120
            Xorg-1113  [002]  1670.209922: sched_migrate_task: comm=metacity pid=1630 prio=120 orig_cpu=1 dest_cpu=0
            Xorg-1113  [002]  1670.209998: sched_stat_runtime: comm=Xorg pid=1113 runtime=266330 [ns] vruntime=34128520153 [ns]
            Xorg-1113  [002]  1670.210004: sched_switch: prev_comm=Xorg prev_pid=1113 prev_prio=120 prev_state=S ==> next_comm=swapper/2 next_pid=0 next_prio=120
          <idle>-0     [002]  1670.210271: sched_stat_sleep: comm=Xorg pid=1113 delay=270564 [ns]
          <idle>-0     [002]  1670.210276: sched_wakeup: comm=Xorg pid=1113 prio=120 success=1 target_cpu=002
          <idle>-0     [002]  1670.210292: sched_stat_wait: comm=Xorg pid=1113 delay=0 [ns]
          <idle>-0     [002]  1670.210294: sched_switch: prev_comm=swapper/2 prev_pid=0 prev_prio=120 prev_state=R ==> next_comm=Xorg next_pid=1113 next_prio=120
            Xorg-1113  [002]  1670.210447: sched_stat_runtime: comm=Xorg pid=1113 runtime=179033 [ns] vruntime=34128699186 [ns]
            Xorg-1113  [002]  1670.210452: sched_switch: prev_comm=Xorg prev_pid=1113 prev_prio=120 prev_state=S ==> next_comm=swapper/2 next_pid=0 next_prio=120
          <idle>-0     [002]  1670.210520: sched_stat_sleep: comm=plugin-containe pid=2986 delay=15086622 [ns]
          <idle>-0     [002]  1670.210521: sched_wakeup: comm=plugin-containe pid=2986 prio=120 success=1 target_cpu=002
          <idle>-0     [002]  1670.210541: sched_stat_wait: comm=plugin-containe pid=2986 delay=0 [ns]
          <idle>-0     [002]  1670.210542: sched_switch: prev_comm=swapper/2 prev_pid=0 prev_prio=120 prev_state=R ==> next_comm=plugin-containe next_pid=2986 next_prio=120
           <...>-2986  [002]  1670.210606: sched_stat_runtime: comm=plugin-containe pid=2986 runtime=86002 [ns] vruntime=287862208119 [ns]
           <...>-2986  [002]  1670.210608: sched_switch: prev_comm=plugin-containe prev_pid=2986 prev_prio=120 prev_state=S ==> next_comm=swapper/2 next_pid=0 next_prio=120
          <idle>-0     [002]  1670.211213: sched_stat_sleep: comm=metacity pid=1630 delay=534083 [ns]
          <idle>-0     [002]  1670.211217: sched_wakeup: comm=metacity pid=1630 prio=120 success=1 target_cpu=002
          <idle>-0     [002]  1670.211295: sched_stat_wait: comm=metacity pid=1630 delay=0 [ns]
          <idle>-0     [002]  1670.211297: sched_switch: prev_comm=swapper/2 prev_pid=0 prev_prio=120 prev_state=R ==> next_comm=metacity next_pid=1630 next_prio=120
        metacity-1630  [002]  1670.211384: sched_stat_runtime: comm=metacity pid=1630 runtime=173192 [ns] vruntime=287867882837 [ns]
        metacity-1630  [002]  1670.211397: sched_switch: prev_comm=metacity prev_pid=1630 prev_prio=120 prev_state=S ==> next_comm=swapper/2 next_pid=0 next_prio=120
          <idle>-0     [002]  1670.218809: sched_stat_sleep: comm=plugin-containe pid=2934 delay=31151692 [ns]
          <idle>-0     [002]  1670.218814: sched_wakeup: comm=plugin-containe pid=2934 prio=120 success=1 target_cpu=002
          <idle>-0     [002]  1670.218838: sched_stat_wait: comm=plugin-containe pid=2934 delay=0 [ns]
          <idle>-0     [002]  1670.218840: sched_switch: prev_comm=swapper/2 prev_pid=0 prev_prio=120 prev_state=R ==> next_comm=plugin-containe next_pid=2934 next_prio=120
           <...>-2934  [002]  1670.218992: sched_stat_runtime: comm=plugin-containe pid=2934 runtime=268423 [ns] vruntime=287862293336 [ns]
           <...>-2934  [002]  1670.218999: sched_switch: prev_comm=plugin-containe prev_pid=2934 prev_prio=120 prev_state=S ==> next_comm=swapper/2 next_pid=0 next_prio=120
          <idle>-0     [002]  1670.219279: sched_stat_sleep: comm=plugin-containe pid=2991 delay=106336222 [ns]
          <idle>-0     [002]  1670.219281: sched_wakeup: comm=plugin-containe pid=2991 prio=120 success=1 target_cpu=002
          <idle>-0     [002]  1670.219296: sched_stat_wait: comm=plugin-containe pid=2991 delay=0 [ns]
          <idle>-0     [002]  1670.219296: sched_switch: prev_comm=swapper/2 prev_pid=0 prev_prio=120 prev_state=R ==> next_comm=plugin-containe next_pid=2991 next_prio=120
 plugin-containe-2991  [002]  1670.219418: sched_stat_runtime: comm=plugin-containe pid=2991 runtime=140500 [ns] vruntime=287862165413 [ns]
 plugin-containe-2991  [002]  1670.219419: sched_stat_sleep: comm=plugin-containe pid=2934 delay=427200 [ns]
 plugin-containe-2991  [002]  1670.219420: sched_wakeup: comm=plugin-containe pid=2934 prio=120 success=1 target_cpu=002
 plugin-containe-2991  [002]  1670.220953: softirq_raise: vec=1 [action=TIMER]
 plugin-containe-2991  [002]  1670.220953: sched_stat_runtime: comm=plugin-containe pid=2991 runtime=1152916 [ns] vruntime=287863318329 [ns]
 plugin-containe-2991  [002]  1670.220953: softirq_entry: vec=1 [action=TIMER]
 plugin-containe-2991  [002]  1670.220953: softirq_exit: vec=1 [action=TIMER]
 plugin-containe-2991  [002]  1670.221735: sched_migrate_task: comm=plugin-containe pid=2989 prio=120 orig_cpu=2 dest_cpu=0
 plugin-containe-2991  [002]  1670.224394: sched_stat_runtime: comm=plugin-containe pid=2991 runtime=3327333 [ns] vruntime=287866747235 [ns]
 plugin-containe-2991  [002]  1670.224403: sched_switch: prev_comm=plugin-containe prev_pid=2991 prev_prio=120 prev_state=S ==> next_comm=swapper/2 next_pid=0 next_prio=120
          <idle>-0     [002]  1670.224960: sched_stat_sleep: comm=Xorg pid=1113 delay=807969 [ns]
          <idle>-0     [002]  1670.224965: sched_wakeup: comm=Xorg pid=1113 prio=120 success=1 target_cpu=002
          <idle>-0     [002]  1670.225009: sched_stat_wait: comm=Xorg pid=1113 delay=0 [ns]
          <idle>-0     [002]  1670.225011: sched_switch: prev_comm=swapper/2 prev_pid=0 prev_prio=120 prev_state=R ==> next_comm=Xorg next_pid=1113 next_prio=120
            Xorg-1113  [002]  1670.225115: sched_migrate_task: comm=unity-2d-shell pid=1645 prio=120 orig_cpu=1 dest_cpu=0
            Xorg-1113  [002]  1670.225153: sched_stat_runtime: comm=Xorg pid=1113 runtime=275859 [ns] vruntime=34128975045 [ns]
            Xorg-1113  [002]  1670.225159: sched_switch: prev_comm=Xorg prev_pid=1113 prev_prio=120 prev_state=S ==> next_comm=swapper/2 next_pid=0 next_prio=120
          <idle>-0     [002]  1670.225741: sched_stat_sleep: comm=plugin-containe pid=2986 delay=15145761 [ns]
          <idle>-0     [002]  1670.225746: sched_wakeup: comm=plugin-containe pid=2986 prio=120 success=1 target_cpu=002
          <idle>-0     [002]  1670.225782: sched_stat_wait: comm=plugin-containe pid=2986 delay=0 [ns]
          <idle>-0     [002]  1670.225784: sched_switch: prev_comm=swapper/2 prev_pid=0 prev_prio=120 prev_state=R ==> next_comm=plugin-containe next_pid=2986 next_prio=120
           <...>-2986  [002]  1670.225838: sched_stat_runtime: comm=plugin-containe pid=2986 runtime=98921 [ns] vruntime=287862307040 [ns]
           <...>-2986  [002]  1670.225846: sched_switch: prev_comm=plugin-containe prev_pid=2986 prev_prio=120 prev_state=S ==> next_comm=swapper/2 next_pid=0 next_prio=120
          <idle>-0     [002]  1670.226101: sched_stat_sleep: comm=metacity pid=1630 delay=1915649 [ns]
          <idle>-0     [002]  1670.226106: sched_wakeup: comm=metacity pid=1630 prio=120 success=1 target_cpu=002
          <idle>-0     [002]  1670.226129: sched_stat_wait: comm=metacity pid=1630 delay=0 [ns]
          <idle>-0     [002]  1670.226131: sched_switch: prev_comm=swapper/2 prev_pid=0 prev_prio=120 prev_state=R ==> next_comm=metacity next_pid=1630 next_prio=120
        metacity-1630  [002]  1670.226264: sched_stat_runtime: comm=metacity pid=1630 runtime=166918 [ns] vruntime=287867599478 [ns]
        metacity-1630  [002]  1670.226270: sched_switch: prev_comm=metacity prev_pid=1630 prev_prio=120 prev_state=S ==> next_comm=swapper/2 next_pid=0 next_prio=120
          <idle>-0     [002]  1670.226504: sched_stat_sleep: comm=metacity pid=1630 delay=239241 [ns]
          <idle>-0     [002]  1670.226506: sched_wakeup: comm=metacity pid=1630 prio=120 success=1 target_cpu=002
          <idle>-0     [002]  1670.226519: sched_stat_wait: comm=metacity pid=1630 delay=0 [ns]
          <idle>-0     [002]  1670.226520: sched_switch: prev_comm=swapper/2 prev_pid=0 prev_prio=120 prev_state=R ==> next_comm=metacity next_pid=1630 next_prio=120
        metacity-1630  [002]  1670.226651: sched_migrate_task: comm=Xorg pid=1113 prio=120 orig_cpu=1 dest_cpu=0
        metacity-1630  [002]  1670.226669: sched_stat_runtime: comm=metacity pid=1630 runtime=166761 [ns] vruntime=287867766239 [ns]
        metacity-1630  [002]  1670.226672: sched_switch: prev_comm=metacity prev_pid=1630 prev_prio=120 prev_state=S ==> next_comm=swapper/2 next_pid=0 next_prio=120
          <idle>-0     [002]  1670.227113: sched_stat_sleep: comm=threaded-ml pid=2994 delay=20863084 [ns]
          <idle>-0     [002]  1670.227118: sched_wakeup: comm=threaded-ml pid=2994 prio=120 success=1 target_cpu=002
          <idle>-0     [002]  1670.227141: sched_stat_wait: comm=threaded-ml pid=2994 delay=0 [ns]
          <idle>-0     [002]  1670.227143: sched_switch: prev_comm=swapper/2 prev_pid=0 prev_prio=120 prev_state=R ==> next_comm=threaded-ml next_pid=2994 next_prio=120
     threaded-ml-2994  [002]  1670.227229: sched_migrate_task: comm=plugin-containe pid=2995 prio=120 orig_cpu=0 dest_cpu=1
     threaded-ml-2994  [002]  1670.227265: sched_stat_runtime: comm=threaded-ml pid=2994 runtime=157173 [ns] vruntime=287866199660 [ns]
     threaded-ml-2994  [002]  1670.227271: sched_switch: prev_comm=threaded-ml prev_pid=2994 prev_prio=120 prev_state=S ==> next_comm=swapper/2 next_pid=0 next_prio=120
          <idle>-0     [002]  1670.227457: sched_stat_sleep: comm=threaded-ml pid=2994 delay=191083 [ns]
          <idle>-0     [002]  1670.227459: sched_wakeup: comm=threaded-ml pid=2994 prio=120 success=1 target_cpu=002
          <idle>-0     [002]  1670.227475: sched_stat_wait: comm=threaded-ml pid=2994 delay=0 [ns]
          <idle>-0     [002]  1670.227476: sched_switch: prev_comm=swapper/2 prev_pid=0 prev_prio=120 prev_state=R ==> next_comm=threaded-ml next_pid=2994 next_prio=120
     threaded-ml-2994  [002]  1670.227546: sched_stat_runtime: comm=threaded-ml pid=2994 runtime=89376 [ns] vruntime=287866289036 [ns]
     threaded-ml-2994  [002]  1670.227563: sched_switch: prev_comm=threaded-ml prev_pid=2994 prev_prio=120 prev_state=S ==> next_comm=swapper/2 next_pid=0 next_prio=120
          <idle>-0     [002]  1670.227620: sched_stat_sleep: comm=threaded-ml pid=2994 delay=74345 [ns]
          <idle>-0     [002]  1670.227621: sched_wakeup: comm=threaded-ml pid=2994 prio=120 success=1 target_cpu=002
          <idle>-0     [002]  1670.227640: sched_stat_wait: comm=threaded-ml pid=2994 delay=0 [ns]
          <idle>-0     [002]  1670.227641: sched_switch: prev_comm=swapper/2 prev_pid=0 prev_prio=120 prev_state=R ==> next_comm=threaded-ml next_pid=2994 next_prio=120
     threaded-ml-2994  [002]  1670.227653: sched_migrate_task: comm=pulseaudio pid=1643 prio=109 orig_cpu=1 dest_cpu=0
     threaded-ml-2994  [002]  1670.227690: sched_stat_runtime: comm=threaded-ml pid=2994 runtime=70572 [ns] vruntime=287866359608 [ns]
     threaded-ml-2994  [002]  1670.227692: sched_switch: prev_comm=threaded-ml prev_pid=2994 prev_prio=120 prev_state=S ==> next_comm=swapper/2 next_pid=0 next_prio=120
          <idle>-0     [002]  1670.227767: sched_stat_sleep: comm=threaded-ml pid=2994 delay=76274 [ns]
          <idle>-0     [002]  1670.227768: sched_wakeup: comm=threaded-ml pid=2994 prio=120 success=1 target_cpu=002
          <idle>-0     [002]  1670.227782: sched_stat_wait: comm=threaded-ml pid=2994 delay=0 [ns]
          <idle>-0     [002]  1670.227783: sched_switch: prev_comm=swapper/2 prev_pid=0 prev_prio=120 prev_state=R ==> next_comm=threaded-ml next_pid=2994 next_prio=120
     threaded-ml-2994  [002]  1670.227812: sched_stat_runtime: comm=threaded-ml pid=2994 runtime=46358 [ns] vruntime=287866405966 [ns]
     threaded-ml-2994  [002]  1670.227813: sched_switch: prev_comm=threaded-ml prev_pid=2994 prev_prio=120 prev_state=S ==> next_comm=swapper/2 next_pid=0 next_prio=120
          <idle>-0     [002]  1670.227866: sched_stat_sleep: comm=threaded-ml pid=2994 delay=53366 [ns]
          <idle>-0     [002]  1670.227867: sched_wakeup: comm=threaded-ml pid=2994 prio=120 success=1 target_cpu=002
          <idle>-0     [002]  1670.227881: sched_stat_wait: comm=threaded-ml pid=2994 delay=0 [ns]
          <idle>-0     [002]  1670.227881: sched_switch: prev_comm=swapper/2 prev_pid=0 prev_prio=120 prev_state=R ==> next_comm=threaded-ml next_pid=2994 next_prio=120
     threaded-ml-2994  [002]  1670.227926: sched_stat_runtime: comm=threaded-ml pid=2994 runtime=59994 [ns] vruntime=287866465960 [ns]
     threaded-ml-2994  [002]  1670.227927: sched_switch: prev_comm=threaded-ml prev_pid=2994 prev_prio=120 prev_state=S ==> next_comm=swapper/2 next_pid=0 next_prio=120
          <idle>-0     [002]  1670.228024: sched_stat_sleep: comm=threaded-ml pid=2994 delay=97708 [ns]
          <idle>-0     [002]  1670.228025: sched_wakeup: comm=threaded-ml pid=2994 prio=120 success=1 target_cpu=002
          <idle>-0     [002]  1670.228039: sched_stat_wait: comm=threaded-ml pid=2994 delay=0 [ns]
          <idle>-0     [002]  1670.228040: sched_switch: prev_comm=swapper/2 prev_pid=0 prev_prio=120 prev_state=R ==> next_comm=threaded-ml next_pid=2994 next_prio=120
     threaded-ml-2994  [002]  1670.228084: sched_stat_runtime: comm=threaded-ml pid=2994 runtime=61063 [ns] vruntime=287866527023 [ns]
     threaded-ml-2994  [002]  1670.228085: sched_switch: prev_comm=threaded-ml prev_pid=2994 prev_prio=120 prev_state=S ==> next_comm=swapper/2 next_pid=0 next_prio=120
          <idle>-0     [002]  1670.228150: sched_stat_sleep: comm=threaded-ml pid=2994 delay=65427 [ns]
          <idle>-0     [002]  1670.228150: sched_wakeup: comm=threaded-ml pid=2994 prio=120 success=1 target_cpu=002
          <idle>-0     [002]  1670.228164: sched_stat_wait: comm=threaded-ml pid=2994 delay=0 [ns]
          <idle>-0     [002]  1670.228165: sched_switch: prev_comm=swapper/2 prev_pid=0 prev_prio=120 prev_state=R ==> next_comm=threaded-ml next_pid=2994 next_prio=120
     threaded-ml-2994  [002]  1670.228203: sched_stat_runtime: comm=threaded-ml pid=2994 runtime=53318 [ns] vruntime=287866580341 [ns]
     threaded-ml-2994  [002]  1670.228204: sched_switch: prev_comm=threaded-ml prev_pid=2994 prev_prio=120 prev_state=S ==> next_comm=swapper/2 next_pid=0 next_prio=120
          <idle>-0     [002]  1670.228276: sched_stat_sleep: comm=threaded-ml pid=2994 delay=72908 [ns]
          <idle>-0     [002]  1670.228277: sched_wakeup: comm=threaded-ml pid=2994 prio=120 success=1 target_cpu=002
          <idle>-0     [002]  1670.228290: sched_stat_wait: comm=threaded-ml pid=2994 delay=0 [ns]
          <idle>-0     [002]  1670.228290: sched_switch: prev_comm=swapper/2 prev_pid=0 prev_prio=120 prev_state=R ==> next_comm=threaded-ml next_pid=2994 next_prio=120
     threaded-ml-2994  [002]  1670.228340: sched_stat_runtime: comm=threaded-ml pid=2994 runtime=64146 [ns] vruntime=287866644487 [ns]
     threaded-ml-2994  [002]  1670.228340: sched_switch: prev_comm=threaded-ml prev_pid=2994 prev_prio=120 prev_state=S ==> next_comm=swapper/2 next_pid=0 next_prio=120
          <idle>-0     [002]  1670.228393: sched_stat_sleep: comm=threaded-ml pid=2994 delay=52722 [ns]
          <idle>-0     [002]  1670.228393: sched_wakeup: comm=threaded-ml pid=2994 prio=120 success=1 target_cpu=002
          <idle>-0     [002]  1670.228419: sched_stat_wait: comm=threaded-ml pid=2994 delay=0 [ns]
          <idle>-0     [002]  1670.228420: sched_switch: prev_comm=swapper/2 prev_pid=0 prev_prio=120 prev_state=R ==> next_comm=threaded-ml next_pid=2994 next_prio=120
     threaded-ml-2994  [002]  1670.228451: sched_stat_runtime: comm=threaded-ml pid=2994 runtime=58567 [ns] vruntime=287866703054 [ns]
     threaded-ml-2994  [002]  1670.228452: sched_switch: prev_comm=threaded-ml prev_pid=2994 prev_prio=120 prev_state=S ==> next_comm=swapper/2 next_pid=0 next_prio=120
          <idle>-0     [002]  1670.228548: sched_stat_sleep: comm=threaded-ml pid=2994 delay=96081 [ns]
          <idle>-0     [002]  1670.228548: sched_wakeup: comm=threaded-ml pid=2994 prio=120 success=1 target_cpu=002
          <idle>-0     [002]  1670.228570: sched_stat_wait: comm=threaded-ml pid=2994 delay=0 [ns]
          <idle>-0     [002]  1670.228571: sched_switch: prev_comm=swapper/2 prev_pid=0 prev_prio=120 prev_state=R ==> next_comm=threaded-ml next_pid=2994 next_prio=120
     threaded-ml-2994  [002]  1670.228636: sched_stat_runtime: comm=threaded-ml pid=2994 runtime=88770 [ns] vruntime=287866791824 [ns]
     threaded-ml-2994  [002]  1670.228637: sched_switch: prev_comm=threaded-ml prev_pid=2994 prev_prio=120 prev_state=S ==> next_comm=swapper/2 next_pid=0 next_prio=120
          <idle>-0     [002]  1670.236757: sched_stat_sleep: comm=firefox pid=2907 delay=36131017 [ns]
          <idle>-0     [002]  1670.236762: sched_wakeup: comm=firefox pid=2907 prio=120 success=1 target_cpu=002
          <idle>-0     [002]  1670.236784: sched_stat_wait: comm=firefox pid=2907 delay=0 [ns]
          <idle>-0     [002]  1670.236786: sched_switch: prev_comm=swapper/2 prev_pid=0 prev_prio=120 prev_state=R ==> next_comm=firefox next_pid=2907 next_prio=120
         firefox-2907  [002]  1670.236884: sched_stat_runtime: comm=firefox pid=2907 runtime=130370 [ns] vruntime=287862255831 [ns]
         firefox-2907  [002]  1670.236892: sched_switch: prev_comm=firefox prev_pid=2907 prev_prio=120 prev_state=S ==> next_comm=swapper/2 next_pid=0 next_prio=120
          <idle>-0     [002]  1670.240931: sched_stat_sleep: comm=unity-2d-shell pid=1645 delay=182086 [ns]
          <idle>-0     [002]  1670.240935: sched_wakeup: comm=unity-2d-shell pid=1645 prio=120 success=1 target_cpu=002
          <idle>-0     [002]  1670.240952: sched_migrate_task: comm=plugin-containe pid=2986 prio=120 orig_cpu=2 dest_cpu=0
          <idle>-0     [002]  1670.241014: sched_stat_wait: comm=unity-2d-shell pid=1645 delay=0 [ns]
          <idle>-0     [002]  1670.241015: sched_switch: prev_comm=swapper/2 prev_pid=0 prev_prio=120 prev_state=R ==> next_comm=unity-2d-shell next_pid=1645 next_prio=120
  unity-2d-shell-1645  [002]  1670.241462: sched_migrate_task: comm=Xorg pid=1113 prio=120 orig_cpu=1 dest_cpu=0
  unity-2d-shell-1645  [002]  1670.241553: sched_stat_runtime: comm=unity-2d-shell pid=1645 runtime=707332 [ns] vruntime=287868732245 [ns]
  unity-2d-shell-1645  [002]  1670.241561: sched_switch: prev_comm=unity-2d-shell prev_pid=1645 prev_prio=120 prev_state=S ==> next_comm=swapper/2 next_pid=0 next_prio=120
          <idle>-0     [002]  1670.241891: sched_stat_sleep: comm=unity-2d-shell pid=1645 delay=334113 [ns]
          <idle>-0     [002]  1670.241895: sched_wakeup: comm=unity-2d-shell pid=1645 prio=120 success=1 target_cpu=002
          <idle>-0     [002]  1670.241918: sched_stat_wait: comm=unity-2d-shell pid=1645 delay=0 [ns]
          <idle>-0     [002]  1670.241920: sched_switch: prev_comm=swapper/2 prev_pid=0 prev_prio=120 prev_state=R ==> next_comm=unity-2d-shell next_pid=1645 next_prio=120
